 FingerStrokeAssistance_xpc

 Timestamp is 58b7316e (Wed Mar 01 12:39:10 2017)

 Preferred load address is 10000000

 Start         Length     Name                   Class
 0001:00000000 00040defH .text$mn                CODE
 0002:00000000 00000104H .CRT$XCA                DATA
 0002:00000104 00000104H .CRT$XCZ                DATA
 0002:00000208 00000104H .CRT$XIA                DATA
 0002:0000030c 00000118H .CRT$XIC                DATA
 0002:00000424 00000104H .CRT$XIZ                DATA
 0002:00000528 00000104H .CRT$XPA                DATA
 0002:0000062c 00000109H .CRT$XPX                DATA
 0002:00000738 00000104H .CRT$XPXA               DATA
 0002:0000083c 00000104H .CRT$XPZ                DATA
 0002:00000940 00000104H .CRT$XTA                DATA
 0002:00000a44 00000104H .CRT$XTZ                DATA
 0002:00000b50 00013f22H .rdata                  DATA
 0002:00014a74 000001c4H .rdata$debug            DATA
 0002:00014c40 0000010eH .rdata$sxdata           DATA
 0002:00014d50 00000104H .rtc$IAA                DATA
 0002:00014e54 00000104H .rtc$IZZ                DATA
 0002:00014f58 00000104H .rtc$TAA                DATA
 0002:0001505c 00000104H .rtc$TZZ                DATA
 0002:00015160 00000991H .xdata$x                DATA
 0002:00015b00 00000226H .edata                  DATA
 0003:00000000 00002e60H .data                   DATA
 0003:00002e60 00016584H .bss                    DATA
 0004:00000000 000001b0H .idata$5                DATA
 0004:000001b0 00000014H .idata$2                DATA
 0004:000001c4 00000014H .idata$3                DATA
 0004:000001d8 000001b0H .idata$4                DATA
 0004:00000388 0000076bH .idata$6                DATA

  Address         Publics by Value              Rva+Base       Lib:Object

 0000:00000000       ___guard_fids_count        00000000     <absolute>
 0000:00000000       ___guard_flags             00000000     <absolute>
 0000:00000000       __except_list              00000000     <absolute>
 0000:00000000       ___guard_fids_table        00000000     <absolute>
 0000:00000003       ___safe_se_handler_count   00000003     <absolute>
 0000:00000000       ___ImageBase               10000000     <linker-defined>
 0001:00000460       _FingerStrokeAssi_MATLABFunction 10001460 f   FingerStrokeAssistance.obj
 0001:000004c0       _FingerStrokeAssistance    100014c0 f   FingerStrokeAssistance.obj
 0001:00001680       _FingerStrokeAssistance_gainramp 10002680 f   FingerStrokeAssistance.obj
 0001:00004520       _MdlInitialize             10005520 f   FingerStrokeAssistance.obj
 0001:00004530       _MdlInitializeSampleTimes  10005530 f   FingerStrokeAssistance.obj
 0001:00004540       _MdlInitializeSizes        10005540 f   FingerStrokeAssistance.obj
 0001:00004550       _MdlOutputs                10005550 f   FingerStrokeAssistance.obj
 0001:00004560       _MdlStart                  10005560 f   FingerStrokeAssistance.obj
 0001:00004570       _MdlTerminate              10005570 f   FingerStrokeAssistance.obj
 0001:000045d0       _MdlUpdate                 100055d0 f   FingerStrokeAssistance.obj
 0001:000045e0       _rt_powd_snf               100055e0 f   FingerStrokeAssistance.obj
 0001:00004870       _rt_roundd_snf             10005870 f   FingerStrokeAssistance.obj
 0001:00004970       _FingerStrokeAssistance_GetCAPIStaticMap 10005970 f   FingerStrokeAssistance_capi.obj
 0001:00004980       _FingerStrokeAssistance_InitializeDataMapInfo 10005980 f   FingerStrokeAssistance_capi.obj
 0001:00004a10       _TgtConnBackgroundTask     10005a10 f   FingerStrokeAssistance_tgtconn.obj
 0001:00004a20       _TgtConnInit               10005a20 f   FingerStrokeAssistance_tgtconn.obj
 0001:00004a40       _TgtConnPostStep           10005a40 f   FingerStrokeAssistance_tgtconn.obj
 0001:00004a50       _TgtConnPreStep            10005a50 f   FingerStrokeAssistance_tgtconn.obj
 0001:00004a60       _TgtConnTerm               10005a60 f   FingerStrokeAssistance_tgtconn.obj
 0001:00004a70       _rtGetInf                  10005a70 f   rtGetInf.obj
 0001:00004aa0       _rtGetInfF                 10005aa0 f   rtGetInf.obj
 0001:00004ac0       _rtGetMinusInf             10005ac0 f   rtGetInf.obj
 0001:00004af0       _rtGetMinusInfF            10005af0 f   rtGetInf.obj
 0001:00004b10       _rtGetNaN                  10005b10 f   rtGetNaN.obj
 0001:00004b40       _rtGetNaNF                 10005b40 f   rtGetNaN.obj
 0001:00005470       _rt_CreateLogVar           10006470 f   rt_logging.obj
 0001:00005500       _rt_CreateLogVarWithConvert 10006500 f   rt_logging.obj
 0001:00005e80       _rt_CreateStructLogVar     10006e80 f   rt_logging.obj
 0001:00006bf0       _rt_GetMxIdFromDTypeId     10007bf0 f   rt_logging.obj
 0001:00006c20       _rt_GetMxIdFromDTypeIdForRSim 10007c20 f   rt_logging.obj
 0001:00009560       _rt_StartDataLogging       1000a560 f   rt_logging.obj
 0001:00009a20       _rt_StartDataLoggingWithStartTime 1000aa20 f   rt_logging.obj
 0001:0000a380       _rt_StopDataLogging        1000b380 f   rt_logging.obj
 0001:0000a3a0       _rt_StopDataLoggingImpl    1000b3a0 f   rt_logging.obj
 0001:0000a6c0       _rt_UpdateLogVar           1000b6c0 f   rt_logging.obj
 0001:0000ba80       _rt_UpdateStructLogVar     1000ca80 f   rt_logging.obj
 0001:0000bb10       _rt_UpdateTXXFYLogVars     1000cb10 f   rt_logging.obj
 0001:0000be50       _rt_UpdateTXYLogVars       1000ce50 f   rt_logging.obj
 0001:0000c0a0       _rt_CleanUpForStateLogWithMMI 1000d0a0 f   rt_logging_mmi.obj
 0001:0000c1b0       _rt_FillStateSigInfoFromMMI 1000d1b0 f   rt_logging_mmi.obj
 0001:0000c560       _rt_mxCreateCharMatrixFromStrings 1000d560 f   rt_matrx.obj
 0001:0000c6b0       _rt_mxCreateDoubleMatrix   1000d6b0 f   rt_matrx.obj
 0001:0000c710       _rt_mxCreateNumericArray   1000d710 f   rt_matrx.obj
 0001:0000c790       _rt_mxCreateString         1000d790 f   rt_matrx.obj
 0001:0000c820       _rt_mxDuplicateArray       1000d820 f   rt_matrx.obj
 0001:0000c880       _rt_mxGetDimensions        1000d880 f   rt_matrx.obj
 0001:0000c8c0       _rt_mxGetEps               1000d8c0 f   rt_matrx.obj
 0001:0000c8d0       _rt_mxGetString            1000d8d0 f   rt_matrx.obj
 0001:0000c950       _rtIsInf                   1000d950 f   rt_nonfinite.obj
 0001:0000c990       _rtIsInfF                  1000d990 f   rt_nonfinite.obj
 0001:0000c9d0       _rtIsNaN                   1000d9d0 f   rt_nonfinite.obj
 0001:0000c9f0       _rtIsNaNF                  1000d9f0 f   rt_nonfinite.obj
 0001:0000ca10       _rt_InitInfAndNaN          1000da10 f   rt_nonfinite.obj
 0001:0000ca70       _rtPrintfNoOp              1000da70 f   rt_printf.obj
 0001:0000ca80       _rt_ZCFcn                  1000da80 f   rt_zcfcn.obj
 0001:0000cb40       _rtwCAPI_CountSysRan       1000db40 f   rtw_modelmap_utils.obj
 0001:0000cbe0       _rtwCAPI_EncodePath        1000dbe0 f   rtw_modelmap_utils.obj
 0001:0000ccd0       _rtwCAPI_FillSysRan        1000dcd0 f   rtw_modelmap_utils.obj
 0001:0000cdc0       _rtwCAPI_FreeFullPaths     1000ddc0 f   rtw_modelmap_utils.obj
 0001:0000ce50       _rtwCAPI_GetFullStateBlockPath 1000de50 f   rtw_modelmap_utils.obj
 0001:0000d000       _rtwCAPI_GetNumContStateRecords 1000e000 f   rtw_modelmap_utils.obj
 0001:0000d0c0       _rtwCAPI_GetNumSigLogRecords 1000e0c0 f   rtw_modelmap_utils.obj
 0001:0000d110       _rtwCAPI_GetNumSigLogRecordsForRTWLogging 1000e110 f   rtw_modelmap_utils.obj
 0001:0000d1a0       _rtwCAPI_GetNumStateRecords 1000e1a0 f   rtw_modelmap_utils.obj
 0001:0000d1f0       _rtwCAPI_GetNumStateRecordsForRTWLogging 1000e1f0 f   rtw_modelmap_utils.obj
 0001:0000d280       _rtwCAPI_GetSigAddrFromMap 1000e280 f   rtw_modelmap_utils.obj
 0001:0000d340       _rtwCAPI_GetSigLogRecordInfo 1000e340 f   rtw_modelmap_utils.obj
 0001:0000d770       _rtwCAPI_GetStateRecordInfo 1000e770 f   rtw_modelmap_utils.obj
 0001:0000dc20       _rtwCAPI_GetStateWidth     1000ec20 f   rtw_modelmap_utils.obj
 0001:0000dc80       _rtwCAPI_HasStates         1000ec80 f   rtw_modelmap_utils.obj
 0001:0000dcf0       _rtwCAPI_UpdateFullPaths   1000ecf0 f   rtw_modelmap_utils.obj
 0001:0000ded0       _DllMain@12                1000eed0 f   xpctarget.obj
 0001:0000dee0       _FingerStrokeAssistance_ChangeStepSize 1000eee0 f   xpctarget.obj
 0001:0000df30       _SLRTSetErrorStatus        1000ef30 f   xpctarget.obj
 0001:0000df50       _changeStepSize            1000ef50 f   xpctarget.obj
 0001:0000dfa0       _getDLMVersion             1000efa0 f   xpctarget.obj
 0001:0000dfb0       _getRefMdlPath             1000efb0 f   xpctarget.obj
 0001:0000e030       _getRefMdlSignalNumber     1000f030 f   xpctarget.obj
 0001:0000e0e0       _getrlmdlinfo              1000f0e0 f   xpctarget.obj
 0001:0000e2c0       _updateDiscreteEvents      1000f2c0 f   xpctarget.obj
 0001:0000e2d0       _getNumRef                 1000f2d0 f   appmappingData.obj
 0001:0000e2e0       _encnipcim                 1000f2e0 f   encnipcim.obj
 0001:0000e910       _danipcim                  1000f910 f   danipcim.obj
 0001:0000f0b0       _adnipcim                  100100b0 f   adnipcim.obj
 0001:0000fae0       _niMIdentify               10010ae0 f   xpcionim.obj
 0001:0000fc60       _niM_AISetup               10010c60 f   xpcionim.obj
 0001:00010070       _niM_AO_Setup              10011070 f   xpcionim.obj
 0001:00010200       _niM_Cont_Pulse_Train_Generation 10011200 f   xpcionim.obj
 0001:00010340       _niM_Counter_Reset_All     10011340 f   xpcionim.obj
 0001:000103f0       _niM_CtrArm                100113f0 f   xpcionim.obj
 0001:00010410       _niM_CtrDisarm             10011410 f   xpcionim.obj
 0001:00010430       _niM_CtrReadArm            10011430 f   xpcionim.obj
 0001:00010450       _niM_CtrReadDisarm         10011450 f   xpcionim.obj
 0001:00010470       _niM_PeriodConfigure       10011470 f   xpcionim.obj
 0001:000105e0       _niM_Private_Data          100115e0 f   xpcionim.obj
 0001:00010bc0       _niM_SetPFIFilter          10011bc0 f   xpcionim.obj
 0001:00010c40       _niM_SetPFI_DO             10011c40 f   xpcionim.obj
 0001:00010c90       _niM_SetPFI_Select         10011c90 f   xpcionim.obj
 0001:00010d10       _niM_aiConfigureChannel    10011d10 f   xpcionim.obj
 0001:00010d80       _niM_aiGetScalingCoefficients 10011d80 f   xpcionim.obj
 0001:00010f60       _niM_aiPolynomialScaler    10011f60 f   xpcionim.obj
 0001:00011080       _niM_analogTriggerReset    10012080 f   xpcionim.obj
 0001:000110d0       _niM_aoConfigureDAC        100120d0 f   xpcionim.obj
 0001:00011120       _niM_aoGetScalingCoefficients 10012120 f   xpcionim.obj
 0001:000111d0       _niM_aoLinearScaler        100121d0 f   xpcionim.obj
 0001:00011200       _niM_configureTimebase     10012200 f   xpcionim.obj
 0001:00011220       _niM_eepromReadMSeries     10012220 f   xpcionim.obj
 0001:000112f0       _niM_pllReset              100122f0 f   xpcionim.obj
 0001:00011320       _niM_resetCtr              10012320 f   xpcionim.obj
 0001:00011340       _niM_whichBank             10012340 f   xpcionim.obj
 0001:00011380       _niMconfig                 10012380 f   xpcionim.obj
 0001:00011420       _GetPCIDeviceFull          10012420 f   xpcruntime:xpcimports.obj
 0001:00011450       _ShowPCIDevice             10012450 f   xpcruntime:xpcimports.obj
 0001:00011ac0       _xpcGetPciConfigAtSlot     10012ac0 f   xpcruntime:xpcimports.obj
 0001:00011d40       _xpcInitProcs              10012d40 f   xpcruntime:xpcimports.obj
 0001:000128a0       _xpceuploadevent           100138a0 f   xpcruntime:xpcimports.obj
 0001:000128a1       __heap_alloc               100138a1 f i LIBCMT:malloc.obj
 0001:000128de       _malloc                    100138de f   LIBCMT:malloc.obj
 0001:00012970       __get_printf_count_output  10013970 f   LIBCMT:printf.obj
 0001:00012985       __printf_l                 10013985 f   LIBCMT:printf.obj
 0001:0001299c       __printf_p                 1001399c f   LIBCMT:printf.obj
 0001:000129b2       __printf_p_l               100139b2 f   LIBCMT:printf.obj
 0001:000129c9       __printf_s_l               100139c9 f   LIBCMT:printf.obj
 0001:000129e0       __set_printf_count_output  100139e0 f   LIBCMT:printf.obj
 0001:00012a08       _printf                    10013a08 f   LIBCMT:printf.obj
 0001:00012ab7       _printf_s                  10013ab7 f   LIBCMT:printf.obj
 0001:00012acd       ___libm_sse2_pow           10013acd f   LIBCMT:pow_sse2.obj
 0001:00013550       _ceil                      10014550 f   LIBCMT:ceil_pentium4.obj
 0001:00013590       __ceil_pentium4            10014590 f   LIBCMT:ceil_pentium4.obj
 0001:00013670       _memset                    10014670 f   LIBCMT:memset.obj
 0001:00013700       __fpmath                   10014700 f   LIBCMT:fpinit.obj
 0001:00013717       ___setfflag                10014717 f   LIBCMT:fpinit.obj
 0001:0001372a       __cfltcvt_init             1001472a f   LIBCMT:fpinit.obj
 0001:0001378a       ___raise_securityfailure   1001478a f   LIBCMT:gs_report.obj
 0001:000137c7       ___report_gsfailure        100147c7 f   LIBCMT:gs_report.obj
 0001:000138c2       ___report_rangecheckfailure 100148c2 f   LIBCMT:gs_report.obj
 0001:000138ce       ___report_securityfailure  100148ce f   LIBCMT:gs_report.obj
 0001:0001399e       ___report_securityfailureEx 1001499e f   LIBCMT:gs_report.obj
 0001:00013ab4       ___copy_path_to_wide_string 10014ab4 f   LIBCMT:crt0dat.obj
 0001:00013b66       ___copy_to_char            10014b66 f   LIBCMT:crt0dat.obj
 0001:00013c1b       ___crtCorExitProcess       10014c1b f   LIBCMT:crt0dat.obj
 0001:00013c4f       ___crtExitProcess          10014c4f f   LIBCMT:crt0dat.obj
 0001:00013c65       ___freeCrtMemory           10014c65 f   LIBCMT:crt0dat.obj
 0001:00013d72       __amsg_exit                10014d72 f   LIBCMT:crt0dat.obj
 0001:00013d8e       __c_exit                   10014d8e f   LIBCMT:crt0dat.obj
 0001:00013d9d       __cexit                    10014d9d f   LIBCMT:crt0dat.obj
 0001:00013dac       __cinit                    10014dac f   LIBCMT:crt0dat.obj
 0001:00013e30       __exit                     10014e30 f   LIBCMT:crt0dat.obj
 0001:00013e44       __exit_app                 10014e44 f   LIBCMT:crt0dat.obj
 0001:00013e52       __get_pgmptr               10014e52 f   LIBCMT:crt0dat.obj
 0001:00013e81       __get_wpgmptr              10014e81 f   LIBCMT:crt0dat.obj
 0001:00013eb0       __init_pointers            10014eb0 f   LIBCMT:crt0dat.obj
 0001:00013f1e       __initterm_e               10014f1e f   LIBCMT:crt0dat.obj
 0001:00013f40       __lockexit                 10014f40 f   LIBCMT:crt0dat.obj
 0001:00013f49       __unlockexit               10014f49 f   LIBCMT:crt0dat.obj
 0001:00014081       _exit                      10015081 f   LIBCMT:crt0dat.obj
 0001:00014095       _calloc                    10015095 f   LIBCMT:calloc.obj
 0001:000140d5       _free                      100150d5 f   LIBCMT:free.obj
 0001:0001410d       _realloc                   1001510d f   LIBCMT:realloc.obj
 0001:000141c0       _memmove                   100151c0 f   LIBCMT:memmove.obj
 0001:00014810       _strchr                    10015810 f   LIBCMT:strchr.obj
 0001:0001487e       ___from_strstr_to_strchr   1001587e     LIBCMT:strchr.obj
 0001:00014940       _strncat                   10015940 f   LIBCMT:strncat.obj
 0001:00014a80       _strncpy                   10015a80 f   LIBCMT:strncpy.obj
 0001:00014ba4       ___initstdio               10015ba4 f   LIBCMT:_file.obj
 0001:00014c17       ___endstdio                10015c17 f   LIBCMT:_file.obj
 0001:00014c3e       ___iob_func                10015c3e f   LIBCMT:_file.obj
 0001:00014c44       __lock_file                10015c44 f   LIBCMT:_file.obj
 0001:00014c83       __lock_file2               10015c83 f   LIBCMT:_file.obj
 0001:00014cb3       __unlock_file              10015cb3 f   LIBCMT:_file.obj
 0001:00014ced       __unlock_file2             10015ced f   LIBCMT:_file.obj
 0001:00014d1a       __fclose_nolock            10015d1a f   LIBCMT:fclose.obj
 0001:00014d86       _fclose                    10015d86 f   LIBCMT:fclose.obj
 0001:00014dfd       __fsopen                   10015dfd f   LIBCMT:fopen.obj
 0001:00014ec1       _fopen                     10015ec1 f   LIBCMT:fopen.obj
 0001:00014ed6       _fopen_s                   10015ed6 f   LIBCMT:fopen.obj
 0001:00014f1b       __fprintf_l                10015f1b f   LIBCMT:fprintf.obj
 0001:00014f35       __fprintf_p                10015f35 f   LIBCMT:fprintf.obj
 0001:00014f4e       __fprintf_p_l              10015f4e f   LIBCMT:fprintf.obj
 0001:00014f68       __fprintf_s_l              10015f68 f   LIBCMT:fprintf.obj
 0001:00014f82       _fprintf                   10015f82 f   LIBCMT:fprintf.obj
 0001:00015094       _fprintf_s                 10016094 f   LIBCMT:fprintf.obj
 0001:000150ad       __fread_nolock             100160ad f   LIBCMT:fread.obj
 0001:000150c8       __fread_nolock_s           100160c8 f   LIBCMT:fread.obj
 0001:0001528d       _fread                     1001628d f   LIBCMT:fread.obj
 0001:000152a8       _fread_s                   100162a8 f   LIBCMT:fread.obj
 0001:00015339       __fwrite_nolock            10016339 f   LIBCMT:fwrite.obj
 0001:00015492       _fwrite                    10016492 f   LIBCMT:fwrite.obj
 0001:00015514       __unlink                   10016514 f   LIBCMT:unlink.obj
 0001:0001551d       _remove                    1001651d f   LIBCMT:unlink.obj
 0001:0001555f       _rewind                    1001655f f   LIBCMT:rewind.obj
 0001:0001561e       __scprintf                 1001661e f   LIBCMT:sprintf.obj
 0001:00015631       __scprintf_l               10016631 f   LIBCMT:sprintf.obj
 0001:00015648       __scprintf_p               10016648 f   LIBCMT:sprintf.obj
 0001:0001565b       __scprintf_p_l             1001665b f   LIBCMT:sprintf.obj
 0001:00015672       __snprintf_s               10016672 f   LIBCMT:sprintf.obj
 0001:00015691       __snprintf_s_l             10016691 f   LIBCMT:sprintf.obj
 0001:000156b1       __sprintf_l                100166b1 f   LIBCMT:sprintf.obj
 0001:000156cb       __sprintf_p                100166cb f   LIBCMT:sprintf.obj
 0001:000156e7       __sprintf_p_l              100166e7 f   LIBCMT:sprintf.obj
 0001:00015704       __sprintf_s_l              10016704 f   LIBCMT:sprintf.obj
 0001:00015721       _sprintf                   10016721 f   LIBCMT:sprintf.obj
 0001:000157a5       _sprintf_s                 100167a5 f   LIBCMT:sprintf.obj
 0001:000157c1       _ldexp                     100167c1 f   LIBCMT:ldexp.obj
 0001:000159ad       @__security_check_cookie@4 100169ad f   LIBCMT:secchk.obj
 0001:000159c0       __ftoui3                   100169c0 f   LIBCMT:ftol3.obj
 0001:000159cf       __ftoul3                   100169cf f   LIBCMT:ftol3.obj
 0001:000159de       __ftol3                    100169de f   LIBCMT:ftol3.obj
 0001:000159eb       __ftol3_NaN                100169eb f   LIBCMT:ftol3.obj
 0001:00015a03       __ftol3_work               10016a03 f   LIBCMT:ftol3.obj
 0001:00015a89       __ftol3_common             10016a89 f   LIBCMT:ftol3.obj
 0001:00015b4b       __ftol3_arg_error          10016b4b f   LIBCMT:ftol3.obj
 0001:00015b5d       __ftol3_except             10016b5d f   LIBCMT:ftol3.obj
 0001:00015b9f       __dtoui3                   10016b9f f   LIBCMT:ftol3.obj
 0001:00015bae       __dtoul3                   10016bae f   LIBCMT:ftol3.obj
 0001:00015bbd       __dtol3                    10016bbd f   LIBCMT:ftol3.obj
 0001:00015bca       __dtol3_NaN                10016bca f   LIBCMT:ftol3.obj
 0001:00015be7       __dtol3_work               10016be7 f   LIBCMT:ftol3.obj
 0001:00015ccc       __ultod3                   10016ccc f   LIBCMT:ftol3.obj
 0001:00015d5d       __ltod3                    10016d5d f   LIBCMT:ftol3.obj
 0001:00015d90       _memcpy                    10016d90 f   LIBCMT:memcpy.obj
 0001:000163d4       ___isa_available_init      100173d4 f   LIBCMT:cpu_disp.obj
 0001:0001654d       __invoke_watson_if_error   1001754d f i LIBCMT:wassert.obj
 0001:0001656d       __wassert                  1001756d f   LIBCMT:wassert.obj
 0001:00016c11       __CRT_INIT@12              10017c11 f   LIBCMT:dllcrt0.obj
 0001:00016d83       __DllMainCRTStartup@12     10017d83 f   LIBCMT:dllcrt0.obj
 0001:00016eb4       ___DllXcptFilter           10017eb4 f   LIBCMT:dllcrt0.obj
 0001:00016ed9       ?_query_new_handler@@YAP6AHI@ZXZ 10017ed9 f   LIBCMT:handler.obj
 0001:00016ee6       ?_set_new_handler@@YAP6AHI@ZH@Z 10017ee6 f   LIBCMT:handler.obj
 0001:00016eef       ?_set_new_handler@@YAP6AHI@ZP6AHI@Z@Z 10017eef f   LIBCMT:handler.obj
 0001:00016f24       __callnewh                 10017f24 f   LIBCMT:handler.obj
 0001:00016f4a       __initp_heap_handler       10017f4a f   LIBCMT:handler.obj
 0001:00016f57       __FF_MSGBANNER             10017f57 f   LIBCMT:crt0msg.obj
 0001:00016f90       __GET_RTERRMSG             10017f90 f   LIBCMT:crt0msg.obj
 0001:00016fb4       __NMSG_WRITE               10017fb4 f   LIBCMT:crt0msg.obj
 0001:00017171       ___doserrno                10018171 f   LIBCMT:dosmap.obj
 0001:00017184       __dosmaperr                10018184 f   LIBCMT:dosmap.obj
 0001:000171a5       __errno                    100181a5 f   LIBCMT:dosmap.obj
 0001:000171b8       __get_doserrno             100181b8 f   LIBCMT:dosmap.obj
 0001:000171db       __get_errno                100181db f   LIBCMT:dosmap.obj
 0001:000171fe       __get_errno_from_oserr     100181fe f   LIBCMT:dosmap.obj
 0001:0001723f       __set_doserrno             1001823f f   LIBCMT:dosmap.obj
 0001:0001725e       __set_errno                1001825e f   LIBCMT:dosmap.obj
 0001:0001727d       __get_heap_handle          1001827d f   LIBCMT:heapinit.obj
 0001:00017283       __heap_init                10018283 f   LIBCMT:heapinit.obj
 0001:00017298       __heap_term                10018298 f   LIBCMT:heapinit.obj
 0001:000172a0       ?_invalid_parameter@@YAXPBG00II@Z 100182a0 f   LIBCMT:invarg.obj
 0001:000172a5       ?_invoke_watson@@YAXPBG00II@Z 100182a5 f   LIBCMT:invarg.obj
 0001:000172bd       __call_reportfault         100182bd f   LIBCMT:invarg.obj
 0001:000173e2       __get_invalid_parameter_handler 100183e2 f   LIBCMT:invarg.obj
 0001:000173ef       __initp_misc_invarg        100183ef f   LIBCMT:invarg.obj
 0001:000173fc       __invalid_parameter        100183fc f   LIBCMT:invarg.obj
 0001:00017427       __invalid_parameter_noinfo 10018427 f   LIBCMT:invarg.obj
 0001:00017437       __invalid_parameter_noinfo_noreturn 10018437 f   LIBCMT:invarg.obj
 0001:00017452       __invoke_watson            10018452 f   LIBCMT:invarg.obj
 0001:0001747d       __set_invalid_parameter_handler 1001847d f   LIBCMT:invarg.obj
 0001:000174a2       __vprintf_l                100184a2 f   LIBCMT:vprintf.obj
 0001:000174bd       __vprintf_p                100184bd f   LIBCMT:vprintf.obj
 0001:000174d7       __vprintf_p_l              100184d7 f   LIBCMT:vprintf.obj
 0001:000174f2       __vprintf_s_l              100184f2 f   LIBCMT:vprintf.obj
 0001:0001750d       _vprintf                   1001850d f   LIBCMT:vprintf.obj
 0001:00017527       _vprintf_helper            10018527 f   LIBCMT:vprintf.obj
 0001:000175b4       _vprintf_s                 100185b4 f   LIBCMT:vprintf.obj
 0001:000175ce       __ftbuf                    100185ce f   LIBCMT:_sftbuf.obj
 0001:000175ff       __stbuf                    100185ff f   LIBCMT:_sftbuf.obj
 0001:000176a5       ??0_LocaleUpdate@@QAE@PAUlocaleinfo_struct@@@Z 100186a5 f i LIBCMT:output.obj
 0001:0001772d       ??1_LocaleUpdate@@QAE@XZ   1001872d f i LIBCMT:output.obj
 0001:0001773b       ?GetLocaleT@_LocaleUpdate@@QAEPAUlocaleinfo_struct@@XZ 1001873b f i LIBCMT:output.obj
 0001:0001773e       __output_l                 1001873e f   LIBCMT:output.obj
 0001:000182be       _get_int64_arg             100192be f i LIBCMT:output.obj
 0001:000182d1       _get_int_arg               100192d1 f i LIBCMT:output.obj
 0001:000182e1       _get_short_arg             100192e1 f i LIBCMT:output.obj
 0001:000183e0       __SEH_prolog4              100193e0 f   LIBCMT:sehprolg4.obj
 0001:00018425       __SEH_epilog4              10019425 f   LIBCMT:sehprolg4.obj
 0001:00018480       __except_handler4          10019480 f   LIBCMT:chandler4.obj
 0001:00018614       ___libm_error_support      10019614 f   LIBCMT:libm_error.obj
 0001:000188fc       ___libm_setusermatherr     100198fc f   LIBCMT:libm_error.obj
 0001:00018928       __sse2_mathfcns_init       10019928 f   LIBCMT:mathfcns.obj
 0001:00018937       __set_SSE2_enable          10019937 f   LIBCMT:mathfcns.obj
 0001:00018956       __ceil_default             10019956 f   LIBCMT:ceil.obj
 0001:00018a2d       __VEC_memset               10019a2d f   LIBCMT:p4_memset.obj
 0001:00018af5       ?strrchr@@YAPADPADH@Z      10019af5 f i LIBCMT:cvt.obj
 0001:00018afe       __cfltcvt                  10019afe f   LIBCMT:cvt.obj
 0001:00018b1f       __cfltcvt_l                10019b1f f   LIBCMT:cvt.obj
 0001:00018ba5       __cftoa                    10019ba5 f   LIBCMT:cvt.obj
 0001:00018bc3       __cftoa_l                  10019bc3 f   LIBCMT:cvt.obj
 0001:00018f1f       __cftoe                    10019f1f f   LIBCMT:cvt.obj
 0001:0001908e       __cftoe_l                  1001a08e f   LIBCMT:cvt.obj
 0001:0001915c       __cftof                    1001a15c f   LIBCMT:cvt.obj
 0001:00019263       __cftof_l                  1001a263 f   LIBCMT:cvt.obj
 0001:00019324       __cftog                    1001a324 f   LIBCMT:cvt.obj
 0001:00019342       __cftog_l                  1001a342 f   LIBCMT:cvt.obj
 0001:00019441       __cropzeros                1001a441 f   LIBCMT:cvt.obj
 0001:00019452       __cropzeros_l              1001a452 f   LIBCMT:cvt.obj
 0001:000194d2       __fassign                  1001a4d2 f   LIBCMT:cvt.obj
 0001:000194ea       __fassign_l                1001a4ea f   LIBCMT:cvt.obj
 0001:0001952c       __forcdecpt                1001a52c f   LIBCMT:cvt.obj
 0001:0001953d       __forcdecpt_l              1001a53d f   LIBCMT:cvt.obj
 0001:000195b1       __positive                 1001a5b1 f   LIBCMT:cvt.obj
 0001:000195f3       __setdefaultprecision      1001a5f3 f   LIBCMT:fp8.obj
 0001:0001961a       __initp_misc_cfltcvt_tab   1001a61a f   LIBCMT:cmiscdat.obj
 0001:00019639       __crt_debugger_hook        1001a639 f   LIBCMT:dbghook.obj
 0001:0001966e       ___crtCloseThreadpoolTimer 1001a66e f   LIBCMT:winapisupp.obj
 0001:00019685       ___crtCloseThreadpoolWait  1001a685 f   LIBCMT:winapisupp.obj
 0001:0001969c       ___crtCreateEventExW       1001a69c f   LIBCMT:winapisupp.obj
 0001:000196d7       ___crtCreateSemaphoreExW   1001a6d7 f   LIBCMT:winapisupp.obj
 0001:00019711       ___crtCreateSymbolicLinkW  1001a711 f   LIBCMT:winapisupp.obj
 0001:0001973a       ___crtCreateThreadpoolTimer 1001a73a f   LIBCMT:winapisupp.obj
 0001:0001975b       ___crtCreateThreadpoolWait 1001a75b f   LIBCMT:winapisupp.obj
 0001:0001977c       ___crtFlsAlloc             1001a77c f   LIBCMT:winapisupp.obj
 0001:0001979a       ___crtFlsFree              1001a79a f   LIBCMT:winapisupp.obj
 0001:000197b9       ___crtFlsGetValue          1001a7b9 f   LIBCMT:winapisupp.obj
 0001:000197d8       ___crtFlsSetValue          1001a7d8 f   LIBCMT:winapisupp.obj
 0001:000197fa       ___crtFlushProcessWriteBuffers 1001a7fa f   LIBCMT:winapisupp.obj
 0001:0001980a       ___crtFreeLibraryWhenCallbackReturns 1001a80a f   LIBCMT:winapisupp.obj
 0001:00019824       ___crtGetCurrentProcessorNumber 1001a824 f   LIBCMT:winapisupp.obj
 0001:00019836       ___crtGetFileInformationByHandleEx 1001a836 f   LIBCMT:winapisupp.obj
 0001:00019862       ___crtGetLogicalProcessorInformation 1001a862 f   LIBCMT:winapisupp.obj
 0001:00019888       ___crtGetShowWindowMode    1001a888 f   LIBCMT:winapisupp.obj
 0001:000198ab       ___crtGetTickCount64       1001a8ab f   LIBCMT:winapisupp.obj
 0001:000198c3       ___crtInitializeCriticalSectionEx 1001a8c3 f   LIBCMT:winapisupp.obj
 0001:000198f1       ___crtIsPackagedApp        1001a8f1 f   LIBCMT:winapisupp.obj
 0001:00019931       ___crtLoadWinApiPointers   1001a931 f   LIBCMT:winapisupp.obj
 0001:00019bbc       ___crtSetFileInformationByHandle 1001abbc f   LIBCMT:winapisupp.obj
 0001:00019be8       ___crtSetThreadStackGuarantee 1001abe8 f   LIBCMT:winapisupp.obj
 0001:00019c03       ___crtSetThreadpoolTimer   1001ac03 f   LIBCMT:winapisupp.obj
 0001:00019c23       ___crtSetThreadpoolWait    1001ac23 f   LIBCMT:winapisupp.obj
 0001:00019c40       ___crtSetUnhandledExceptionFilter 1001ac40 f   LIBCMT:winapisupp.obj
 0001:00019c4e       ___crtSleep                1001ac4e f   LIBCMT:winapisupp.obj
 0001:00019c5c       ___crtTerminateProcess     1001ac5c f   LIBCMT:winapisupp.obj
 0001:00019c71       ___crtUnhandledException   1001ac71 f   LIBCMT:winapisupp.obj
 0001:00019c87       ___crtWaitForThreadpoolTimerCallbacks 1001ac87 f   LIBCMT:winapisupp.obj
 0001:00019ca1       __RTC_Initialize           1001aca1 f   LIBCMT:initsect.obj
 0001:00019cc1       __RTC_Terminate            1001acc1 f   LIBCMT:initsect.obj
 0001:00019ce1       __lock                     1001ace1 f   LIBCMT:mlock.obj
 0001:00019d15       __lockerr_exit             1001ad15 f   LIBCMT:mlock.obj
 0001:00019d35       __mtdeletelocks            1001ad35 f   LIBCMT:mlock.obj
 0001:00019d89       __mtinitlocknum            1001ad89 f   LIBCMT:mlock.obj
 0001:00019e32       __mtinitlocks              1001ae32 f   LIBCMT:mlock.obj
 0001:00019e6b       __unlock                   1001ae6b f   LIBCMT:mlock.obj
 0001:00019e80       __FindPESection            1001ae80 f   LIBCMT:pesect.obj
 0001:00019ed0       __IsNonwritableInCurrentImage 1001aed0 f   LIBCMT:pesect.obj
 0001:00019f90       __ValidateImageBase        1001af90 f   LIBCMT:pesect.obj
 0001:00019fc1       ___onexitinit              1001afc1 f   LIBCMT:onexit.obj
 0001:00019ff0       __onexit                   1001aff0 f   LIBCMT:onexit.obj
 0001:0001a0ec       _atexit                    1001b0ec f   LIBCMT:onexit.obj
 0001:0001a101       __calloc_crt               1001b101 f   LIBCMT:crtheap.obj
 0001:0001a149       __malloc_crt               1001b149 f   LIBCMT:crtheap.obj
 0001:0001a190       __realloc_crt              1001b190 f   LIBCMT:crtheap.obj
 0001:0001a1da       __recalloc_crt             1001b1da f   LIBCMT:crtheap.obj
 0001:0001a228       __set_malloc_crt_max_wait  1001b228 f   LIBCMT:crtheap.obj
 0001:0001a23b       _wait_a_bit                1001b23b f i LIBCMT:crtheap.obj
 0001:0001a25f       ?_inconsistency@@YAXXZ     1001b25f f   LIBCMT:hooks.obj
 0001:0001a297       ?terminate@@YAXXZ          1001b297 f   LIBCMT:hooks.obj
 0001:0001a2cb       ?unexpected@@YAXXZ         1001b2cb f   LIBCMT:hooks.obj
 0001:0001a2de       __initp_eh_hooks           1001b2de f   LIBCMT:hooks.obj
 0001:0001a2ef       ___getlocaleinfo           1001b2ef f   LIBCMT:inithelp.obj
 0001:0001a4c8       __initp_misc_purevirt      1001b4c8 f   LIBCMT:inithelp.obj
 0001:0001a4d5       ___fpecode                 1001b4d5 f   LIBCMT:winsig.obj
 0001:0001a4de       ___get_sigabrt             1001b4de f   LIBCMT:winsig.obj
 0001:0001a4eb       ___pxcptinfoptrs           1001b4eb f   LIBCMT:winsig.obj
 0001:0001a4f4       __initp_misc_winsig        1001b4f4 f   LIBCMT:winsig.obj
 0001:0001a5b5       _raise                     1001b5b5 f   LIBCMT:winsig.obj
 0001:0001a7aa       _signal                    1001b7aa f   LIBCMT:winsig.obj
 0001:0001aa01       __initp_misc_rand_s        1001ba01 f   LIBCMT:rand_s.obj
 0001:0001aa0e       _rand_s                    1001ba0e f   LIBCMT:rand_s.obj
 0001:0001ab14       ___initmbctable            1001bb14 f   LIBCMT:mbctype.obj
 0001:0001adcb       ___updatetmbcinfo          1001bdcb f   LIBCMT:mbctype.obj
 0001:0001ae71       __getmbcp                  1001be71 f   LIBCMT:mbctype.obj
 0001:0001aea2       __setmbcp                  1001bea2 f   LIBCMT:mbctype.obj
 0001:0001b04a       __setmbcp_nolock           1001c04a f   LIBCMT:mbctype.obj
 0001:0001b235       __calloc_impl              1001c235 f   LIBCMT:calloc_impl.obj
 0001:0001b2af       __fcloseall                1001c2af f   LIBCMT:closeall.obj
 0001:0001b34c       __fflush_nolock            1001c34c f   LIBCMT:fflush.obj
 0001:0001b392       __flush                    1001c392 f   LIBCMT:fflush.obj
 0001:0001b3f6       __flushall                 1001c3f6 f   LIBCMT:fflush.obj
 0001:0001b3ff       _fflush                    1001c3ff f   LIBCMT:fflush.obj
 0001:0001b53c       __fileno                   1001c53c f   LIBCMT:fileno.obj
 0001:0001b560       __close                    1001c560 f   LIBCMT:close.obj
 0001:0001b63b       __close_nolock             1001c63b f   LIBCMT:close.obj
 0001:0001b6d5       __freebuf                  1001c6d5 f   LIBCMT:_freebuf.obj
 0001:0001b705       __getstream                1001c705 f   LIBCMT:stream.obj
 0001:0001b824       __openfile                 1001c824 f   LIBCMT:_open.obj
 0001:0001baa0       __local_unwind4            1001caa0 f   LIBCMT:exsup4.obj
 0001:0001bb76       __seh_longjmp_unwind4@4    1001cb76 f   LIBCMT:exsup4.obj
 0001:0001bb92       @_EH4_CallFilterFunc@8     1001cb92 f   LIBCMT:exsup4.obj
 0001:0001bba9       @_EH4_TransferToHandler@8  1001cba9 f   LIBCMT:exsup4.obj
 0001:0001bbc2       @_EH4_GlobalUnwind2@8      1001cbc2 f   LIBCMT:exsup4.obj
 0001:0001bbdb       @_EH4_LocalUnwind@16       1001cbdb f   LIBCMT:exsup4.obj
 0001:0001bbf2       __vfprintf_l               1001cbf2 f   LIBCMT:vfprintf.obj
 0001:0001bc10       __vfprintf_p               1001cc10 f   LIBCMT:vfprintf.obj
 0001:0001bc2d       __vfprintf_p_l             1001cc2d f   LIBCMT:vfprintf.obj
 0001:0001bc4b       __vfprintf_s_l             1001cc4b f   LIBCMT:vfprintf.obj
 0001:0001bc69       _vfprintf                  1001cc69 f   LIBCMT:vfprintf.obj
 0001:0001bc86       _vfprintf_helper           1001cc86 f   LIBCMT:vfprintf.obj
 0001:0001bd97       _vfprintf_s                1001cd97 f   LIBCMT:vfprintf.obj
 0001:0001bdb4       __ioinit                   1001cdb4 f   LIBCMT:ioinit.obj
 0001:0001c068       __ioterm                   1001d068 f   LIBCMT:ioinit.obj
 0001:0001c0ba       __filbuf                   1001d0ba f   LIBCMT:_filbuf.obj
 0001:0001c1db       _memcpy_s                  1001d1db f   LIBCMT:memcpy_s.obj
 0001:0001c25a       __read                     1001d25a f   LIBCMT:read.obj
 0001:0001c36e       __read_nolock              1001d36e f   LIBCMT:read.obj
 0001:0001caff       __flsbuf                   1001daff f   LIBCMT:_flsbuf.obj
 0001:0001cc4e       __write                    1001dc4e f   LIBCMT:write.obj
 0001:0001cd3d       __write_nolock             1001dd3d f   LIBCMT:write.obj
 0001:0001d5a2       __wremove                  1001e5a2 f   LIBCMT:wunlink.obj
 0001:0001d5d0       __wunlink                  1001e5d0 f   LIBCMT:wunlink.obj
 0001:0001d5d9       __lseek                    1001e5d9 f   LIBCMT:lseek.obj
 0001:0001d6c8       __lseek_nolock             1001e6c8 f   LIBCMT:lseek.obj
 0001:0001d76f       __vscprintf                1001e76f f   LIBCMT:vsprintf.obj
 0001:0001d789       __vscprintf_helper         1001e789 f   LIBCMT:vsprintf.obj
 0001:0001d7e5       __vscprintf_l              1001e7e5 f   LIBCMT:vsprintf.obj
 0001:0001d800       __vscprintf_p              1001e800 f   LIBCMT:vsprintf.obj
 0001:0001d81a       __vscprintf_p_l            1001e81a f   LIBCMT:vsprintf.obj
 0001:0001d835       __vsprintf_l               1001e835 f   LIBCMT:vsprintf.obj
 0001:0001d8b9       _vsprintf                  1001e8b9 f   LIBCMT:vsprintf.obj
 0001:0001d8d1       __vsnprintf_c              1001e8d1 f   LIBCMT:vsnprnc.obj
 0001:0001d8f8       __vsnprintf_c_l            1001e8f8 f   LIBCMT:vsnprnc.obj
 0001:0001d920       __vsnprintf_helper         1001e920 f   LIBCMT:vsnprnc.obj
 0001:0001d9ea       __vsnprintf_s              1001e9ea f   LIBCMT:vsnprnc.obj
 0001:0001da08       __vsnprintf_s_l            1001ea08 f   LIBCMT:vsnprnc.obj
 0001:0001db08       __vsprintf_p               1001eb08 f   LIBCMT:vsnprnc.obj
 0001:0001db2f       __vsprintf_p_l             1001eb2f f   LIBCMT:vsnprnc.obj
 0001:0001db57       __vsprintf_s_l             1001eb57 f   LIBCMT:vsnprnc.obj
 0001:0001dbcc       _vsprintf_s                1001ebcc f   LIBCMT:vsnprnc.obj
 0001:0001dbe7       __chgsign                  1001ebe7 f   LIBCMT:ieeemisc.obj
 0001:0001dc14       __chgsignf                 1001ec14 f   LIBCMT:ieeemisc.obj
 0001:0001dc35       __copysign                 1001ec35 f   LIBCMT:ieeemisc.obj
 0001:0001dc5d       __copysignf                1001ec5d f   LIBCMT:ieeemisc.obj
 0001:0001dc79       __finite                   1001ec79 f   LIBCMT:ieeemisc.obj
 0001:0001dc91       __fpclass                  1001ec91 f   LIBCMT:ieeemisc.obj
 0001:0001dd2d       __isnan                    1001ed2d f   LIBCMT:ieeemisc.obj
 0001:0001dd60       __logb                     1001ed60 f   LIBCMT:ieeemisc.obj
 0001:0001de41       __nextafter                1001ee41 f   LIBCMT:ieeemisc.obj
 0001:0001e0e1       __scalb                    1001f0e1 f   LIBCMT:ieeemisc.obj
 0001:0001e0f9       __add_exp                  1001f0f9 f   LIBCMT:util.obj
 0001:0001e128       __decomp                   1001f128 f   LIBCMT:util.obj
 0001:0001e1fa       __get_exp                  1001f1fa f   LIBCMT:util.obj
 0001:0001e213       __set_bexp                 1001f213 f   LIBCMT:util.obj
 0001:0001e23c       __set_exp                  1001f23c f   LIBCMT:util.obj
 0001:0001e26b       __sptype                   1001f26b f   LIBCMT:util.obj
 0001:0001e2c6       __errcode                  1001f2c6 f   LIBCMT:fpexcept.obj
 0001:0001e2f8       __except1                  1001f2f8 f   LIBCMT:fpexcept.obj
 0001:0001e3c0       __except2                  1001f3c0 f   LIBCMT:fpexcept.obj
 0001:0001e4c0       __handle_exc               1001f4c0 f   LIBCMT:fpexcept.obj
 0001:0001e69e       __handle_qnan1             1001f69e f   LIBCMT:fpexcept.obj
 0001:0001e6ee       __handle_qnan2             1001f6ee f   LIBCMT:fpexcept.obj
 0001:0001e74e       __raise_exc                1001f74e f   LIBCMT:fpexcept.obj
 0001:0001e76f       __raise_exc_ex             1001f76f f   LIBCMT:fpexcept.obj
 0001:0001ea54       __raise_excf               1001fa54 f   LIBCMT:fpexcept.obj
 0001:0001ea75       __set_errno_from_matherr   1001fa75 f   LIBCMT:fpexcept.obj
 0001:0001eaa2       __umatherr                 1001faa2 f   LIBCMT:fpexcept.obj
 0001:0001eb42       ___clrfp_sse2              1001fb42 f   LIBCMT:fpctrl.obj
 0001:0001eb63       ___ctrlfp_sse2             1001fb63 f   LIBCMT:fpctrl.obj
 0001:0001eb9c       ___fclrf_sse2              1001fb9c f   LIBCMT:fpctrl.obj
 0001:0001ebb9       ___get_fpsr_sse2           1001fbb9 f   LIBCMT:fpctrl.obj
 0001:0001ebd5       ___set_fpsr_sse2           1001fbd5 f   LIBCMT:fpctrl.obj
 0001:0001ec4b       ___set_statfp_sse2         1001fc4b f   LIBCMT:fpctrl.obj
 0001:0001ec64       ___statfp_sse2             1001fc64 f   LIBCMT:fpctrl.obj
 0001:0001ec79       __clrfp                    1001fc79 f   LIBCMT:fpctrl.obj
 0001:0001ec8a       __ctrlfp                   1001fc8a f   LIBCMT:fpctrl.obj
 0001:0001ecb5       __set_statfp               1001fcb5 f   LIBCMT:fpctrl.obj
 0001:0001ed0d       __statfp                   1001fd0d f   LIBCMT:fpctrl.obj
 0001:0001ed1d       _wcscat_s                  1001fd1d f   LIBCMT:wcscat_s.obj
 0001:0001ed89       _wcscpy_s                  1001fd89 f   LIBCMT:wcscpy_s.obj
 0001:0001ede5       _wcslen                    1001fde5 f   LIBCMT:wcslen.obj
 0001:0001edfe       _wcsncat_s                 1001fdfe f   LIBCMT:wcsncat_s.obj
 0001:0001eecc       __set_abort_behavior       1001fecc f   LIBCMT:abort.obj
 0001:0001eeeb       _abort                     1001feeb f   LIBCMT:abort.obj
 0001:0001ef2e       ___set_app_type            1001ff2e f   LIBCMT:errmode.obj
 0001:0001ef3b       __set_error_mode           1001ff3b f   LIBCMT:errmode.obj
 0001:0001f097       __i64tow_s                 10020097 f   LIBCMT:xtows.obj
 0001:0001f0c8       __itow_s                   100200c8 f   LIBCMT:xtows.obj
 0001:0001f0f1       __ltow_s                   100200f1 f   LIBCMT:xtows.obj
 0001:0001f11b       __ui64tow_s                1002011b f   LIBCMT:xtows.obj
 0001:0001f136       __ultow_s                  10020136 f   LIBCMT:xtows.obj
 0001:0001f241       _setvbuf                   10020241 f   LIBCMT:setvbuf.obj
 0001:0001f347       __fwprintf_l               10020347 f   LIBCMT:fwprintf.obj
 0001:0001f361       __fwprintf_p               10020361 f   LIBCMT:fwprintf.obj
 0001:0001f37a       __fwprintf_p_l             1002037a f   LIBCMT:fwprintf.obj
 0001:0001f394       __fwprintf_s_l             10020394 f   LIBCMT:fwprintf.obj
 0001:0001f3ae       _fwprintf                  100203ae f   LIBCMT:fwprintf.obj
 0001:0001f442       _fwprintf_s                10020442 f   LIBCMT:fwprintf.obj
 0001:0001f45b       __vsnwprintf_s             1002045b f   LIBCMT:vswprnc.obj
 0001:0001f479       __vsnwprintf_s_l           10020479 f   LIBCMT:vswprnc.obj
 0001:0001f57d       __vswprintf_c              1002057d f   LIBCMT:vswprnc.obj
 0001:0001f5a4       __vswprintf_c_l            100205a4 f   LIBCMT:vswprnc.obj
 0001:0001f5cc       __vswprintf_helper         100205cc f   LIBCMT:vswprnc.obj
 0001:0001f6c7       __vswprintf_p              100206c7 f   LIBCMT:vswprnc.obj
 0001:0001f6ee       __vswprintf_p_l            100206ee f   LIBCMT:vswprnc.obj
 0001:0001f716       __vswprintf_s_l            10020716 f   LIBCMT:vswprnc.obj
 0001:0001f78d       _vswprintf_s               1002078d f   LIBCMT:vswprnc.obj
 0001:0001f7a8       ___crtMessageBoxW          100207a8 f   LIBCMT:crtmboxw.obj
 0001:0001f98e       ___crtMessageBoxWaitThreadW@4 1002098e f   LIBCMT:crtmboxw.obj
 0001:0001f9ac       __XcptFilter               100209ac f   LIBCMT:winxfltr.obj
 0001:0001fb07       ___CppXcptFilter           10020b07 f   LIBCMT:winxfltr.obj
 0001:0001fb59       ___get_flsindex            10020b59 f   LIBCMT:tidtable.obj
 0001:0001fb5f       ___threadhandle            10020b5f f   LIBCMT:tidtable.obj
 0001:0001fb65       ___threadid                10020b65 f   LIBCMT:tidtable.obj
 0001:0001fb6b       __freefls@4                10020b6b f   LIBCMT:tidtable.obj
 0001:0001fca0       __freeptd                  10020ca0 f   LIBCMT:tidtable.obj
 0001:0001fcd6       __getptd                   10020cd6 f   LIBCMT:tidtable.obj
 0001:0001fcee       __getptd_noexit            10020cee f   LIBCMT:tidtable.obj
 0001:0001fd5d       __initptd                  10020d5d f   LIBCMT:tidtable.obj
 0001:0001fe10       __mtinit                   10020e10 f   LIBCMT:tidtable.obj
 0001:0001fe86       __mtterm                   10020e86 f   LIBCMT:tidtable.obj
 0001:0001fea3       __set_pgmptr               10020ea3 f i LIBCMT:stdargv.obj
 0001:0001feb0       __setargv                  10020eb0 f   LIBCMT:stdargv.obj
 0001:000200df       __setenvp                  100210df f   LIBCMT:stdenvp.obj
 0001:000201c0       ___security_init_cookie    100211c0 f   LIBCMT:gs_support.obj
 0001:0002025c       ___crtGetEnvironmentStringsA 1002125c f   LIBCMT:a_env.obj
 0001:000202f0       _strlen                    100212f0 f   LIBCMT:strlen.obj
 0001:0002037b       _wcsncpy_s                 1002137b f   LIBCMT:wcsncpy_s.obj
 0001:00020439       __output_s_l               10021439 f   LIBCMT:outputs.obj
 0001:000210c1       __output_p_l               100220c1 f   LIBCMT:outputp.obj
 0001:000223f9       __validate_param_reuseA    100233f9 f   LIBCMT:outputp.obj
 0001:0002252f       _get_crtdouble_arg         1002352f f i LIBCMT:outputp.obj
 0001:0002262e       __isatty                   1002362e f   LIBCMT:isatty.obj
 0001:00022682       ___addlocaleref            10023682 f   LIBCMT:localref.obj
 0001:00022717       ___freetlocinfo            10023717 f   LIBCMT:localref.obj
 0001:00022871       ___removelocaleref         10023871 f   LIBCMT:localref.obj
 0001:00022911       ___updatetlocinfo          10023911 f   LIBCMT:localref.obj
 0001:00022991       __updatetlocinfoEx_nolock  10023991 f   LIBCMT:localref.obj
 0001:000229dc       ___iswcsym                 100239dc f i LIBCMT:_wctype.obj
 0001:00022a00       ___iswcsymf                10023a00 f i LIBCMT:_wctype.obj
 0001:00022a24       __isleadbyte_l             10023a24 f i LIBCMT:_wctype.obj
 0001:00022a5e       __iswalnum_l               10023a5e f i LIBCMT:_wctype.obj
 0001:00022a72       __iswalpha_l               10023a72 f i LIBCMT:_wctype.obj
 0001:00022a86       __iswblank_l               10023a86 f i LIBCMT:_wctype.obj
 0001:00022aa1       __iswcntrl_l               10023aa1 f i LIBCMT:_wctype.obj
 0001:00022ab2       __iswcsym_l                10023ab2 f i LIBCMT:_wctype.obj
 0001:00022ad6       __iswcsymf_l               10023ad6 f i LIBCMT:_wctype.obj
 0001:00022afa       __iswdigit_l               10023afa f i LIBCMT:_wctype.obj
 0001:00022b0b       __iswgraph_l               10023b0b f i LIBCMT:_wctype.obj
 0001:00022b1f       __iswlower_l               10023b1f f i LIBCMT:_wctype.obj
 0001:00022b30       __iswprint_l               10023b30 f i LIBCMT:_wctype.obj
 0001:00022b44       __iswpunct_l               10023b44 f i LIBCMT:_wctype.obj
 0001:00022b55       __iswspace_l               10023b55 f i LIBCMT:_wctype.obj
 0001:00022b66       __iswupper_l               10023b66 f i LIBCMT:_wctype.obj
 0001:00022b77       __iswxdigit_l              10023b77 f i LIBCMT:_wctype.obj
 0001:00022b8b       _isleadbyte                10023b8b f i LIBCMT:_wctype.obj
 0001:00022b9c       _iswalnum                  10023b9c f i LIBCMT:_wctype.obj
 0001:00022bb0       _iswalpha                  10023bb0 f i LIBCMT:_wctype.obj
 0001:00022bc4       _iswascii                  10023bc4 f i LIBCMT:_wctype.obj
 0001:00022bd6       _iswblank                  10023bd6 f i LIBCMT:_wctype.obj
 0001:00022bf1       _iswcntrl                  10023bf1 f i LIBCMT:_wctype.obj
 0001:00022c02       _iswdigit                  10023c02 f i LIBCMT:_wctype.obj
 0001:00022c13       _iswgraph                  10023c13 f i LIBCMT:_wctype.obj
 0001:00022c27       _iswlower                  10023c27 f i LIBCMT:_wctype.obj
 0001:00022c38       _iswprint                  10023c38 f i LIBCMT:_wctype.obj
 0001:00022c4c       _iswpunct                  10023c4c f i LIBCMT:_wctype.obj
 0001:00022c5d       _iswspace                  10023c5d f i LIBCMT:_wctype.obj
 0001:00022c6e       _iswupper                  10023c6e f i LIBCMT:_wctype.obj
 0001:00022c7f       _iswxdigit                 10023c7f f i LIBCMT:_wctype.obj
 0001:00022c93       __wctomb_l                 10023c93 f   LIBCMT:wctomb.obj
 0001:00022ce2       __wctomb_s_l               10023ce2 f   LIBCMT:wctomb.obj
 0001:00022e06       _wctomb                    10023e06 f   LIBCMT:wctomb.obj
 0001:00022e39       _wctomb_s                  10023e39 f   LIBCMT:wctomb.obj
 0001:00022e60       __aulldvrm                 10023e60 f   LIBCMT:ulldvrm.obj
 0001:00022ef5       __matherr                  10023ef5 f   LIBCMT:matherr.obj
 0001:00022ef8       __frnd                     10023ef8 f   LIBCMT:frnd.obj
 0001:00022f0c       ___isascii                 10023f0c f i LIBCMT:_ctype.obj
 0001:00022f1c       ___iscsym                  10023f1c f i LIBCMT:_ctype.obj
 0001:00022f3c       ___iscsymf                 10023f3c f i LIBCMT:_ctype.obj
 0001:00022f59       ___toascii                 10023f59 f i LIBCMT:_ctype.obj
 0001:00022f64       __isalnum_l                10023f64 f i LIBCMT:_ctype.obj
 0001:00022fbc       __isalpha_l                10023fbc f i LIBCMT:_ctype.obj
 0001:00023014       __isblank_l                10024014 f i LIBCMT:_ctype.obj
 0001:0002306e       __iscntrl_l                1002406e f i LIBCMT:_ctype.obj
 0001:000230c0       __iscsym_l                 100240c0 f i LIBCMT:_ctype.obj
 0001:000230e1       __iscsymf_l                100240e1 f i LIBCMT:_ctype.obj
 0001:00023102       __isdigit_l                10024102 f i LIBCMT:_ctype.obj
 0001:00023154       __isgraph_l                10024154 f i LIBCMT:_ctype.obj
 0001:000231ac       __islower_l                100241ac f i LIBCMT:_ctype.obj
 0001:000231fe       __isprint_l                100241fe f i LIBCMT:_ctype.obj
 0001:00023256       __ispunct_l                10024256 f i LIBCMT:_ctype.obj
 0001:000232a8       __isspace_l                100242a8 f i LIBCMT:_ctype.obj
 0001:000232fa       __isupper_l                100242fa f i LIBCMT:_ctype.obj
 0001:0002334c       __isxdigit_l               1002434c f i LIBCMT:_ctype.obj
 0001:000233a4       _isalnum                   100243a4 f i LIBCMT:_ctype.obj
 0001:000233d1       _isalpha                   100243d1 f i LIBCMT:_ctype.obj
 0001:000233fe       _isblank                   100243fe f i LIBCMT:_ctype.obj
 0001:00023433       _iscntrl                   10024433 f i LIBCMT:_ctype.obj
 0001:0002345e       _isdigit                   1002445e f i LIBCMT:_ctype.obj
 0001:00023489       _isgraph                   10024489 f i LIBCMT:_ctype.obj
 0001:000234b6       _islower                   100244b6 f i LIBCMT:_ctype.obj
 0001:000234e1       _isprint                   100244e1 f i LIBCMT:_ctype.obj
 0001:0002350e       _ispunct                   1002450e f i LIBCMT:_ctype.obj
 0001:00023539       _isspace                   10024539 f i LIBCMT:_ctype.obj
 0001:00023564       _isupper                   10024564 f i LIBCMT:_ctype.obj
 0001:0002358f       _isxdigit                  1002458f f i LIBCMT:_ctype.obj
 0001:000235bc       __tolower                  100245bc f   LIBCMT:tolower.obj
 0001:000235c7       __tolower_l                100245c7 f   LIBCMT:tolower.obj
 0001:0002370a       _tolower                   1002470a f   LIBCMT:tolower.obj
 0001:00023736       _strcpy_s                  10024736 f   LIBCMT:strcpy_s.obj
 0001:00023790       _strrchr                   10024790 f   LIBCMT:strrchr.obj
 0001:000238c7       __fptostr                  100248c7 f   LIBCMT:_fptostr.obj
 0001:00023977       ___crt_atoflt_l            10024977 f   LIBCMT:atodbl.obj
 0001:00023a1b       __atodbl                   10024a1b f   LIBCMT:atodbl.obj
 0001:00023a30       __atodbl_l                 10024a30 f   LIBCMT:atodbl.obj
 0001:00023abe       __atoflt                   10024abe f   LIBCMT:atodbl.obj
 0001:00023ad3       __atoflt_l                 10024ad3 f   LIBCMT:atodbl.obj
 0001:00023aeb       __atoldbl                  10024aeb f   LIBCMT:atodbl.obj
 0001:00023b00       __atoldbl_l                10024b00 f   LIBCMT:atodbl.obj
 0001:00023b8f       ___dtold                   10024b8f f   LIBCMT:cfout.obj
 0001:00023c57       __fltout2                  10024c57 f   LIBCMT:cfout.obj
 0001:00023cf0       __alldvrm                  10024cf0 f   LIBCMT:lldvrm.obj
 0001:00023dd0       __aullshr                  10024dd0 f   LIBCMT:ullshr.obj
 0001:00023def       __get_output_format        10024def f   LIBCMT:outputformat.obj
 0001:00023df5       __set_output_format        10024df5 f   LIBCMT:outputformat.obj
 0001:00023e27       __controlfp_s              10024e27 f   LIBCMT:contrlfp.obj
 0001:00023e84       __fptrap                   10024e84 f   LIBCMT:crt0fp.obj
 0001:00023e8d       __msize                    10024e8d f   LIBCMT:msize.obj
 0001:00023ebe       __recalloc                 10024ebe f   LIBCMT:recalloc.obj
 0001:00023f27       _strncpy_s                 10024f27 f   LIBCMT:strncpy_s.obj
 0001:000240af       __MallocaIsSizeInRange     100250af f i LIBCMT:a_loc.obj
 0001:000240c0       __MarkAllocaS              100250c0 f i LIBCMT:a_loc.obj
 0001:000240d4       ___crtGetLocaleInfoA       100250d4 f   LIBCMT:a_loc.obj
 0001:0002410e       __freea                    1002510e f i LIBCMT:a_loc.obj
 0001:0002412c       _GetTableIndexFromLcid     1002512c f   LIBCMT:winapinls.obj
 0001:00024161       _GetTableIndexFromLocaleName 10025161 f   LIBCMT:winapinls.obj
 0001:000241af       ___crtCompareStringEx      100251af f   LIBCMT:winapinls.obj
 0001:000241fb       ___crtDownlevelLCIDToLocaleName 100251fb f   LIBCMT:winapinls.obj
 0001:00024277       ___crtDownlevelLocaleNameToLCID 10025277 f   LIBCMT:winapinls.obj
 0001:000242b5       ___crtEnumSystemLocalesEx  100252b5 f   LIBCMT:winapinls.obj
 0001:000242f2       ___crtGetDateFormatEx      100252f2 f   LIBCMT:winapinls.obj
 0001:0002433b       ___crtGetLocaleInfoEx      1002533b f   LIBCMT:winapinls.obj
 0001:0002436a       ___crtGetTimeFormatEx      1002536a f   LIBCMT:winapinls.obj
 0001:0002439f       ___crtGetUserDefaultLocaleName 1002539f f   LIBCMT:winapinls.obj
 0001:000243ca       ___crtIsValidLocaleName    100253ca f   LIBCMT:winapinls.obj
 0001:000243f5       ___crtLCMapStringEx        100253f5 f   LIBCMT:winapinls.obj
 0001:00024441       ___wcsnicmp_ascii          10025441 f   LIBCMT:winapinls.obj
 0001:000246d3       ___crtLCMapStringA         100256d3 f   LIBCMT:a_map.obj
 0001:00024811       ___crtGetStringTypeA       10025811 f   LIBCMT:a_str.obj
 0001:00024851       __commit                   10025851 f   LIBCMT:commit.obj
 0001:0002493a       ___lock_fhandle            1002593a f   LIBCMT:osfinfo.obj
 0001:000249c8       __alloc_osfhnd             100259c8 f   LIBCMT:osfinfo.obj
 0001:00024b71       __free_osfhnd              10025b71 f   LIBCMT:osfinfo.obj
 0001:00024bf7       __get_osfhandle            10025bf7 f   LIBCMT:osfinfo.obj
 0001:00024c5e       __open_osfhandle           10025c5e f   LIBCMT:osfinfo.obj
 0001:00024d74       __set_osfhnd               10025d74 f   LIBCMT:osfinfo.obj
 0001:00024df6       __unlock_fhandle           10025df6 f   LIBCMT:osfinfo.obj
 0001:00024e1c       __open                     10025e1c f   LIBCMT:open.obj
 0001:00024ecc       __sopen                    10025ecc f   LIBCMT:open.obj
 0001:00024eff       __sopen_helper             10025eff f   LIBCMT:open.obj
 0001:00024fc8       __sopen_nolock             10025fc8 f   LIBCMT:open.obj
 0001:00025016       __sopen_s                  10026016 f   LIBCMT:open.obj
 0001:00025034       __mbsnbcmp                 10026034 f   LIBCMT:mbsnbcmp.obj
 0001:0002504c       __mbsnbcmp_l               1002604c f   LIBCMT:mbsnbcmp.obj
 0001:00025163       __mbsnbicmp                10026163 f   LIBCMT:mbsnbicm.obj
 0001:0002517b       __mbsnbicmp_l              1002617b f   LIBCMT:mbsnbicm.obj
 0001:00025340       __global_unwind2           10026340 f   LIBCMT:exsup.obj
 0001:000253a5       __local_unwind2            100263a5 f   LIBCMT:exsup.obj
 0001:00025429       __abnormal_termination     10026429 f   LIBCMT:exsup.obj
 0001:0002544c       __NLG_Notify1              1002644c f   LIBCMT:exsup.obj
 0001:00025455       __NLG_Notify               10026455 f   LIBCMT:exsup.obj
 0001:0002546c       __NLG_Dispatch2            1002646c     LIBCMT:exsup.obj
 0001:0002546c       __NLG_Dispatch             1002646c     LIBCMT:exsup.obj
 0001:00025474       __NLG_Call                 10026474 f   LIBCMT:exsup.obj
 0001:00025476       __NLG_Return2              10026476     LIBCMT:exsup.obj
 0001:00025477       __getbuf                   10026477 f   LIBCMT:_getbuf.obj
 0001:000254bd       __lseeki64                 100264bd f   LIBCMT:lseeki64.obj
 0001:000255b9       __lseeki64_nolock          100265b9 f   LIBCMT:lseeki64.obj
 0001:0002562c       __mbtowc_l                 1002662c f   LIBCMT:mbtowc.obj
 0001:00025721       _mbtowc                    10026721 f   LIBCMT:mbtowc.obj
 0001:00025739       __putwch                   10026739 f   LIBCMT:putwch.obj
 0001:00025785       __putwch_nolock            10026785 f   LIBCMT:putwch.obj
 0001:000257d0       __chkstk                   100267d0 f   LIBCMT:chkstk.obj
 0001:000257d0       __alloca_probe             100267d0 f   LIBCMT:chkstk.obj
 0001:000257fb       __vfwprintf_l              100267fb f   LIBCMT:vfwprint.obj
 0001:00025819       __vfwprintf_p              10026819 f   LIBCMT:vfwprint.obj
 0001:00025836       __vfwprintf_p_l            10026836 f   LIBCMT:vfwprint.obj
 0001:00025854       __vfwprintf_s_l            10026854 f   LIBCMT:vfwprint.obj
 0001:00025872       _vfwprintf                 10026872 f   LIBCMT:vfwprint.obj
 0001:0002588f       _vfwprintf_helper          1002688f f   LIBCMT:vfwprint.obj
 0001:00025922       _vfwprintf_s               10026922 f   LIBCMT:vfwprint.obj
 0001:0002593f       __woutput_l                1002693f f   LIBCMT:woutput.obj
 0001:0002661e       __woutput_s_l              1002761e f   LIBCMT:woutputs.obj
 0001:00027335       __validate_param_reuseW    10028335 f   LIBCMT:woutputp.obj
 0001:000274ad       __woutput_p_l              100284ad f   LIBCMT:woutputp.obj
 0001:000288d6       __ismbbalnum               100298d6 f   LIBCMT:ismbbyte.obj
 0001:000288ef       __ismbbalnum_l             100298ef f   LIBCMT:ismbbyte.obj
 0001:00028909       __ismbbalpha               10029909 f   LIBCMT:ismbbyte.obj
 0001:00028922       __ismbbalpha_l             10029922 f   LIBCMT:ismbbyte.obj
 0001:0002893c       __ismbbblank               1002993c f   LIBCMT:ismbbyte.obj
 0001:0002895d       __ismbbblank_l             1002995d f   LIBCMT:ismbbyte.obj
 0001:0002897f       __ismbbgraph               1002997f f   LIBCMT:ismbbyte.obj
 0001:00028998       __ismbbgraph_l             10029998 f   LIBCMT:ismbbyte.obj
 0001:000289b2       __ismbbkalnum              100299b2 f   LIBCMT:ismbbyte.obj
 0001:000289c8       __ismbbkalnum_l            100299c8 f   LIBCMT:ismbbyte.obj
 0001:000289df       __ismbbkana                100299df f   LIBCMT:ismbbyte.obj
 0001:000289f0       __ismbbkana_l              100299f0 f   LIBCMT:ismbbyte.obj
 0001:00028a3c       __ismbbkprint              10029a3c f   LIBCMT:ismbbyte.obj
 0001:00028a52       __ismbbkprint_l            10029a52 f   LIBCMT:ismbbyte.obj
 0001:00028a69       __ismbbkpunct              10029a69 f   LIBCMT:ismbbyte.obj
 0001:00028a7f       __ismbbkpunct_l            10029a7f f   LIBCMT:ismbbyte.obj
 0001:00028a96       __ismbblead                10029a96 f   LIBCMT:ismbbyte.obj
 0001:00028aac       __ismbblead_l              10029aac f   LIBCMT:ismbbyte.obj
 0001:00028ac3       __ismbbprint               10029ac3 f   LIBCMT:ismbbyte.obj
 0001:00028adc       __ismbbprint_l             10029adc f   LIBCMT:ismbbyte.obj
 0001:00028af6       __ismbbpunct               10029af6 f   LIBCMT:ismbbyte.obj
 0001:00028b0c       __ismbbpunct_l             10029b0c f   LIBCMT:ismbbyte.obj
 0001:00028b23       __ismbbtrail               10029b23 f   LIBCMT:ismbbyte.obj
 0001:00028b39       __ismbbtrail_l             10029b39 f   LIBCMT:ismbbyte.obj
 0001:00028d76       __strtol_l                 10029d76 f   LIBCMT:strtol.obj
 0001:00028d91       __strtoul_l                10029d91 f   LIBCMT:strtol.obj
 0001:00028dac       _strtol                    10029dac f   LIBCMT:strtol.obj
 0001:00028dd6       _strtoul                   10029dd6 f   LIBCMT:strtol.obj
 0001:00028e00       ___free_lconv_mon          10029e00 f   LIBCMT:initmon.obj
 0001:00028efc       ___init_monetary           10029efc f   LIBCMT:initmon.obj
 0001:000292d5       ___free_lconv_num          1002a2d5 f   LIBCMT:initnum.obj
 0001:0002933c       ___init_numeric            1002a33c f   LIBCMT:initnum.obj
 0001:0002957a       ___free_lc_time            1002a57a f   LIBCMT:inittime.obj
 0001:000298fa       ___init_time               1002a8fa f   LIBCMT:inittime.obj
 0001:0002a169       _localeconv                1002b169 f   LIBCMT:lconv.obj
 0001:0002a18f       __iswctype_l               1002b18f f   LIBCMT:iswctype.obj
 0001:0002a1a1       _is_wctype                 1002b1a1 f   LIBCMT:iswctype.obj
 0001:0002a1aa       _iswctype                  1002b1aa f   LIBCMT:iswctype.obj
 0001:0002a200       ____lc_codepage_func       1002b200 f   LIBCMT:initctyp.obj
 0001:0002a226       ____lc_collate_cp_func     1002b226 f   LIBCMT:initctyp.obj
 0001:0002a24c       ____lc_locale_name_func    1002b24c f   LIBCMT:initctyp.obj
 0001:0002a274       ____mb_cur_max_func        1002b274 f   LIBCMT:initctyp.obj
 0001:0002a29a       ____mb_cur_max_l_func      1002b29a f   LIBCMT:initctyp.obj
 0001:0002a2b1       ___init_ctype              1002b2b1 f   LIBCMT:initctyp.obj
 0001:0002a649       ___pctype_func             1002b649 f   LIBCMT:ctype.obj
 0001:0002a672       ___pwctype_func            1002b672 f   LIBCMT:ctype.obj
 0001:0002a678       __isctype                  1002b678 f   LIBCMT:isctype.obj
 0001:0002a6a7       __isctype_l                1002b6a7 f   LIBCMT:isctype.obj
 0001:0002a758       ___init_dummy              1002b758 f   LIBCMT:wsetloca.obj
 0001:0002a75b       __locterm                  1002b75b f   LIBCMT:wsetloca.obj
 0001:0002a7ad       ____setlc_active_func      1002b7ad f   LIBCMT:wsetloca.obj
 0001:0002a7b3       ____unguarded_readlc_active_add_func 1002b7b3 f   LIBCMT:wsetloca.obj
 0001:0002a7b9       ___copy_locale_name        1002b7b9 f   LIBCMT:wsetloca.obj
 0001:0002a81d       ___create_locale           1002b81d f   LIBCMT:wsetloca.obj
 0001:0002a826       ___free_locale             1002b826 f   LIBCMT:wsetloca.obj
 0001:0002a82b       ___get_current_locale      1002b82b f   LIBCMT:wsetloca.obj
 0001:0002a830       ___lc_lctowcs              1002b830 f   LIBCMT:wsetloca.obj
 0001:0002a89e       ___lc_wcstolc              1002b89e f   LIBCMT:wsetloca.obj
 0001:0002a9ca       __configthreadlocale       1002b9ca f   LIBCMT:wsetloca.obj
 0001:0002aa50       __create_locale            1002ba50 f   LIBCMT:wsetloca.obj
 0001:0002aab2       __expandlocale             1002bab2 f   LIBCMT:wsetloca.obj
 0001:0002ada9       __free_locale              1002bda9 f   LIBCMT:wsetloca.obj
 0001:0002ae60       __get_current_locale       1002be60 f   LIBCMT:wsetloca.obj
 0001:0002af0f       __wcreate_locale           1002bf0f f   LIBCMT:wsetloca.obj
 0001:0002afe6       __wcscats                  1002bfe6 f   LIBCMT:wsetloca.obj
 0001:0002b025       __wsetlocale               1002c025 f   LIBCMT:wsetloca.obj
 0001:0002b967       __CopyMan                  1002c967 f i LIBCMT:intrncvt.obj
 0001:0002b984       __FillZeroMan              1002c984 f i LIBCMT:intrncvt.obj
 0001:0002b993       __IncMan                   1002c993 f i LIBCMT:intrncvt.obj
 0001:0002b9f5       __IsZeroMan                1002c9f5 f i LIBCMT:intrncvt.obj
 0001:0002ba12       __RoundMan                 1002ca12 f i LIBCMT:intrncvt.obj
 0001:0002bb13       __ShrMan                   1002cb13 f i LIBCMT:intrncvt.obj
 0001:0002bba1       __ZeroTail                 1002cba1 f i LIBCMT:intrncvt.obj
 0001:0002bbe9       ___addl                    1002cbe9 f i LIBCMT:intrncvt.obj
 0001:0002bc0d       __ld12cvt                  1002cc0d f i LIBCMT:intrncvt.obj
 0001:0002c178       __ld12tod                  1002d178 f   LIBCMT:intrncvt.obj
 0001:0002c6ea       __ld12tof                  1002d6ea f   LIBCMT:intrncvt.obj
 0001:0002cc5c       __ld12told                 1002dc5c f   LIBCMT:intrncvt.obj
 0001:0002cd2b       ___STRINGTOLD_L            1002dd2b f   LIBCMT:strgtold.obj
 0001:0002cd86       ___ld12mul                 1002dd86 f i LIBCMT:strgtold.obj
 0001:0002d052       ___multtenpow12            1002e052 f i LIBCMT:strgtold.obj
 0001:0002d3a5       ___shl_12                  1002e3a5 f i LIBCMT:strgtold.obj
 0001:0002d3d6       ___shr_12                  1002e3d6 f i LIBCMT:strgtold.obj
 0001:0002d406       ___strgtold12_l            1002e406 f   LIBCMT:strgtold.obj
 0001:0002dbae       _$I10_OUTPUT               1002ebae f   LIBCMT:x10fout.obj
 0001:0002e582       ___add_12                  1002f582 f i LIBCMT:x10fout.obj
 0001:0002e72e       ___control87_2             1002f72e f   LIBCMT:ieee87.obj
 0001:0002eda2       __clearfp                  1002fda2 f   LIBCMT:ieee87.obj
 0001:0002ee82       __control87                1002fe82 f i LIBCMT:ieee87.obj
 0001:0002f184       __controlfp                10030184 f   LIBCMT:ieee87.obj
 0001:0002f48f       __fpreset                  1003048f f   LIBCMT:ieee87.obj
 0001:0002f55c       __set_controlfp            1003055c f   LIBCMT:ieee87.obj
 0001:0002f5cf       __statusfp                 100305cf f   LIBCMT:ieee87.obj
 0001:0002f669       __statusfp2                10030669 f   LIBCMT:ieee87.obj
 0001:0002f6d0       __alloca_probe_16          100306d0 f   LIBCMT:alloca16.obj
 0001:0002f6e6       __alloca_probe_8           100306e6     LIBCMT:alloca16.obj
 0001:0002f6fc       _wcsnlen                   100306fc f   LIBCMT:wcslen_s.obj
 0001:0002f7a3       __wopen                    100307a3 f   LIBCMT:wopen.obj
 0001:0002f853       __wsopen                   10030853 f   LIBCMT:wopen.obj
 0001:0002f886       __wsopen_helper            10030886 f   LIBCMT:wopen.obj
 0001:0002f94f       __wsopen_nolock            1003094f f   LIBCMT:wopen.obj
 0001:000300a2       __wsopen_s                 100310a2 f   LIBCMT:wopen.obj
 0001:000300c0       _strncmp                   100310c0 f   LIBCMT:strncmp.obj
 0001:00030138       __strnicmp                 10031138 f   LIBCMT:strnicmp.obj
 0001:000301a3       __strnicmp_l               100311a3 f   LIBCMT:strnicmp.obj
 0001:00030254       ___termconout              10031254 f   LIBCMT:initcon.obj
 0001:0003026b       ___initconout              1003126b f   LIBCMT:initcon.obj
 0001:0003028a       __fputwc_nolock            1003128a f   LIBCMT:fputwc.obj
 0001:00030410       _fputwc                    10031410 f   LIBCMT:fputwc.obj
 0001:00030487       _putwc                     10031487 f   LIBCMT:fputwc.obj
 0001:00030671       __wcstol_l                 10031671 f   LIBCMT:wcstol.obj
 0001:00030689       __wcstoul_l                10031689 f   LIBCMT:wcstol.obj
 0001:000306a1       _wcstol                    100316a1 f   LIBCMT:wcstol.obj
 0001:000306b9       _wcstoul                   100316b9 f   LIBCMT:wcstol.obj
 0001:000306d1       ___init_collate            100316d1 f   LIBCMT:initcoll.obj
 0001:000307f1       _memcmp                    100317f1 f   LIBCMT:memcmp.obj
 0001:00033705       _wcscmp                    10034705 f   LIBCMT:wcscmp.obj
 0001:00033743       _wcscspn                   10034743 f   LIBCMT:wcscspn.obj
 0001:0003378e       _wcsncmp                   1003478e f   LIBCMT:wcsncmp.obj
 0001:000337c4       _wcspbrk                   100347c4 f   LIBCMT:wcspbrk.obj
 0001:00033dc8       ___get_qualified_locale    10034dc8 f   LIBCMT:getqloc.obj
 0001:00034638       ___get_qualified_locale_downlevel 10035638 f   LIBCMT:getqloc_downlevel.obj
 0001:00034854       ___mtold12                 10035854 f   LIBCMT:mantold.obj
 0001:00034a34       __chsize                   10035a34 f   LIBCMT:chsize.obj
 0001:00034a4e       __chsize_nolock            10035a4e f   LIBCMT:chsize.obj
 0001:00034c04       __chsize_s                 10035c04 f   LIBCMT:chsize.obj
 0001:00034cf2       __get_fmode                10035cf2 f   LIBCMT:setmode.obj
 0001:00034d1c       __set_fmode                10035d1c f   LIBCMT:setmode.obj
 0001:00034d57       __setmode                  10035d57 f   LIBCMT:setmode.obj
 0001:00034e5c       __setmode_nolock           10035e5c f   LIBCMT:setmode.obj
 0001:00034f30       ___ascii_strnicmp          10035f30 f   LIBCMT:_strnicm.obj
 0001:00034f91       __flswbuf                  10035f91 f   LIBCMT:_flswbuf.obj
 0001:000350f3       __wchartodigit             100360f3 f   LIBCMT:wchtodig.obj
 0001:00035292       __wtoi                     10036292 f   LIBCMT:wtox.obj
 0001:0003529b       __wtoi64                   1003629b f   LIBCMT:wtox.obj
 0001:000352af       __wtoi64_l                 100362af f   LIBCMT:wtox.obj
 0001:000352c6       __wtoi_l                   100362c6 f   LIBCMT:wtox.obj
 0001:000352cf       __wtol                     100362cf f   LIBCMT:wtox.obj
 0001:000352e3       __wtol_l                   100362e3 f   LIBCMT:wtox.obj
 0001:000352fa       __wtoll                    100362fa f   LIBCMT:wtox.obj
 0001:0003530e       __wtoll_l                  1003630e f   LIBCMT:wtox.obj
 0001:00035325       _wcschr                    10036325 f   LIBCMT:wcschr.obj
 0001:000353d3       __wcsicmp                  100363d3 f   LIBCMT:wcsicmp.obj
 0001:00035466       __wcsicmp_l                10036466 f   LIBCMT:wcsicmp.obj
 0001:00035541       __wcsnicmp                 10036541 f   LIBCMT:wcsnicmp.obj
 0001:000355f7       __wcsnicmp_l               100365f7 f   LIBCMT:wcsnicmp.obj
 0001:000359c0       __wcstof_l                 100369c0 f   LIBCMT:wcstoq.obj
 0001:00035a73       __wcstoi64                 10036a73 f   LIBCMT:wcstoq.obj
 0001:00035a9d       __wcstoi64_l               10036a9d f   LIBCMT:wcstoq.obj
 0001:00035ab8       __wcstoimax_l              10036ab8 f   LIBCMT:wcstoq.obj
 0001:00035ac1       __wcstold_l                10036ac1 f   LIBCMT:wcstoq.obj
 0001:00035aca       __wcstoll_l                10036aca f   LIBCMT:wcstoq.obj
 0001:00035ad3       __wcstoui64                10036ad3 f   LIBCMT:wcstoq.obj
 0001:00035afd       __wcstoui64_l              10036afd f   LIBCMT:wcstoq.obj
 0001:00035b18       __wcstoull_l               10036b18 f   LIBCMT:wcstoq.obj
 0001:00035b21       __wcstoumax_l              10036b21 f   LIBCMT:wcstoq.obj
 0001:00035b2a       _wcstof                    10036b2a f   LIBCMT:wcstoq.obj
 0001:00035b3f       _wcstoimax                 10036b3f f   LIBCMT:wcstoq.obj
 0001:00035b48       _wcstold                   10036b48 f   LIBCMT:wcstoq.obj
 0001:00035b51       _wcstoll                   10036b51 f   LIBCMT:wcstoq.obj
 0001:00035b5a       _wcstoull                  10036b5a f   LIBCMT:wcstoq.obj
 0001:00035b63       _wcstoumax                 10036b63 f   LIBCMT:wcstoq.obj
 0001:00035b6c       __towlower_l               10036b6c f   LIBCMT:towlower.obj
 0001:00035c1d       _towlower                  10036c1d f   LIBCMT:towlower.obj
 0001:00035c2e       __wcstod_l                 10036c2e f   LIBCMT:wcstod.obj
 0001:00035d29       _wcstod                    10036d29 f   LIBCMT:wcstod.obj
 0001:00035d40       __allmul                   10036d40 f   LIBCMT:llmul.obj
 0001:00035d74       ___crtLCMapStringW         10036d74 f   LIBCMT:w_map.obj
 0001:00035da3       __wfltin2                  10036da3 f   LIBCMT:wcfin.obj
 0001:00035e50       ___WSTRINGTOLD_L           10036e50 f   LIBCMT:wstrgtold.obj
 0001:00035eab       ___wstrgtold12_l           10036eab f   LIBCMT:wstrgtold.obj
 0001:000366fc       _GetModuleHandleA@4        100376fc f   kernel32:KERNEL32.dll
 0001:00036702       _GetProcAddress@8          10037702 f   kernel32:KERNEL32.dll
 0001:00036708       _HeapAlloc@12              10037708 f   kernel32:KERNEL32.dll
 0001:0003670e       _IsDebuggerPresent@0       1003770e f   kernel32:KERNEL32.dll
 0001:00036714       _IsProcessorFeaturePresent@4 10037714 f   kernel32:KERNEL32.dll
 0001:0003671a       _EncodePointer@4           1003771a f   kernel32:KERNEL32.dll
 0001:00036720       _DecodePointer@4           10037720 f   kernel32:KERNEL32.dll
 0001:00036726       _GetLastError@0            10037726 f   kernel32:KERNEL32.dll
 0001:0003672c       _ExitProcess@4             1003772c f   kernel32:KERNEL32.dll
 0001:00036732       _GetModuleHandleExW@12     10037732 f   kernel32:KERNEL32.dll
 0001:00036738       _AreFileApisANSI@0         10037738 f   kernel32:KERNEL32.dll
 0001:0003673e       _MultiByteToWideChar@24    1003773e f   kernel32:KERNEL32.dll
 0001:00036744       _WideCharToMultiByte@32    10037744 f   kernel32:KERNEL32.dll
 0001:0003674a       _HeapFree@12               1003774a f   kernel32:KERNEL32.dll
 0001:00036750       _HeapReAlloc@16            10037750 f   kernel32:KERNEL32.dll
 0001:00036756       _EnterCriticalSection@4    10037756 f   kernel32:KERNEL32.dll
 0001:0003675c       _LeaveCriticalSection@4    1003775c f   kernel32:KERNEL32.dll
 0001:00036762       _GetStdHandle@4            10037762 f   kernel32:KERNEL32.dll
 0001:00036768       _GetFileType@4             10037768 f   kernel32:KERNEL32.dll
 0001:0003676e       _GetModuleFileNameW@12     1003776e f   kernel32:KERNEL32.dll
 0001:00036774       _WriteConsoleW@20          10037774 f   kernel32:KERNEL32.dll
 0001:0003677a       _GetCommandLineA@0         1003777a f   kernel32:KERNEL32.dll
 0001:00036780       _GetCurrentThreadId@0      10037780 f   kernel32:KERNEL32.dll
 0001:00036786       _WriteFile@20              10037786 f   kernel32:KERNEL32.dll
 0001:0003678c       _GetProcessHeap@0          1003778c f   kernel32:KERNEL32.dll
 0001:00036792       _UnhandledExceptionFilter@4 10037792 f   kernel32:KERNEL32.dll
 0001:00036798       _SetUnhandledExceptionFilter@4 10037798 f   kernel32:KERNEL32.dll
 0001:0003679e       _SetLastError@4            1003779e f   kernel32:KERNEL32.dll
 0001:000367a4       _InitializeCriticalSectionAndSpinCount@8 100377a4 f   kernel32:KERNEL32.dll
 0001:000367aa       _CreateEventW@16           100377aa f   kernel32:KERNEL32.dll
 0001:000367b0       _Sleep@4                   100377b0 f   kernel32:KERNEL32.dll
 0001:000367b6       _GetCurrentProcess@0       100377b6 f   kernel32:KERNEL32.dll
 0001:000367bc       _TerminateProcess@8        100377bc f   kernel32:KERNEL32.dll
 0001:000367c2       _TlsAlloc@0                100377c2 f   kernel32:KERNEL32.dll
 0001:000367c8       _TlsGetValue@4             100377c8 f   kernel32:KERNEL32.dll
 0001:000367ce       _TlsSetValue@8             100377ce f   kernel32:KERNEL32.dll
 0001:000367d4       _TlsFree@4                 100377d4 f   kernel32:KERNEL32.dll
 0001:000367da       _GetStartupInfoW@4         100377da f   kernel32:KERNEL32.dll
 0001:000367e0       _GetTickCount@0            100377e0 f   kernel32:KERNEL32.dll
 0001:000367e6       _GetModuleHandleW@4        100377e6 f   kernel32:KERNEL32.dll
 0001:000367ec       _CreateSemaphoreW@16       100377ec f   kernel32:KERNEL32.dll
 0001:000367f2       _DeleteCriticalSection@4   100377f2 f   kernel32:KERNEL32.dll
 0001:000367f8       _FatalAppExitA@8           100377f8 f   kernel32:KERNEL32.dll
 0001:000367fe       _SetConsoleCtrlHandler@8   100377fe f   kernel32:KERNEL32.dll
 0001:00036804       _FreeLibrary@4             10037804 f   kernel32:KERNEL32.dll
 0001:0003680a       _LoadLibraryExW@12         1003780a f   kernel32:KERNEL32.dll
 0001:00036810       _IsValidCodePage@4         10037810 f   kernel32:KERNEL32.dll
 0001:00036816       _GetACP@0                  10037816 f   kernel32:KERNEL32.dll
 0001:0003681c       _GetOEMCP@0                1003781c f   kernel32:KERNEL32.dll
 0001:00036822       _GetCPInfo@8               10037822 f   kernel32:KERNEL32.dll
 0001:00036828       _CloseHandle@4             10037828 f   kernel32:KERNEL32.dll
 0001:0003682e       _RtlUnwind@16              1003782e f   kernel32:KERNEL32.dll
 0001:00036834       _ReadFile@20               10037834 f   kernel32:KERNEL32.dll
 0001:0003683a       _GetConsoleMode@8          1003783a f   kernel32:KERNEL32.dll
 0001:00036840       _ReadConsoleW@20           10037840 f   kernel32:KERNEL32.dll
 0001:00036846       _GetConsoleCP@0            10037846 f   kernel32:KERNEL32.dll
 0001:0003684c       _DeleteFileW@4             1003784c f   kernel32:KERNEL32.dll
 0001:00036852       _SetFilePointerEx@20       10037852 f   kernel32:KERNEL32.dll
 0001:00036858       _RaiseException@16         10037858 f   kernel32:KERNEL32.dll
 0001:0003685e       _OutputDebugStringW@4      1003785e f   kernel32:KERNEL32.dll
 0001:00036864       _GetCurrentThread@0        10037864 f   kernel32:KERNEL32.dll
 0001:0003686a       _GetModuleFileNameA@12     1003786a f   kernel32:KERNEL32.dll
 0001:00036870       _QueryPerformanceCounter@4 10037870 f   kernel32:KERNEL32.dll
 0001:00036876       _GetCurrentProcessId@0     10037876 f   kernel32:KERNEL32.dll
 0001:0003687c       _GetSystemTimeAsFileTime@4 1003787c f   kernel32:KERNEL32.dll
 0001:00036882       _GetEnvironmentStringsW@0  10037882 f   kernel32:KERNEL32.dll
 0001:00036888       _FreeEnvironmentStringsW@4 10037888 f   kernel32:KERNEL32.dll
 0001:0003688e       _HeapSize@12               1003788e f   kernel32:KERNEL32.dll
 0001:00036894       _GetDateFormatW@24         10037894 f   kernel32:KERNEL32.dll
 0001:0003689a       _GetTimeFormatW@24         1003789a f   kernel32:KERNEL32.dll
 0001:000368a0       _CompareStringW@24         100378a0 f   kernel32:KERNEL32.dll
 0001:000368a6       _LCMapStringW@24           100378a6 f   kernel32:KERNEL32.dll
 0001:000368ac       _GetLocaleInfoW@16         100378ac f   kernel32:KERNEL32.dll
 0001:000368b2       _IsValidLocale@8           100378b2 f   kernel32:KERNEL32.dll
 0001:000368b8       _GetUserDefaultLCID@0      100378b8 f   kernel32:KERNEL32.dll
 0001:000368be       _EnumSystemLocalesW@8      100378be f   kernel32:KERNEL32.dll
 0001:000368c4       _GetStringTypeW@16         100378c4 f   kernel32:KERNEL32.dll
 0001:000368ca       _FlushFileBuffers@4        100378ca f   kernel32:KERNEL32.dll
 0001:000368d0       _SetStdHandle@8            100378d0 f   kernel32:KERNEL32.dll
 0001:000368d6       _CreateFileW@28            100378d6 f   kernel32:KERNEL32.dll
 0001:000368dc       _SetEndOfFile@4            100378dc f   kernel32:KERNEL32.dll
 0002:00000000       ___xc_a                    10042000     LIBCMT:crt0init.obj
 0002:00000104       ___xc_z                    10042104     LIBCMT:crt0init.obj
 0002:00000208       ___xi_a                    10042208     LIBCMT:crt0init.obj
 0002:00000424       ___xi_z                    10042424     LIBCMT:crt0init.obj
 0002:00000528       ___xp_a                    10042528     LIBCMT:crt0init.obj
 0002:0000083c       ___xp_z                    1004283c     LIBCMT:crt0init.obj
 0002:00000940       ___xt_a                    10042940     LIBCMT:crt0init.obj
 0002:00000a44       ___xt_z                    10042a44     LIBCMT:crt0init.obj
 0002:00000b88       _FingerStrokeAssistance_M  10042b88     FingerStrokeAssistance.obj
 0002:00000b8c       ??_C@_0BI@PBFPDHLE@Error?5creating?5scope?54?6?$AA@ 10042b8c     FingerStrokeAssistance.obj
 0002:00000ba8       ??_C@_0BG@FLOHFMFJ@MATLAB?5Function?1p2?1s2?$AA@ 10042ba8     FingerStrokeAssistance.obj
 0002:00000bc4       ??_C@_0DB@ENPBKHPM@Robot?1account?5for?5handedness1?1MA@ 10042bc4     FingerStrokeAssistance.obj
 0002:00000c00       ??_C@_0O@CAPLFIJB@Robot?1Gain?1s2?$AA@ 10042c00     FingerStrokeAssistance.obj
 0002:00000c10       ??_C@_0BG@JDAHNDCJ@MATLAB?5Function?1p7?1s2?$AA@ 10042c10     FingerStrokeAssistance.obj
 0002:00000c2c       ??_C@_0N@NDALLKN@Robot?1Sum?1s2?$AA@ 10042c2c     FingerStrokeAssistance.obj
 0002:00000c3c       ??_C@_0O@DNKOCOOP@f_ref2?3?$CF15?46f?$AA@ 10042c3c     FingerStrokeAssistance.obj
 0002:00000c4c       ??_C@_0BA@BAONOGED@enc_raw2?3?$CF15?46f?$AA@ 10042c4c     FingerStrokeAssistance.obj
 0002:00000c60       ??_C@_0BB@NKMEAAFC@enc_norm2?3?$CF15?46f?$AA@ 10042c60     FingerStrokeAssistance.obj
 0002:00000c74       ??_C@_0BB@GFJCGJHB@pos_ref_2?3?$CF15?46f?$AA@ 10042c74     FingerStrokeAssistance.obj
[...]
 0003:00004128       __maxwait                  1005c128     LIBCMT:crtheap.obj
 0003:0000412c       ?__pInconsistency@@3P6AXXZA 1005c12c     LIBCMT:hooks.obj
 0003:00004130       ___pPurecall               1005c130     LIBCMT:inithelp.obj
 0003:0000414c       ___mbcodepage              1005c14c     LIBCMT:mbctype.obj
 0003:00004150       ___ismbcodepage            1005c150     LIBCMT:mbctype.obj
 0003:00004154       ___mbulinfo                1005c154     LIBCMT:mbctype.obj
 0003:00004160       ___mblocalename            1005c160     LIBCMT:mbctype.obj
 0003:00004168       ___pioinfo                 1005c168     LIBCMT:ioinit.obj
 0003:00004268       ___error_mode              1005c268     LIBCMT:errmode.obj
 0003:00004388       __outputformat             1005c388     LIBCMT:outputformat.obj
 0003:00004390       __commode                  1005c390     LIBCMT:ncommode.obj
 0003:00004394       ___lconv_static_null       1005c394     LIBCMT:lconv.obj
 0003:00004398       ___lconv_static_W_null     1005c398     LIBCMT:lconv.obj
 0003:0000439c       ___locale_changed          1005c39c     LIBCMT:wsetloca.obj
 0003:000043a0       __fmode                    1005c3a0     LIBCMT:txtmode.obj
 0003:000043c0       _CANAC2_2_receiveindex_mb3 1005c3c0     <common>
 0003:00007494       _CANAC2_2_receivemaxindex_mb3 1005f494     <common>
 0003:000074a0       _CANAC2_2_sendindex_mb3    1005f4a0     <common>
 0003:000077c0       _CANAC2_2_sendmaxindex_mb3 1005f7c0     <common>
 0003:000077e0       _CANAC2_1_receiveindex_mb3 1005f7e0     <common>
 0003:00007b00       _CANAC2_1_receivemaxindex_mb3 1005fb00     <common>
 0003:00007b20       _CANAC2_1_sendindex_mb3    1005fb20     <common>
 0003:00007e40       _CANAC2_1_sendmaxindex_mb3 1005fe40     <common>
 0003:00007e60       _CANAC2_2_receive_mb3      1005fe60     <common>
 0003:00008180       _CANAC2_2_send_mb3         10060180     <common>
 0003:000084a0       _CANAC2_1_receive_mb3      100604a0     <common>
 0003:000087c0       _CANAC2_1_send_mb3         100607c0     <common>
 0003:00008ae0       _CANAC2_2_receiveindex_mb2 10060ae0     <common>
 0003:00008e00       _CANAC2_2_receivemaxindex_mb2 10060e00     <common>
 0003:00008e20       _CANAC2_2_sendindex_mb2    10060e20     <common>
 0003:00009140       _CANAC2_2_sendmaxindex_mb2 10061140     <common>
 0003:00009160       _CANAC2_1_receiveindex_mb2 10061160     <common>
 0003:00009480       _CANAC2_1_receivemaxindex_mb2 10061480     <common>
 0003:000094a0       _CANAC2_1_sendindex_mb2    100614a0     <common>
 0003:000097c0       _CANAC2_1_sendmaxindex_mb2 100617c0     <common>
 0003:000097e0       _CANAC2_2_receive_mb2      100617e0     <common>
 0003:00009b00       _CANAC2_2_send_mb2         10061b00     <common>
 0003:00009e20       _CANAC2_1_receive_mb2      10061e20     <common>
 0003:0000a140       _CANAC2_1_send_mb2         10062140     <common>
 0003:0000a460       _CANAC2_2_receiveindex_mb1 10062460     <common>
 0003:0000a780       _CANAC2_2_receivemaxindex_mb1 10062780     <common>
 0003:0000a7a0       _CANAC2_2_sendindex_mb1    100627a0     <common>
 0003:0000aac0       _CANAC2_2_sendmaxindex_mb1 10062ac0     <common>
 0003:0000aae0       _CANAC2_1_receiveindex_mb1 10062ae0     <common>
 0003:0000ae00       _CANAC2_1_receivemaxindex_mb1 10062e00     <common>
 0003:0000ae20       _CANAC2_1_sendindex_mb1    10062e20     <common>
 0003:0000b140       _CANAC2_1_sendmaxindex_mb1 10063140     <common>
 0003:0000b160       _CANAC2_2_receive_mb1      10063160     <common>
 0003:0000b480       _CANAC2_2_send_mb1         10063480     <common>
 0003:0000b7a0       _CANAC2_1_receive_mb1      100637a0     <common>
 0003:0000bac0       _CANAC2_1_send_mb1         10063ac0     <common>
 0003:0000bde0       _CANAC2_2_receiveindex     10063de0     <common>
 0003:0000c100       _CANAC2_2_receivemaxindex  10064100     <common>
 0003:0000c120       _CANAC2_2_sendindex        10064120     <common>
 0003:0000c440       _CANAC2_2_sendmaxindex     10064440     <common>
 0003:0000c460       _CANAC2_1_receiveindex     10064460     <common>
 0003:0000c780       _CANAC2_1_receivemaxindex  10064780     <common>
 0003:0000c7a0       _CANAC2_1_sendindex        100647a0     <common>
 0003:0000cac0       _CANAC2_1_sendmaxindex     10064ac0     <common>
 0003:0000cae0       _CANAC2_2_receive          10064ae0     <common>
 0003:0000ce00       _CANAC2_2_send             10064e00     <common>
 0003:0000d120       _CANAC2_1_receive          10065120     <common>
 0003:0000d440       _CANAC2_1_send             10065440     <common>
 0003:0000d760       _siepowercan_can_object_buffer_port2 10065760     <common>
 0003:00011780       _siepowercan_can_object_buffer_port1 10069780     <common>
 0003:00015780       _rtNaNF                    1006d780     <common>
 0003:00015794       _rtMinusInfF               1006d794     <common>
 0003:00015798       _rtInfF                    1006d798     <common>
 0003:000157a0       _rtNaN                     1006d7a0     <common>
 0003:000157a8       _rtMinusInf                1006d7a8     <common>
 0003:000157b0       _rtInf                     1006d7b0     <common>
 0003:000157c0       _FingerStrokeAssistance_M_ 1006d7c0     <common>
 0003:000173c9       _FingerStrokeAssistance_PrevZCX 1006f3c9     <common>
 0003:000173e0       _FingerStrokeAssistance_DW 1006f3e0     <common>
 0003:00017780       _FingerStrokeAssistance_B  1006f780     <common>
 0003:00017db0       _xpceaddEvent              1006fdb0     <common>
 0003:00017e00       _xpceDeRegisterISR         1006fe00     <common>
 0003:00017e04       _xpceRegisterISR           1006fe04     <common>
 0003:00017e08       _xpcIsModelInit            1006fe08     <common>
 0003:00017e0c       _xpcGetElapsedTime         1006fe0c     <common>
 0003:00017e10       _xpcBusyWait               1006fe10     <common>
 0003:00017e14       _xpcFreePhysicalMemory     1006fe14     <common>
 0003:00017e18       _xpcAllocPhysicalMemory    1006fe18     <common>
 0003:00017e1c       _xpcReserveMemoryRegion    1006fe1c     <common>
 0003:00017e20       _xpcOutpB                  1006fe20     <common>
 0003:00017e24       _xpcOutpW                  1006fe24     <common>
 0003:00017e28       _xpcOutpDW                 1006fe28     <common>
 0003:00017e2c       _xpcInpB                   1006fe2c     <common>
 0003:00017e30       _xpcInpW                   1006fe30     <common>
 0003:00017e34       _xpcInpDW                  1006fe34     <common>
 0003:00017e38       _slTestRegAssessment       1006fe38     <common>
 0003:00017e3c       _slTestTerminate           1006fe3c     <common>
 0003:00017e40       _slTestEvalOnFail          1006fe40     <common>
 0003:00017e44       _slTestLogAssessments      1006fe44     <common>
 0003:00017e48       _slTestInitialize          1006fe48     <common>
 0003:00017e4c       _unRegisterPTPTimeRead     1006fe4c     <common>
 0003:00017e50       _registerPTPTimeRead       1006fe50     <common>
 0003:00017e54       _slrteGetCurrentStepSize   1006fe54     <common>
 0003:00017e58       _slrteSetStepSizeDelta     1006fe58     <common>
 0003:00017e5c       _xpceGetIntTimerGranularityNS 1006fe5c     <common>
 0003:00017e60       _sendToAsyncQueueTgtAppSvc 1006fe60     <common>
 0003:00017e64       _terminateToAsyncQueueTgtAppSvc 1006fe64     <common>
 0003:00017e68       _startToAsyncQueueTgtAppSvc 1006fe68     <common>
 0003:00017e6c       _getStatusFlags            1006fe6c     <common>
 0003:00017e70       _getCommService            1006fe70     <common>
 0003:00017e74       _getMemoryService          1006fe74     <common>
 0003:00017e78       _StreamVideo               1006fe78     <common>
 0003:00017e7c       _StopVideoDisplay          1006fe7c     <common>
 0003:00017e80       _StartVideoDisplay         1006fe80     <common>
 0003:00017e84       _DestroyVideoDisplay       1006fe84     <common>
 0003:00017e88       _CreateVideoDisplay        1006fe88     <common>
 0003:00017e8c       _ConvertUImage             1006fe8c     <common>
 0003:00017e90       _StopVideo                 1006fe90     <common>
 0003:00017e94       _ReadFrameBuffer           1006fe94     <common>
 0003:00017e98       _StartVideo                1006fe98     <common>
 0003:00017e9c       _GetVideoConfigs           1006fe9c     <common>
 0003:00017ea0       _FindUsbVideoDevice        1006fea0     <common>
 0003:00017ea4       _xpceDeleteSemaphore       1006fea4     <common>
 0003:00017ea8       _xpceSignalSemaphore       1006fea8     <common>
 0003:00017eac       _xpceWaitSemaphore         1006feac     <common>
 0003:00017eb0       _xpceCreateSemaphore       1006feb0     <common>
 0003:00017eb4       _TBGiveSpinFast            1006feb4     <common>
 0003:00017eb8       _TBTakeSpinFast            1006feb8     <common>
 0003:00017ebc       _TBDeleteSpin              1006febc     <common>
 0003:00017ec0       _TBCreateSpin              1006fec0     <common>
 0003:00017ec4       _xpceScopeAcqOK            1006fec4     <common>
 0003:00017ec8       _rl32eRestartAcquisition   1006fec8     <common>
 0003:00017ecc       _rl32eSetTargetScopeSigFt  1006fecc     <common>
 0003:00017ed0       _rl32eSetTargetScope       1006fed0     <common>
 0003:00017ed4       _xpceFSScopeSet            1006fed4     <common>
 0003:00017ed8       _rl32eSetScope             1006fed8     <common>
 0003:00017edc       _rl32eAddSignal            1006fedc     <common>
 0003:00017ee0       _rl32eGetSignalNo          1006fee0     <common>
 0003:00017ee4       _rl32eDefScope             1006fee4     <common>
 0003:00017ee8       _rl32eScopeExists          1006fee8     <common>
 0003:00017eec       _xpceUDPClose              1006feec     <common>
 0003:00017ef0       _xpceUDPReceive            1006fef0     <common>
 0003:00017ef4       _xpceUDPSend               1006fef4     <common>
 0003:00017ef8       _xpceUDPOpenReceive        1006fef8     <common>
 0003:00017efc       _xpceUDPOpenSend           1006fefc     <common>
 0003:00017f00       _rl32eSendBlock            1006ff00     <common>
 0003:00017f04       _rl32eLineStatus           1006ff04     <common>
 0003:00017f08       _rl32eReceiveBufferCount   1006ff08     <common>
 0003:00017f0c       _rl32eReceiveChar          1006ff0c     <common>
 0003:00017f10       _rl32eSendChar             1006ff10     <common>
 0003:00017f14       _rl32eCloseCOMPort         1006ff14     <common>
 0003:00017f18       _rl32eInitCOMPort          1006ff18     <common>
 0003:00017f1c       _xpceGetParamDims          1006ff1c     <common>
 0003:00017f20       _xpceGetParameter          1006ff20     <common>
 0003:00017f24       _xpceSetParameter          1006ff24     <common>
 0003:00017f28       _xpceGetSignalValue        1006ff28     <common>
 0003:00017f2c       _xpceAssignPCIInterrupt    1006ff2c     <common>
 0003:00017f30       _rl32eGetPCIInfoAtSlot     1006ff30     <common>
 0003:00017f34       _rl32eGetPCIInfo           1006ff34     <common>
 0003:00017f38       _rl32eShowPCIInfo          1006ff38     <common>
 0003:00017f3c       _rl32eShowPCIDev           1006ff3c     <common>
 0003:00017f40       _xpceGetTET                1006ff40     <common>
 0003:00017f44       _xpceFTSubtract            1006ff44     <common>
 0003:00017f48       _xpceFTAdd                 1006ff48     <common>
 0003:00017f4c       _xpceFTReadTime            1006ff4c     <common>
 0003:00017f50       ___unguarded_readlc_active 1006ff50     <common>
 0003:00017f60       ___setlc_active            1006ff60     <common>
 0003:00017f64       __nhandle                  1006ff64     <common>
 0003:00017f80       _encodedKERNEL32Functions  1006ff80     <common>
 0003:00018028       __debugger_hook_dummy      10070028     <common>
 0003:00018034       ___use_sse2_mathfcns       10070034     <common>
 0003:00018040       __pmatherr                 10070040     <common>
 0003:0001804c       __pDestructExceptionObject 1007004c     <common>
 0003:00018058       __acmdln                   10070058     <common>
 0003:00018080       __bufin                    10070080     <common>
 0003:000193bc       ___piob                    100713bc     <common>
 0003:000193c0       __nstream                  100713c0     <common>
 0003:000193c4       ___dyn_tls_init_callback   100713c4     <common>
 0003:000193d4       ___onexitend               100713d4     <common>
 0003:000193d8       ___onexitbegin             100713d8     <common>
 0003:000193dc       ___mbctype_initialized     100713dc     <common>
 0003:000193e0       ___env_initialized         100713e0     <common>
 0004:00000000       __imp__GetModuleHandleA@4  10072000     kernel32:KERNEL32.dll
 0004:00000004       __imp__GetProcAddress@8    10072004     kernel32:KERNEL32.dll
 0004:00000008       __imp__HeapAlloc@12        10072008     kernel32:KERNEL32.dll
 0004:0000000c       __imp__IsDebuggerPresent@0 1007200c     kernel32:KERNEL32.dll
 0004:00000010       __imp__IsProcessorFeaturePresent@4 10072010     kernel32:KERNEL32.dll
 0004:00000014       __imp__EncodePointer@4     10072014     kernel32:KERNEL32.dll
 0004:00000018       __imp__DecodePointer@4     10072018     kernel32:KERNEL32.dll
 0004:0000001c       __imp__GetLastError@0      1007201c     kernel32:KERNEL32.dll
 0004:00000020       __imp__ExitProcess@4       10072020     kernel32:KERNEL32.dll
 0004:00000024       __imp__GetModuleHandleExW@12 10072024     kernel32:KERNEL32.dll
 0004:00000028       __imp__AreFileApisANSI@0   10072028     kernel32:KERNEL32.dll
 0004:0000002c       __imp__MultiByteToWideChar@24 1007202c     kernel32:KERNEL32.dll
 0004:00000030       __imp__WideCharToMultiByte@32 10072030     kernel32:KERNEL32.dll
 0004:00000034       __imp__HeapFree@12         10072034     kernel32:KERNEL32.dll
 0004:00000038       __imp__HeapReAlloc@16      10072038     kernel32:KERNEL32.dll
 0004:0000003c       __imp__EnterCriticalSection@4 1007203c     kernel32:KERNEL32.dll
 0004:00000040       __imp__LeaveCriticalSection@4 10072040     kernel32:KERNEL32.dll
 0004:00000044       __imp__GetStdHandle@4      10072044     kernel32:KERNEL32.dll
 0004:00000048       __imp__GetFileType@4       10072048     kernel32:KERNEL32.dll
 0004:0000004c       __imp__GetModuleFileNameW@12 1007204c     kernel32:KERNEL32.dll
 0004:00000050       __imp__WriteConsoleW@20    10072050     kernel32:KERNEL32.dll
 0004:00000054       __imp__GetCommandLineA@0   10072054     kernel32:KERNEL32.dll
 0004:00000058       __imp__GetCurrentThreadId@0 10072058     kernel32:KERNEL32.dll
 0004:0000005c       __imp__WriteFile@20        1007205c     kernel32:KERNEL32.dll
 0004:00000060       __imp__GetProcessHeap@0    10072060     kernel32:KERNEL32.dll
 0004:00000064       __imp__UnhandledExceptionFilter@4 10072064     kernel32:KERNEL32.dll
 0004:00000068       __imp__SetUnhandledExceptionFilter@4 10072068     kernel32:KERNEL32.dll
 0004:0000006c       __imp__SetLastError@4      1007206c     kernel32:KERNEL32.dll
 0004:00000070       __imp__InitializeCriticalSectionAndSpinCount@8 10072070     kernel32:KERNEL32.dll
 0004:00000074       __imp__CreateEventW@16     10072074     kernel32:KERNEL32.dll
 0004:00000078       __imp__Sleep@4             10072078     kernel32:KERNEL32.dll
 0004:0000007c       __imp__GetCurrentProcess@0 1007207c     kernel32:KERNEL32.dll
 0004:00000080       __imp__TerminateProcess@8  10072080     kernel32:KERNEL32.dll
 0004:00000084       __imp__TlsAlloc@0          10072084     kernel32:KERNEL32.dll
 0004:00000088       __imp__TlsGetValue@4       10072088     kernel32:KERNEL32.dll
 0004:0000008c       __imp__TlsSetValue@8       1007208c     kernel32:KERNEL32.dll
 0004:00000090       __imp__TlsFree@4           10072090     kernel32:KERNEL32.dll
 0004:00000094       __imp__GetStartupInfoW@4   10072094     kernel32:KERNEL32.dll
 0004:00000098       __imp__GetTickCount@0      10072098     kernel32:KERNEL32.dll
 0004:0000009c       __imp__GetModuleHandleW@4  1007209c     kernel32:KERNEL32.dll
 0004:000000a0       __imp__CreateSemaphoreW@16 100720a0     kernel32:KERNEL32.dll
 0004:000000a4       __imp__DeleteCriticalSection@4 100720a4     kernel32:KERNEL32.dll
 0004:000000a8       __imp__FatalAppExitA@8     100720a8     kernel32:KERNEL32.dll
 0004:000000ac       __imp__SetConsoleCtrlHandler@8 100720ac     kernel32:KERNEL32.dll
 0004:000000b0       __imp__FreeLibrary@4       100720b0     kernel32:KERNEL32.dll
 0004:000000b4       __imp__LoadLibraryExW@12   100720b4     kernel32:KERNEL32.dll
 0004:000000b8       __imp__IsValidCodePage@4   100720b8     kernel32:KERNEL32.dll
 0004:000000bc       __imp__GetACP@0            100720bc     kernel32:KERNEL32.dll
 0004:000000c0       __imp__GetOEMCP@0          100720c0     kernel32:KERNEL32.dll
 0004:000000c4       __imp__GetCPInfo@8         100720c4     kernel32:KERNEL32.dll
 0004:000000c8       __imp__CloseHandle@4       100720c8     kernel32:KERNEL32.dll
 0004:000000cc       __imp__RtlUnwind@16        100720cc     kernel32:KERNEL32.dll
 0004:000000d0       __imp__ReadFile@20         100720d0     kernel32:KERNEL32.dll
 0004:000000d4       __imp__GetConsoleMode@8    100720d4     kernel32:KERNEL32.dll
 0004:000000d8       __imp__ReadConsoleW@20     100720d8     kernel32:KERNEL32.dll
 0004:000000dc       __imp__GetConsoleCP@0      100720dc     kernel32:KERNEL32.dll
 0004:000000e0       __imp__DeleteFileW@4       100720e0     kernel32:KERNEL32.dll
 0004:000000e4       __imp__SetFilePointerEx@20 100720e4     kernel32:KERNEL32.dll
 0004:000000e8       __imp__RaiseException@16   100720e8     kernel32:KERNEL32.dll
 0004:000000ec       __imp__OutputDebugStringW@4 100720ec     kernel32:KERNEL32.dll
 0004:000000f0       __imp__GetCurrentThread@0  100720f0     kernel32:KERNEL32.dll
 0004:000000f4       __imp__GetModuleFileNameA@12 100720f4     kernel32:KERNEL32.dll
 0004:000000f8       __imp__QueryPerformanceCounter@4 100720f8     kernel32:KERNEL32.dll
 0004:000000fc       __imp__GetCurrentProcessId@0 100720fc     kernel32:KERNEL32.dll
 0004:00000100       __imp__GetSystemTimeAsFileTime@4 10072100     kernel32:KERNEL32.dll
 0004:00000104       __imp__GetEnvironmentStringsW@0 10072104     kernel32:KERNEL32.dll
 0004:00000108       __imp__FreeEnvironmentStringsW@4 10072108     kernel32:KERNEL32.dll
 0004:0000010c       __imp__HeapSize@12         1007210c     kernel32:KERNEL32.dll
 0004:00000110       __imp__GetDateFormatW@24   10072110     kernel32:KERNEL32.dll
 0004:00000114       __imp__GetTimeFormatW@24   10072114     kernel32:KERNEL32.dll
 0004:00000118       __imp__CompareStringW@24   10072118     kernel32:KERNEL32.dll
 0004:0000011c       __imp__LCMapStringW@24     1007211c     kernel32:KERNEL32.dll
 0004:00000120       __imp__GetLocaleInfoW@16   10072120     kernel32:KERNEL32.dll
 0004:00000124       __imp__IsValidLocale@8     10072124     kernel32:KERNEL32.dll
 0004:00000128       __imp__GetUserDefaultLCID@0 10072128     kernel32:KERNEL32.dll
 0004:0000012c       __imp__EnumSystemLocalesW@8 1007212c     kernel32:KERNEL32.dll
 0004:00000130       __imp__GetStringTypeW@16   10072130     kernel32:KERNEL32.dll
 0004:00000134       __imp__FlushFileBuffers@4  10072134     kernel32:KERNEL32.dll
 0004:00000138       __imp__SetStdHandle@8      10072138     kernel32:KERNEL32.dll
 0004:0000013c       __imp__CreateFileW@28      1007213c     kernel32:KERNEL32.dll
 0004:00000140       __imp__SetEndOfFile@4      10072140     kernel32:KERNEL32.dll
 0004:00000144       \177KERNEL32_NULL_THUNK_DATA 10072144     kernel32:KERNEL32.dll
 0004:000001b0       __IMPORT_DESCRIPTOR_KERNEL32 100721b0     kernel32:KERNEL32.dll
 0004:000001c4       __NULL_IMPORT_DESCRIPTOR   100721c4     kernel32:KERNEL32.dll

 entry point at        0001:00016d83

