 FingerStrokeAssistance_xpc

 Timestamp is 58a21b6e (Mon Feb 13 12:47:42 2017)

 Preferred load address is 10000000

 Start         Length     Name                   Class
 0001:00000000 000404a5H .text$mn                CODE
 0002:00000000 00000104H .CRT$XCA                DATA
 0002:00000104 00000104H .CRT$XCZ                DATA
 0002:00000208 00000104H .CRT$XIA                DATA
 0002:0000030c 00000118H .CRT$XIC                DATA
 0002:00000424 00000104H .CRT$XIZ                DATA
 0002:00000528 00000104H .CRT$XPA                DATA
 0002:0000062c 00000109H .CRT$XPX                DATA
 0002:00000738 00000104H .CRT$XPXA               DATA
 0002:0000083c 00000104H .CRT$XPZ                DATA
 0002:00000940 00000104H .CRT$XTA                DATA
 0002:00000a44 00000104H .CRT$XTZ                DATA
 0002:00000b50 00012c13H .rdata                  DATA
 0002:00013764 000001c4H .rdata$debug            DATA
 0002:00013930 0000010eH .rdata$sxdata           DATA
 0002:00013a40 00000104H .rtc$IAA                DATA
 0002:00013b44 00000104H .rtc$IZZ                DATA
 0002:00013c48 00000104H .rtc$TAA                DATA
 0002:00013d4c 00000104H .rtc$TZZ                DATA
 0002:00013e50 00000991H .xdata$x                DATA
 0002:000147f0 00000226H .edata                  DATA
 0003:00000000 00002cbfH .data                   DATA
 0003:00002cc0 000163c4H .bss                    DATA
 0004:00000000 000001b0H .idata$5                DATA
 0004:000001b0 00000014H .idata$2                DATA
 0004:000001c4 00000014H .idata$3                DATA
 0004:000001d8 000001b0H .idata$4                DATA
 0004:00000388 0000076bH .idata$6                DATA

  Address         Publics by Value              Rva+Base       Lib:Object

 0000:00000000       ___guard_fids_table        00000000     <absolute>
 0000:00000000       ___guard_flags             00000000     <absolute>
 0000:00000000       ___guard_fids_count        00000000     <absolute>
 0000:00000000       __except_list              00000000     <absolute>
 0000:00000003       ___safe_se_handler_count   00000003     <absolute>
 0000:00000000       ___ImageBase               10000000     <linker-defined>
 0001:00000460       _FingerStrokeAssi_MATLABFunction 10001460 f   FingerStrokeAssistance.obj
 0001:000004c0       _FingerStrokeAssistance    100014c0 f   FingerStrokeAssistance.obj
 0001:00001680       _FingerStrokeAssistance_gainramp 10002680 f   FingerStrokeAssistance.obj
 0001:00003a00       _MdlInitialize             10004a00 f   FingerStrokeAssistance.obj
 0001:00003a10       _MdlInitializeSampleTimes  10004a10 f   FingerStrokeAssistance.obj
 0001:00003a20       _MdlInitializeSizes        10004a20 f   FingerStrokeAssistance.obj
 0001:00003a30       _MdlOutputs                10004a30 f   FingerStrokeAssistance.obj
 0001:00003a40       _MdlStart                  10004a40 f   FingerStrokeAssistance.obj
 0001:00003a50       _MdlTerminate              10004a50 f   FingerStrokeAssistance.obj
 0001:00003ab0       _MdlUpdate                 10004ab0 f   FingerStrokeAssistance.obj
 0001:00003ac0       _rt_powd_snf               10004ac0 f   FingerStrokeAssistance.obj
 0001:00003d50       _rt_roundd_snf             10004d50 f   FingerStrokeAssistance.obj
 0001:00003e50       _FingerStrokeAssistance_GetCAPIStaticMap 10004e50 f   FingerStrokeAssistance_capi.obj
 0001:00003e60       _FingerStrokeAssistance_InitializeDataMapInfo 10004e60 f   FingerStrokeAssistance_capi.obj
 0001:00003ef0       _TgtConnBackgroundTask     10004ef0 f   FingerStrokeAssistance_tgtconn.obj
 0001:00003f00       _TgtConnInit               10004f00 f   FingerStrokeAssistance_tgtconn.obj
 0001:00003f20       _TgtConnPostStep           10004f20 f   FingerStrokeAssistance_tgtconn.obj
 0001:00003f30       _TgtConnPreStep            10004f30 f   FingerStrokeAssistance_tgtconn.obj
 0001:00003f40       _TgtConnTerm               10004f40 f   FingerStrokeAssistance_tgtconn.obj
 0001:00003f50       _rtGetInf                  10004f50 f   rtGetInf.obj
 0001:00003f80       _rtGetInfF                 10004f80 f   rtGetInf.obj
 0001:00003fa0       _rtGetMinusInf             10004fa0 f   rtGetInf.obj
 0001:00003fd0       _rtGetMinusInfF            10004fd0 f   rtGetInf.obj
 0001:00003ff0       _rtGetNaN                  10004ff0 f   rtGetNaN.obj
 0001:00004020       _rtGetNaNF                 10005020 f   rtGetNaN.obj
 0001:00004950       _rt_CreateLogVar           10005950 f   rt_logging.obj
 0001:000049e0       _rt_CreateLogVarWithConvert 100059e0 f   rt_logging.obj
 0001:00005360       _rt_CreateStructLogVar     10006360 f   rt_logging.obj
 0001:000060d0       _rt_GetMxIdFromDTypeId     100070d0 f   rt_logging.obj
 0001:00006100       _rt_GetMxIdFromDTypeIdForRSim 10007100 f   rt_logging.obj
 0001:00008a40       _rt_StartDataLogging       10009a40 f   rt_logging.obj
 0001:00008f00       _rt_StartDataLoggingWithStartTime 10009f00 f   rt_logging.obj
 0001:00009860       _rt_StopDataLogging        1000a860 f   rt_logging.obj
 0001:00009880       _rt_StopDataLoggingImpl    1000a880 f   rt_logging.obj
 0001:00009ba0       _rt_UpdateLogVar           1000aba0 f   rt_logging.obj
 0001:0000af60       _rt_UpdateStructLogVar     1000bf60 f   rt_logging.obj
 0001:0000aff0       _rt_UpdateTXXFYLogVars     1000bff0 f   rt_logging.obj
 0001:0000b330       _rt_UpdateTXYLogVars       1000c330 f   rt_logging.obj
 0001:0000b580       _rt_CleanUpForStateLogWithMMI 1000c580 f   rt_logging_mmi.obj
 0001:0000b690       _rt_FillStateSigInfoFromMMI 1000c690 f   rt_logging_mmi.obj
 0001:0000ba40       _rt_mxCreateCharMatrixFromStrings 1000ca40 f   rt_matrx.obj
 0001:0000bb90       _rt_mxCreateDoubleMatrix   1000cb90 f   rt_matrx.obj
 0001:0000bbf0       _rt_mxCreateNumericArray   1000cbf0 f   rt_matrx.obj
 0001:0000bc70       _rt_mxCreateString         1000cc70 f   rt_matrx.obj
 0001:0000bd00       _rt_mxDuplicateArray       1000cd00 f   rt_matrx.obj
 0001:0000bd60       _rt_mxGetDimensions        1000cd60 f   rt_matrx.obj
 0001:0000bda0       _rt_mxGetEps               1000cda0 f   rt_matrx.obj
 0001:0000bdb0       _rt_mxGetString            1000cdb0 f   rt_matrx.obj
 0001:0000be30       _rtIsInf                   1000ce30 f   rt_nonfinite.obj
 0001:0000be70       _rtIsInfF                  1000ce70 f   rt_nonfinite.obj
 0001:0000beb0       _rtIsNaN                   1000ceb0 f   rt_nonfinite.obj
 0001:0000bed0       _rtIsNaNF                  1000ced0 f   rt_nonfinite.obj
 0001:0000bef0       _rt_InitInfAndNaN          1000cef0 f   rt_nonfinite.obj
 0001:0000bf50       _rtPrintfNoOp              1000cf50 f   rt_printf.obj
 0001:0000bf60       _rtwCAPI_CountSysRan       1000cf60 f   rtw_modelmap_utils.obj
 0001:0000c000       _rtwCAPI_EncodePath        1000d000 f   rtw_modelmap_utils.obj
 0001:0000c0f0       _rtwCAPI_FillSysRan        1000d0f0 f   rtw_modelmap_utils.obj
 0001:0000c1e0       _rtwCAPI_FreeFullPaths     1000d1e0 f   rtw_modelmap_utils.obj
 0001:0000c270       _rtwCAPI_GetFullStateBlockPath 1000d270 f   rtw_modelmap_utils.obj
 0001:0000c420       _rtwCAPI_GetNumContStateRecords 1000d420 f   rtw_modelmap_utils.obj
 0001:0000c4e0       _rtwCAPI_GetNumSigLogRecords 1000d4e0 f   rtw_modelmap_utils.obj
 0001:0000c530       _rtwCAPI_GetNumSigLogRecordsForRTWLogging 1000d530 f   rtw_modelmap_utils.obj
 0001:0000c5c0       _rtwCAPI_GetNumStateRecords 1000d5c0 f   rtw_modelmap_utils.obj
 0001:0000c610       _rtwCAPI_GetNumStateRecordsForRTWLogging 1000d610 f   rtw_modelmap_utils.obj
 0001:0000c6a0       _rtwCAPI_GetSigAddrFromMap 1000d6a0 f   rtw_modelmap_utils.obj
 0001:0000c760       _rtwCAPI_GetSigLogRecordInfo 1000d760 f   rtw_modelmap_utils.obj
 0001:0000cb90       _rtwCAPI_GetStateRecordInfo 1000db90 f   rtw_modelmap_utils.obj
 0001:0000d040       _rtwCAPI_GetStateWidth     1000e040 f   rtw_modelmap_utils.obj
 0001:0000d0a0       _rtwCAPI_HasStates         1000e0a0 f   rtw_modelmap_utils.obj
 0001:0000d110       _rtwCAPI_UpdateFullPaths   1000e110 f   rtw_modelmap_utils.obj
 0001:0000d2f0       _DllMain@12                1000e2f0 f   xpctarget.obj
 0001:0000d300       _FingerStrokeAssistance_ChangeStepSize 1000e300 f   xpctarget.obj
 0001:0000d350       _SLRTSetErrorStatus        1000e350 f   xpctarget.obj
 0001:0000d370       _changeStepSize            1000e370 f   xpctarget.obj
 0001:0000d3c0       _getDLMVersion             1000e3c0 f   xpctarget.obj
 0001:0000d3d0       _getRefMdlPath             1000e3d0 f   xpctarget.obj
 0001:0000d450       _getRefMdlSignalNumber     1000e450 f   xpctarget.obj
 0001:0000d500       _getrlmdlinfo              1000e500 f   xpctarget.obj
 0001:0000d6e0       _updateDiscreteEvents      1000e6e0 f   xpctarget.obj
 0001:0000d6f0       _getNumRef                 1000e6f0 f   appmappingData.obj
 0001:0000d700       _encnipcim                 1000e700 f   encnipcim.obj
 0001:0000dd30       _adnipcim                  1000ed30 f   adnipcim.obj
 0001:0000e700       _danipcim                  1000f700 f   danipcim.obj
 0001:0000ef00       _niMIdentify               1000ff00 f   xpcionim.obj
 0001:0000f080       _niM_AISetup               10010080 f   xpcionim.obj
 0001:0000f490       _niM_AO_Setup              10010490 f   xpcionim.obj
 0001:0000f620       _niM_Cont_Pulse_Train_Generation 10010620 f   xpcionim.obj
 0001:0000f760       _niM_Counter_Reset_All     10010760 f   xpcionim.obj
 0001:0000f810       _niM_CtrArm                10010810 f   xpcionim.obj
 0001:0000f830       _niM_CtrDisarm             10010830 f   xpcionim.obj
 0001:0000f850       _niM_CtrReadArm            10010850 f   xpcionim.obj
 0001:0000f870       _niM_CtrReadDisarm         10010870 f   xpcionim.obj
 0001:0000f890       _niM_PeriodConfigure       10010890 f   xpcionim.obj
 0001:0000fa00       _niM_Private_Data          10010a00 f   xpcionim.obj
 0001:0000ffe0       _niM_SetPFIFilter          10010fe0 f   xpcionim.obj
 0001:00010060       _niM_SetPFI_DO             10011060 f   xpcionim.obj
 0001:000100b0       _niM_SetPFI_Select         100110b0 f   xpcionim.obj
 0001:00010130       _niM_aiConfigureChannel    10011130 f   xpcionim.obj
 0001:000101a0       _niM_aiGetScalingCoefficients 100111a0 f   xpcionim.obj
 0001:00010380       _niM_aiPolynomialScaler    10011380 f   xpcionim.obj
 0001:000104a0       _niM_analogTriggerReset    100114a0 f   xpcionim.obj
 0001:000104f0       _niM_aoConfigureDAC        100114f0 f   xpcionim.obj
 0001:00010540       _niM_aoGetScalingCoefficients 10011540 f   xpcionim.obj
 0001:000105f0       _niM_aoLinearScaler        100115f0 f   xpcionim.obj
 0001:00010620       _niM_configureTimebase     10011620 f   xpcionim.obj
 0001:00010640       _niM_eepromReadMSeries     10011640 f   xpcionim.obj
 0001:00010710       _niM_pllReset              10011710 f   xpcionim.obj
 0001:00010740       _niM_resetCtr              10011740 f   xpcionim.obj
 0001:00010760       _niM_whichBank             10011760 f   xpcionim.obj
 0001:000107a0       _niMconfig                 100117a0 f   xpcionim.obj
 0001:00010840       _GetPCIDeviceFull          10011840 f   xpcruntime:xpcimports.obj
 0001:00010870       _ShowPCIDevice             10011870 f   xpcruntime:xpcimports.obj
 0001:00010ee0       _xpcGetPciConfigAtSlot     10011ee0 f   xpcruntime:xpcimports.obj
 0001:00011160       _xpcInitProcs              10012160 f   xpcruntime:xpcimports.obj
 0001:00011cc0       _xpceuploadevent           10012cc0 f   xpcruntime:xpcimports.obj
 0001:00011cc1       __heap_alloc               10012cc1 f i LIBCMT:malloc.obj
 0001:00011cfe       _malloc                    10012cfe f   LIBCMT:malloc.obj
 0001:00011d90       __get_printf_count_output  10012d90 f   LIBCMT:printf.obj
 0001:00011da5       __printf_l                 10012da5 f   LIBCMT:printf.obj
 0001:00011dbc       __printf_p                 10012dbc f   LIBCMT:printf.obj
 0001:00011dd2       __printf_p_l               10012dd2 f   LIBCMT:printf.obj
 0001:00011de9       __printf_s_l               10012de9 f   LIBCMT:printf.obj
 0001:00011e00       __set_printf_count_output  10012e00 f   LIBCMT:printf.obj
 0001:00011e28       _printf                    10012e28 f   LIBCMT:printf.obj
 0001:00011ed7       _printf_s                  10012ed7 f   LIBCMT:printf.obj
 0001:00011eed       ___libm_sse2_exp           10012eed f   LIBCMT:exp_sse2.obj
 0001:00012103       ___libm_sse2_pow           10013103 f   LIBCMT:pow_sse2.obj
 0001:00012b80       _ceil                      10013b80 f   LIBCMT:ceil_pentium4.obj
 0001:00012bc0       __ceil_pentium4            10013bc0 f   LIBCMT:ceil_pentium4.obj
 0001:00012ca0       _memset                    10013ca0 f   LIBCMT:memset.obj
 0001:00012d30       __fpmath                   10013d30 f   LIBCMT:fpinit.obj
 0001:00012d47       ___setfflag                10013d47 f   LIBCMT:fpinit.obj
 0001:00012d5a       __cfltcvt_init             10013d5a f   LIBCMT:fpinit.obj
 0001:00012dba       ___raise_securityfailure   10013dba f   LIBCMT:gs_report.obj
 0001:00012df7       ___report_gsfailure        10013df7 f   LIBCMT:gs_report.obj
 0001:00012ef2       ___report_rangecheckfailure 10013ef2 f   LIBCMT:gs_report.obj
 0001:00012efe       ___report_securityfailure  10013efe f   LIBCMT:gs_report.obj
 0001:00012fce       ___report_securityfailureEx 10013fce f   LIBCMT:gs_report.obj
 0001:000130e4       ___copy_path_to_wide_string 100140e4 f   LIBCMT:crt0dat.obj
 0001:00013196       ___copy_to_char            10014196 f   LIBCMT:crt0dat.obj
 0001:0001324b       ___crtCorExitProcess       1001424b f   LIBCMT:crt0dat.obj
 0001:0001327f       ___crtExitProcess          1001427f f   LIBCMT:crt0dat.obj
 0001:00013295       ___freeCrtMemory           10014295 f   LIBCMT:crt0dat.obj
 0001:000133a2       __amsg_exit                100143a2 f   LIBCMT:crt0dat.obj
 0001:000133be       __c_exit                   100143be f   LIBCMT:crt0dat.obj
 0001:000133cd       __cexit                    100143cd f   LIBCMT:crt0dat.obj
 0001:000133dc       __cinit                    100143dc f   LIBCMT:crt0dat.obj
 0001:00013460       __exit                     10014460 f   LIBCMT:crt0dat.obj
 0001:00013474       __exit_app                 10014474 f   LIBCMT:crt0dat.obj
 0001:00013482       __get_pgmptr               10014482 f   LIBCMT:crt0dat.obj
 0001:000134b1       __get_wpgmptr              100144b1 f   LIBCMT:crt0dat.obj
 0001:000134e0       __init_pointers            100144e0 f   LIBCMT:crt0dat.obj
 0001:0001354e       __initterm_e               1001454e f   LIBCMT:crt0dat.obj
 0001:00013570       __lockexit                 10014570 f   LIBCMT:crt0dat.obj
 0001:00013579       __unlockexit               10014579 f   LIBCMT:crt0dat.obj
 0001:000136b1       _exit                      100146b1 f   LIBCMT:crt0dat.obj
 0001:000136c5       _calloc                    100146c5 f   LIBCMT:calloc.obj
 0001:00013705       _free                      10014705 f   LIBCMT:free.obj
 0001:0001373d       _realloc                   1001473d f   LIBCMT:realloc.obj
 0001:000137f0       _memmove                   100147f0 f   LIBCMT:memmove.obj
 0001:00013e40       _strchr                    10014e40 f   LIBCMT:strchr.obj
 0001:00013eae       ___from_strstr_to_strchr   10014eae     LIBCMT:strchr.obj
 0001:00013f70       _strncat                   10014f70 f   LIBCMT:strncat.obj
 0001:000140b0       _strncpy                   100150b0 f   LIBCMT:strncpy.obj
 0001:000141d4       ___initstdio               100151d4 f   LIBCMT:_file.obj
 0001:00014247       ___endstdio                10015247 f   LIBCMT:_file.obj
 0001:0001426e       ___iob_func                1001526e f   LIBCMT:_file.obj
 0001:00014274       __lock_file                10015274 f   LIBCMT:_file.obj
 0001:000142b3       __lock_file2               100152b3 f   LIBCMT:_file.obj
 0001:000142e3       __unlock_file              100152e3 f   LIBCMT:_file.obj
 0001:0001431d       __unlock_file2             1001531d f   LIBCMT:_file.obj
 0001:0001434a       __fclose_nolock            1001534a f   LIBCMT:fclose.obj
 0001:000143b6       _fclose                    100153b6 f   LIBCMT:fclose.obj
 0001:0001442d       __fsopen                   1001542d f   LIBCMT:fopen.obj
 0001:000144f1       _fopen                     100154f1 f   LIBCMT:fopen.obj
 0001:00014506       _fopen_s                   10015506 f   LIBCMT:fopen.obj
 0001:0001454b       __fprintf_l                1001554b f   LIBCMT:fprintf.obj
 0001:00014565       __fprintf_p                10015565 f   LIBCMT:fprintf.obj
 0001:0001457e       __fprintf_p_l              1001557e f   LIBCMT:fprintf.obj
 0001:00014598       __fprintf_s_l              10015598 f   LIBCMT:fprintf.obj
 0001:000145b2       _fprintf                   100155b2 f   LIBCMT:fprintf.obj
 0001:000146c4       _fprintf_s                 100156c4 f   LIBCMT:fprintf.obj
 0001:000146dd       __fread_nolock             100156dd f   LIBCMT:fread.obj
 0001:000146f8       __fread_nolock_s           100156f8 f   LIBCMT:fread.obj
 0001:000148bd       _fread                     100158bd f   LIBCMT:fread.obj
 0001:000148d8       _fread_s                   100158d8 f   LIBCMT:fread.obj
 0001:00014969       __fwrite_nolock            10015969 f   LIBCMT:fwrite.obj
 0001:00014ac2       _fwrite                    10015ac2 f   LIBCMT:fwrite.obj
 0001:00014b44       __unlink                   10015b44 f   LIBCMT:unlink.obj
 0001:00014b4d       _remove                    10015b4d f   LIBCMT:unlink.obj
 0001:00014b8f       _rewind                    10015b8f f   LIBCMT:rewind.obj
 0001:00014c4e       __scprintf                 10015c4e f   LIBCMT:sprintf.obj
 0001:00014c61       __scprintf_l               10015c61 f   LIBCMT:sprintf.obj
 0001:00014c78       __scprintf_p               10015c78 f   LIBCMT:sprintf.obj
 0001:00014c8b       __scprintf_p_l             10015c8b f   LIBCMT:sprintf.obj
 0001:00014ca2       __snprintf_s               10015ca2 f   LIBCMT:sprintf.obj
 0001:00014cc1       __snprintf_s_l             10015cc1 f   LIBCMT:sprintf.obj
 0001:00014ce1       __sprintf_l                10015ce1 f   LIBCMT:sprintf.obj
 0001:00014cfb       __sprintf_p                10015cfb f   LIBCMT:sprintf.obj
 0001:00014d17       __sprintf_p_l              10015d17 f   LIBCMT:sprintf.obj
 0001:00014d34       __sprintf_s_l              10015d34 f   LIBCMT:sprintf.obj
 0001:00014d51       _sprintf                   10015d51 f   LIBCMT:sprintf.obj
 0001:00014dd5       _sprintf_s                 10015dd5 f   LIBCMT:sprintf.obj
 0001:00014df1       _ldexp                     10015df1 f   LIBCMT:ldexp.obj
 0001:00014fdd       @__security_check_cookie@4 10015fdd f   LIBCMT:secchk.obj
 0001:00014ff0       __ftoui3                   10015ff0 f   LIBCMT:ftol3.obj
 0001:00014fff       __ftoul3                   10015fff f   LIBCMT:ftol3.obj
 0001:0001500e       __ftol3                    1001600e f   LIBCMT:ftol3.obj
 0001:0001501b       __ftol3_NaN                1001601b f   LIBCMT:ftol3.obj
 0001:00015033       __ftol3_work               10016033 f   LIBCMT:ftol3.obj
 0001:000150b9       __ftol3_common             100160b9 f   LIBCMT:ftol3.obj
 0001:0001517b       __ftol3_arg_error          1001617b f   LIBCMT:ftol3.obj
 0001:0001518d       __ftol3_except             1001618d f   LIBCMT:ftol3.obj
 0001:000151cf       __dtoui3                   100161cf f   LIBCMT:ftol3.obj
 0001:000151de       __dtoul3                   100161de f   LIBCMT:ftol3.obj
 0001:000151ed       __dtol3                    100161ed f   LIBCMT:ftol3.obj
 0001:000151fa       __dtol3_NaN                100161fa f   LIBCMT:ftol3.obj
 0001:00015217       __dtol3_work               10016217 f   LIBCMT:ftol3.obj
 0001:000152fc       __ultod3                   100162fc f   LIBCMT:ftol3.obj
 0001:0001538d       __ltod3                    1001638d f   LIBCMT:ftol3.obj
 0001:000153c0       _memcpy                    100163c0 f   LIBCMT:memcpy.obj
 0001:00015a04       ___isa_available_init      10016a04 f   LIBCMT:cpu_disp.obj
 0001:00015b7d       __invoke_watson_if_error   10016b7d f i LIBCMT:wassert.obj
 0001:00015b9d       __wassert                  10016b9d f   LIBCMT:wassert.obj
 0001:00016241       __CRT_INIT@12              10017241 f   LIBCMT:dllcrt0.obj
 0001:000163b3       __DllMainCRTStartup@12     100173b3 f   LIBCMT:dllcrt0.obj
 0001:000164e4       ___DllXcptFilter           100174e4 f   LIBCMT:dllcrt0.obj
 0001:00016509       ?_query_new_handler@@YAP6AHI@ZXZ 10017509 f   LIBCMT:handler.obj
 0001:00016516       ?_set_new_handler@@YAP6AHI@ZH@Z 10017516 f   LIBCMT:handler.obj
 0001:0001651f       ?_set_new_handler@@YAP6AHI@ZP6AHI@Z@Z 1001751f f   LIBCMT:handler.obj
 0001:00016554       __callnewh                 10017554 f   LIBCMT:handler.obj
 0001:0001657a       __initp_heap_handler       1001757a f   LIBCMT:handler.obj
 0001:00016587       __FF_MSGBANNER             10017587 f   LIBCMT:crt0msg.obj
 0001:000165c0       __GET_RTERRMSG             100175c0 f   LIBCMT:crt0msg.obj
 0001:000165e4       __NMSG_WRITE               100175e4 f   LIBCMT:crt0msg.obj
 0001:000167a1       ___doserrno                100177a1 f   LIBCMT:dosmap.obj
 0001:000167b4       __dosmaperr                100177b4 f   LIBCMT:dosmap.obj
 0001:000167d5       __errno                    100177d5 f   LIBCMT:dosmap.obj
 0001:000167e8       __get_doserrno             100177e8 f   LIBCMT:dosmap.obj
 0001:0001680b       __get_errno                1001780b f   LIBCMT:dosmap.obj
 0001:0001682e       __get_errno_from_oserr     1001782e f   LIBCMT:dosmap.obj
 0001:0001686f       __set_doserrno             1001786f f   LIBCMT:dosmap.obj
 0001:0001688e       __set_errno                1001788e f   LIBCMT:dosmap.obj
 0001:000168ad       __get_heap_handle          100178ad f   LIBCMT:heapinit.obj
 0001:000168b3       __heap_init                100178b3 f   LIBCMT:heapinit.obj
 0001:000168c8       __heap_term                100178c8 f   LIBCMT:heapinit.obj
 0001:000168d0       ?_invalid_parameter@@YAXPBG00II@Z 100178d0 f   LIBCMT:invarg.obj
 0001:000168d5       ?_invoke_watson@@YAXPBG00II@Z 100178d5 f   LIBCMT:invarg.obj
 0001:000168ed       __call_reportfault         100178ed f   LIBCMT:invarg.obj
 0001:00016a12       __get_invalid_parameter_handler 10017a12 f   LIBCMT:invarg.obj
 0001:00016a1f       __initp_misc_invarg        10017a1f f   LIBCMT:invarg.obj
 0001:00016a2c       __invalid_parameter        10017a2c f   LIBCMT:invarg.obj
 0001:00016a57       __invalid_parameter_noinfo 10017a57 f   LIBCMT:invarg.obj
 0001:00016a67       __invalid_parameter_noinfo_noreturn 10017a67 f   LIBCMT:invarg.obj
 0001:00016a82       __invoke_watson            10017a82 f   LIBCMT:invarg.obj
 0001:00016aad       __set_invalid_parameter_handler 10017aad f   LIBCMT:invarg.obj
 0001:00016ad2       __vprintf_l                10017ad2 f   LIBCMT:vprintf.obj
 0001:00016aed       __vprintf_p                10017aed f   LIBCMT:vprintf.obj
 0001:00016b07       __vprintf_p_l              10017b07 f   LIBCMT:vprintf.obj
 0001:00016b22       __vprintf_s_l              10017b22 f   LIBCMT:vprintf.obj
 0001:00016b3d       _vprintf                   10017b3d f   LIBCMT:vprintf.obj
 0001:00016b57       _vprintf_helper            10017b57 f   LIBCMT:vprintf.obj
 0001:00016be4       _vprintf_s                 10017be4 f   LIBCMT:vprintf.obj
 0001:00016bfe       __ftbuf                    10017bfe f   LIBCMT:_sftbuf.obj
 0001:00016c2f       __stbuf                    10017c2f f   LIBCMT:_sftbuf.obj
 0001:00016cd5       ??0_LocaleUpdate@@QAE@PAUlocaleinfo_struct@@@Z 10017cd5 f i LIBCMT:output.obj
 0001:00016d5d       ??1_LocaleUpdate@@QAE@XZ   10017d5d f i LIBCMT:output.obj
 0001:00016d6b       ?GetLocaleT@_LocaleUpdate@@QAEPAUlocaleinfo_struct@@XZ 10017d6b f i LIBCMT:output.obj
 0001:00016d6e       __output_l                 10017d6e f   LIBCMT:output.obj
 0001:000178ee       _get_int64_arg             100188ee f i LIBCMT:output.obj
 0001:00017901       _get_int_arg               10018901 f i LIBCMT:output.obj
 0001:00017911       _get_short_arg             10018911 f i LIBCMT:output.obj
 0001:00017a10       __SEH_prolog4              10018a10 f   LIBCMT:sehprolg4.obj
 0001:00017a55       __SEH_epilog4              10018a55 f   LIBCMT:sehprolg4.obj
 0001:00017ab0       __except_handler4          10018ab0 f   LIBCMT:chandler4.obj
 0001:00017c44       ___libm_error_support      10018c44 f   LIBCMT:libm_error.obj
 0001:00017f2c       ___libm_setusermatherr     10018f2c f   LIBCMT:libm_error.obj
 0001:00017f58       __sse2_mathfcns_init       10018f58 f   LIBCMT:mathfcns.obj
 0001:00017f67       __set_SSE2_enable          10018f67 f   LIBCMT:mathfcns.obj
 0001:00017f86       __ceil_default             10018f86 f   LIBCMT:ceil.obj
 0001:0001805d       __VEC_memset               1001905d f   LIBCMT:p4_memset.obj
 0001:00018125       ?strrchr@@YAPADPADH@Z      10019125 f i LIBCMT:cvt.obj
 0001:0001812e       __cfltcvt                  1001912e f   LIBCMT:cvt.obj
 0001:0001814f       __cfltcvt_l                1001914f f   LIBCMT:cvt.obj
 0001:000181d5       __cftoa                    100191d5 f   LIBCMT:cvt.obj
 0001:000181f3       __cftoa_l                  100191f3 f   LIBCMT:cvt.obj
 0001:0001854f       __cftoe                    1001954f f   LIBCMT:cvt.obj
 0001:000186be       __cftoe_l                  100196be f   LIBCMT:cvt.obj
 0001:0001878c       __cftof                    1001978c f   LIBCMT:cvt.obj
 0001:00018893       __cftof_l                  10019893 f   LIBCMT:cvt.obj
 0001:00018954       __cftog                    10019954 f   LIBCMT:cvt.obj
 0001:00018972       __cftog_l                  10019972 f   LIBCMT:cvt.obj
 0001:00018a71       __cropzeros                10019a71 f   LIBCMT:cvt.obj
 0001:00018a82       __cropzeros_l              10019a82 f   LIBCMT:cvt.obj
 0001:00018b02       __fassign                  10019b02 f   LIBCMT:cvt.obj
 0001:00018b1a       __fassign_l                10019b1a f   LIBCMT:cvt.obj
 0001:00018b5c       __forcdecpt                10019b5c f   LIBCMT:cvt.obj
 0001:00018b6d       __forcdecpt_l              10019b6d f   LIBCMT:cvt.obj
 0001:00018be1       __positive                 10019be1 f   LIBCMT:cvt.obj
 0001:00018c23       __setdefaultprecision      10019c23 f   LIBCMT:fp8.obj
 0001:00018c4a       __initp_misc_cfltcvt_tab   10019c4a f   LIBCMT:cmiscdat.obj
 0001:00018c69       __crt_debugger_hook        10019c69 f   LIBCMT:dbghook.obj
 0001:00018c9e       ___crtCloseThreadpoolTimer 10019c9e f   LIBCMT:winapisupp.obj
 0001:00018cb5       ___crtCloseThreadpoolWait  10019cb5 f   LIBCMT:winapisupp.obj
 0001:00018ccc       ___crtCreateEventExW       10019ccc f   LIBCMT:winapisupp.obj
 0001:00018d07       ___crtCreateSemaphoreExW   10019d07 f   LIBCMT:winapisupp.obj
 0001:00018d41       ___crtCreateSymbolicLinkW  10019d41 f   LIBCMT:winapisupp.obj
 0001:00018d6a       ___crtCreateThreadpoolTimer 10019d6a f   LIBCMT:winapisupp.obj
 0001:00018d8b       ___crtCreateThreadpoolWait 10019d8b f   LIBCMT:winapisupp.obj
 0001:00018dac       ___crtFlsAlloc             10019dac f   LIBCMT:winapisupp.obj
 0001:00018dca       ___crtFlsFree              10019dca f   LIBCMT:winapisupp.obj
 0001:00018de9       ___crtFlsGetValue          10019de9 f   LIBCMT:winapisupp.obj
 0001:00018e08       ___crtFlsSetValue          10019e08 f   LIBCMT:winapisupp.obj
 0001:00018e2a       ___crtFlushProcessWriteBuffers 10019e2a f   LIBCMT:winapisupp.obj
 0001:00018e3a       ___crtFreeLibraryWhenCallbackReturns 10019e3a f   LIBCMT:winapisupp.obj
 0001:00018e54       ___crtGetCurrentProcessorNumber 10019e54 f   LIBCMT:winapisupp.obj
 0001:00018e66       ___crtGetFileInformationByHandleEx 10019e66 f   LIBCMT:winapisupp.obj
 0001:00018e92       ___crtGetLogicalProcessorInformation 10019e92 f   LIBCMT:winapisupp.obj
 0001:00018eb8       ___crtGetShowWindowMode    10019eb8 f   LIBCMT:winapisupp.obj
 0001:00018edb       ___crtGetTickCount64       10019edb f   LIBCMT:winapisupp.obj
 0001:00018ef3       ___crtInitializeCriticalSectionEx 10019ef3 f   LIBCMT:winapisupp.obj
 0001:00018f21       ___crtIsPackagedApp        10019f21 f   LIBCMT:winapisupp.obj
 0001:00018f61       ___crtLoadWinApiPointers   10019f61 f   LIBCMT:winapisupp.obj
 0001:000191ec       ___crtSetFileInformationByHandle 1001a1ec f   LIBCMT:winapisupp.obj
 0001:00019218       ___crtSetThreadStackGuarantee 1001a218 f   LIBCMT:winapisupp.obj
 0001:00019233       ___crtSetThreadpoolTimer   1001a233 f   LIBCMT:winapisupp.obj
 0001:00019253       ___crtSetThreadpoolWait    1001a253 f   LIBCMT:winapisupp.obj
 0001:00019270       ___crtSetUnhandledExceptionFilter 1001a270 f   LIBCMT:winapisupp.obj
 0001:0001927e       ___crtSleep                1001a27e f   LIBCMT:winapisupp.obj
 0001:0001928c       ___crtTerminateProcess     1001a28c f   LIBCMT:winapisupp.obj
 0001:000192a1       ___crtUnhandledException   1001a2a1 f   LIBCMT:winapisupp.obj
 0001:000192b7       ___crtWaitForThreadpoolTimerCallbacks 1001a2b7 f   LIBCMT:winapisupp.obj
 0001:000192d1       __RTC_Initialize           1001a2d1 f   LIBCMT:initsect.obj
 0001:000192f1       __RTC_Terminate            1001a2f1 f   LIBCMT:initsect.obj
 0001:00019311       __lock                     1001a311 f   LIBCMT:mlock.obj
 0001:00019345       __lockerr_exit             1001a345 f   LIBCMT:mlock.obj
 0001:00019365       __mtdeletelocks            1001a365 f   LIBCMT:mlock.obj
 0001:000193b9       __mtinitlocknum            1001a3b9 f   LIBCMT:mlock.obj
 0001:00019462       __mtinitlocks              1001a462 f   LIBCMT:mlock.obj
 0001:0001949b       __unlock                   1001a49b f   LIBCMT:mlock.obj
 0001:000194b0       __FindPESection            1001a4b0 f   LIBCMT:pesect.obj
 0001:00019500       __IsNonwritableInCurrentImage 1001a500 f   LIBCMT:pesect.obj
 0001:000195c0       __ValidateImageBase        1001a5c0 f   LIBCMT:pesect.obj
 0001:000195f1       ___onexitinit              1001a5f1 f   LIBCMT:onexit.obj
 0001:00019620       __onexit                   1001a620 f   LIBCMT:onexit.obj
 0001:0001971c       _atexit                    1001a71c f   LIBCMT:onexit.obj
 0001:00019731       __calloc_crt               1001a731 f   LIBCMT:crtheap.obj
 0001:00019779       __malloc_crt               1001a779 f   LIBCMT:crtheap.obj
 0001:000197c0       __realloc_crt              1001a7c0 f   LIBCMT:crtheap.obj
 0001:0001980a       __recalloc_crt             1001a80a f   LIBCMT:crtheap.obj
 0001:00019858       __set_malloc_crt_max_wait  1001a858 f   LIBCMT:crtheap.obj
 0001:0001986b       _wait_a_bit                1001a86b f i LIBCMT:crtheap.obj
 0001:0001988f       ?_inconsistency@@YAXXZ     1001a88f f   LIBCMT:hooks.obj
 0001:000198c7       ?terminate@@YAXXZ          1001a8c7 f   LIBCMT:hooks.obj
 0001:000198fb       ?unexpected@@YAXXZ         1001a8fb f   LIBCMT:hooks.obj
 0001:0001990e       __initp_eh_hooks           1001a90e f   LIBCMT:hooks.obj
 0001:0001991f       ___getlocaleinfo           1001a91f f   LIBCMT:inithelp.obj
 0001:00019af8       __initp_misc_purevirt      1001aaf8 f   LIBCMT:inithelp.obj
 0001:00019b05       ___fpecode                 1001ab05 f   LIBCMT:winsig.obj
 0001:00019b0e       ___get_sigabrt             1001ab0e f   LIBCMT:winsig.obj
 0001:00019b1b       ___pxcptinfoptrs           1001ab1b f   LIBCMT:winsig.obj
 0001:00019b24       __initp_misc_winsig        1001ab24 f   LIBCMT:winsig.obj
 0001:00019be5       _raise                     1001abe5 f   LIBCMT:winsig.obj
 0001:00019dda       _signal                    1001adda f   LIBCMT:winsig.obj
 0001:0001a031       __initp_misc_rand_s        1001b031 f   LIBCMT:rand_s.obj
 0001:0001a03e       _rand_s                    1001b03e f   LIBCMT:rand_s.obj
 0001:0001a144       ___initmbctable            1001b144 f   LIBCMT:mbctype.obj
 0001:0001a3fb       ___updatetmbcinfo          1001b3fb f   LIBCMT:mbctype.obj
 0001:0001a4a1       __getmbcp                  1001b4a1 f   LIBCMT:mbctype.obj
 0001:0001a4d2       __setmbcp                  1001b4d2 f   LIBCMT:mbctype.obj
 0001:0001a67a       __setmbcp_nolock           1001b67a f   LIBCMT:mbctype.obj
 0001:0001a865       __calloc_impl              1001b865 f   LIBCMT:calloc_impl.obj
 0001:0001a8df       __fcloseall                1001b8df f   LIBCMT:closeall.obj
 0001:0001a97c       __fflush_nolock            1001b97c f   LIBCMT:fflush.obj
 0001:0001a9c2       __flush                    1001b9c2 f   LIBCMT:fflush.obj
 0001:0001aa26       __flushall                 1001ba26 f   LIBCMT:fflush.obj
 0001:0001aa2f       _fflush                    1001ba2f f   LIBCMT:fflush.obj
 0001:0001ab6c       __fileno                   1001bb6c f   LIBCMT:fileno.obj
 0001:0001ab90       __close                    1001bb90 f   LIBCMT:close.obj
 0001:0001ac6b       __close_nolock             1001bc6b f   LIBCMT:close.obj
 0001:0001ad05       __freebuf                  1001bd05 f   LIBCMT:_freebuf.obj
 0001:0001ad35       __getstream                1001bd35 f   LIBCMT:stream.obj
 0001:0001ae54       __openfile                 1001be54 f   LIBCMT:_open.obj
 0001:0001b0d0       __local_unwind4            1001c0d0 f   LIBCMT:exsup4.obj
 0001:0001b1a6       __seh_longjmp_unwind4@4    1001c1a6 f   LIBCMT:exsup4.obj
 0001:0001b1c2       @_EH4_CallFilterFunc@8     1001c1c2 f   LIBCMT:exsup4.obj
 0001:0001b1d9       @_EH4_TransferToHandler@8  1001c1d9 f   LIBCMT:exsup4.obj
 0001:0001b1f2       @_EH4_GlobalUnwind2@8      1001c1f2 f   LIBCMT:exsup4.obj
 0001:0001b20b       @_EH4_LocalUnwind@16       1001c20b f   LIBCMT:exsup4.obj
 0001:0001b222       __vfprintf_l               1001c222 f   LIBCMT:vfprintf.obj
 0001:0001b240       __vfprintf_p               1001c240 f   LIBCMT:vfprintf.obj
 0001:0001b25d       __vfprintf_p_l             1001c25d f   LIBCMT:vfprintf.obj
 0001:0001b27b       __vfprintf_s_l             1001c27b f   LIBCMT:vfprintf.obj
 0001:0001b299       _vfprintf                  1001c299 f   LIBCMT:vfprintf.obj
 0001:0001b2b6       _vfprintf_helper           1001c2b6 f   LIBCMT:vfprintf.obj
 0001:0001b3c7       _vfprintf_s                1001c3c7 f   LIBCMT:vfprintf.obj
 0001:0001b3e4       __ioinit                   1001c3e4 f   LIBCMT:ioinit.obj
 0001:0001b698       __ioterm                   1001c698 f   LIBCMT:ioinit.obj
 0001:0001b6ea       __filbuf                   1001c6ea f   LIBCMT:_filbuf.obj
 0001:0001b80b       _memcpy_s                  1001c80b f   LIBCMT:memcpy_s.obj
 0001:0001b88a       __read                     1001c88a f   LIBCMT:read.obj
 0001:0001b99e       __read_nolock              1001c99e f   LIBCMT:read.obj
 0001:0001c12f       __flsbuf                   1001d12f f   LIBCMT:_flsbuf.obj
 0001:0001c27e       __write                    1001d27e f   LIBCMT:write.obj
 0001:0001c36d       __write_nolock             1001d36d f   LIBCMT:write.obj
 0001:0001cbd2       __wremove                  1001dbd2 f   LIBCMT:wunlink.obj
 0001:0001cc00       __wunlink                  1001dc00 f   LIBCMT:wunlink.obj
 0001:0001cc09       __lseek                    1001dc09 f   LIBCMT:lseek.obj
 0001:0001ccf8       __lseek_nolock             1001dcf8 f   LIBCMT:lseek.obj
 0001:0001cd9f       __vscprintf                1001dd9f f   LIBCMT:vsprintf.obj
 0001:0001cdb9       __vscprintf_helper         1001ddb9 f   LIBCMT:vsprintf.obj
 0001:0001ce15       __vscprintf_l              1001de15 f   LIBCMT:vsprintf.obj
 0001:0001ce30       __vscprintf_p              1001de30 f   LIBCMT:vsprintf.obj
 0001:0001ce4a       __vscprintf_p_l            1001de4a f   LIBCMT:vsprintf.obj
 0001:0001ce65       __vsprintf_l               1001de65 f   LIBCMT:vsprintf.obj
 0001:0001cee9       _vsprintf                  1001dee9 f   LIBCMT:vsprintf.obj
 0001:0001cf01       __vsnprintf_c              1001df01 f   LIBCMT:vsnprnc.obj
 0001:0001cf28       __vsnprintf_c_l            1001df28 f   LIBCMT:vsnprnc.obj
 0001:0001cf50       __vsnprintf_helper         1001df50 f   LIBCMT:vsnprnc.obj
 0001:0001d01a       __vsnprintf_s              1001e01a f   LIBCMT:vsnprnc.obj
 0001:0001d038       __vsnprintf_s_l            1001e038 f   LIBCMT:vsnprnc.obj
 0001:0001d138       __vsprintf_p               1001e138 f   LIBCMT:vsnprnc.obj
 0001:0001d15f       __vsprintf_p_l             1001e15f f   LIBCMT:vsnprnc.obj
 0001:0001d187       __vsprintf_s_l             1001e187 f   LIBCMT:vsnprnc.obj
 0001:0001d1fc       _vsprintf_s                1001e1fc f   LIBCMT:vsnprnc.obj
 0001:0001d217       __chgsign                  1001e217 f   LIBCMT:ieeemisc.obj
 0001:0001d244       __chgsignf                 1001e244 f   LIBCMT:ieeemisc.obj
 0001:0001d265       __copysign                 1001e265 f   LIBCMT:ieeemisc.obj
 0001:0001d28d       __copysignf                1001e28d f   LIBCMT:ieeemisc.obj
 0001:0001d2a9       __finite                   1001e2a9 f   LIBCMT:ieeemisc.obj
 0001:0001d2c1       __fpclass                  1001e2c1 f   LIBCMT:ieeemisc.obj
 0001:0001d35d       __isnan                    1001e35d f   LIBCMT:ieeemisc.obj
 0001:0001d390       __logb                     1001e390 f   LIBCMT:ieeemisc.obj
 0001:0001d471       __nextafter                1001e471 f   LIBCMT:ieeemisc.obj
 0001:0001d711       __scalb                    1001e711 f   LIBCMT:ieeemisc.obj
 0001:0001d729       __add_exp                  1001e729 f   LIBCMT:util.obj
 0001:0001d758       __decomp                   1001e758 f   LIBCMT:util.obj
 0001:0001d82a       __get_exp                  1001e82a f   LIBCMT:util.obj
 0001:0001d843       __set_bexp                 1001e843 f   LIBCMT:util.obj
 0001:0001d86c       __set_exp                  1001e86c f   LIBCMT:util.obj
 0001:0001d89b       __sptype                   1001e89b f   LIBCMT:util.obj
 0001:0001d8f6       __errcode                  1001e8f6 f   LIBCMT:fpexcept.obj
 0001:0001d928       __except1                  1001e928 f   LIBCMT:fpexcept.obj
 0001:0001d9f0       __except2                  1001e9f0 f   LIBCMT:fpexcept.obj
 0001:0001daf0       __handle_exc               1001eaf0 f   LIBCMT:fpexcept.obj
 0001:0001dcce       __handle_qnan1             1001ecce f   LIBCMT:fpexcept.obj
 0001:0001dd1e       __handle_qnan2             1001ed1e f   LIBCMT:fpexcept.obj
 0001:0001dd7e       __raise_exc                1001ed7e f   LIBCMT:fpexcept.obj
 0001:0001dd9f       __raise_exc_ex             1001ed9f f   LIBCMT:fpexcept.obj
 0001:0001e084       __raise_excf               1001f084 f   LIBCMT:fpexcept.obj
 0001:0001e0a5       __set_errno_from_matherr   1001f0a5 f   LIBCMT:fpexcept.obj
 0001:0001e0d2       __umatherr                 1001f0d2 f   LIBCMT:fpexcept.obj
 0001:0001e172       ___clrfp_sse2              1001f172 f   LIBCMT:fpctrl.obj
 0001:0001e193       ___ctrlfp_sse2             1001f193 f   LIBCMT:fpctrl.obj
 0001:0001e1cc       ___fclrf_sse2              1001f1cc f   LIBCMT:fpctrl.obj
 0001:0001e1e9       ___get_fpsr_sse2           1001f1e9 f   LIBCMT:fpctrl.obj
 0001:0001e205       ___set_fpsr_sse2           1001f205 f   LIBCMT:fpctrl.obj
 0001:0001e27b       ___set_statfp_sse2         1001f27b f   LIBCMT:fpctrl.obj
 0001:0001e294       ___statfp_sse2             1001f294 f   LIBCMT:fpctrl.obj
 0001:0001e2a9       __clrfp                    1001f2a9 f   LIBCMT:fpctrl.obj
 0001:0001e2ba       __ctrlfp                   1001f2ba f   LIBCMT:fpctrl.obj
 0001:0001e2e5       __set_statfp               1001f2e5 f   LIBCMT:fpctrl.obj
 0001:0001e33d       __statfp                   1001f33d f   LIBCMT:fpctrl.obj
 0001:0001e34d       _wcscat_s                  1001f34d f   LIBCMT:wcscat_s.obj
 0001:0001e3b9       _wcscpy_s                  1001f3b9 f   LIBCMT:wcscpy_s.obj
 0001:0001e415       _wcslen                    1001f415 f   LIBCMT:wcslen.obj
 0001:0001e42e       _wcsncat_s                 1001f42e f   LIBCMT:wcsncat_s.obj
 0001:0001e4fc       __set_abort_behavior       1001f4fc f   LIBCMT:abort.obj
 0001:0001e51b       _abort                     1001f51b f   LIBCMT:abort.obj
 0001:0001e55e       ___set_app_type            1001f55e f   LIBCMT:errmode.obj
 0001:0001e56b       __set_error_mode           1001f56b f   LIBCMT:errmode.obj
 0001:0001e6c7       __i64tow_s                 1001f6c7 f   LIBCMT:xtows.obj
 0001:0001e6f8       __itow_s                   1001f6f8 f   LIBCMT:xtows.obj
 0001:0001e721       __ltow_s                   1001f721 f   LIBCMT:xtows.obj
 0001:0001e74b       __ui64tow_s                1001f74b f   LIBCMT:xtows.obj
 0001:0001e766       __ultow_s                  1001f766 f   LIBCMT:xtows.obj
 0001:0001e871       _setvbuf                   1001f871 f   LIBCMT:setvbuf.obj
 0001:0001e977       __fwprintf_l               1001f977 f   LIBCMT:fwprintf.obj
 0001:0001e991       __fwprintf_p               1001f991 f   LIBCMT:fwprintf.obj
 0001:0001e9aa       __fwprintf_p_l             1001f9aa f   LIBCMT:fwprintf.obj
 0001:0001e9c4       __fwprintf_s_l             1001f9c4 f   LIBCMT:fwprintf.obj
 0001:0001e9de       _fwprintf                  1001f9de f   LIBCMT:fwprintf.obj
 0001:0001ea72       _fwprintf_s                1001fa72 f   LIBCMT:fwprintf.obj
 0001:0001ea8b       __vsnwprintf_s             1001fa8b f   LIBCMT:vswprnc.obj
 0001:0001eaa9       __vsnwprintf_s_l           1001faa9 f   LIBCMT:vswprnc.obj
 0001:0001ebad       __vswprintf_c              1001fbad f   LIBCMT:vswprnc.obj
 0001:0001ebd4       __vswprintf_c_l            1001fbd4 f   LIBCMT:vswprnc.obj
 0001:0001ebfc       __vswprintf_helper         1001fbfc f   LIBCMT:vswprnc.obj
 0001:0001ecf7       __vswprintf_p              1001fcf7 f   LIBCMT:vswprnc.obj
 0001:0001ed1e       __vswprintf_p_l            1001fd1e f   LIBCMT:vswprnc.obj
 0001:0001ed46       __vswprintf_s_l            1001fd46 f   LIBCMT:vswprnc.obj
 0001:0001edbd       _vswprintf_s               1001fdbd f   LIBCMT:vswprnc.obj
 0001:0001edd8       ___crtMessageBoxW          1001fdd8 f   LIBCMT:crtmboxw.obj
 0001:0001efbe       ___crtMessageBoxWaitThreadW@4 1001ffbe f   LIBCMT:crtmboxw.obj
 0001:0001efdc       __XcptFilter               1001ffdc f   LIBCMT:winxfltr.obj
 0001:0001f137       ___CppXcptFilter           10020137 f   LIBCMT:winxfltr.obj
 0001:0001f189       ___get_flsindex            10020189 f   LIBCMT:tidtable.obj
 0001:0001f18f       ___threadhandle            1002018f f   LIBCMT:tidtable.obj
 0001:0001f195       ___threadid                10020195 f   LIBCMT:tidtable.obj
 0001:0001f19b       __freefls@4                1002019b f   LIBCMT:tidtable.obj
 0001:0001f2d0       __freeptd                  100202d0 f   LIBCMT:tidtable.obj
 0001:0001f306       __getptd                   10020306 f   LIBCMT:tidtable.obj
 0001:0001f31e       __getptd_noexit            1002031e f   LIBCMT:tidtable.obj
 0001:0001f38d       __initptd                  1002038d f   LIBCMT:tidtable.obj
 0001:0001f440       __mtinit                   10020440 f   LIBCMT:tidtable.obj
 0001:0001f4b6       __mtterm                   100204b6 f   LIBCMT:tidtable.obj
 0001:0001f4d3       __set_pgmptr               100204d3 f i LIBCMT:stdargv.obj
 0001:0001f4e0       __setargv                  100204e0 f   LIBCMT:stdargv.obj
 0001:0001f70f       __setenvp                  1002070f f   LIBCMT:stdenvp.obj
 0001:0001f7f0       ___security_init_cookie    100207f0 f   LIBCMT:gs_support.obj
 0001:0001f88c       ___crtGetEnvironmentStringsA 1002088c f   LIBCMT:a_env.obj
 0001:0001f920       _strlen                    10020920 f   LIBCMT:strlen.obj
 0001:0001f9ab       _wcsncpy_s                 100209ab f   LIBCMT:wcsncpy_s.obj
 0001:0001fa69       __output_s_l               10020a69 f   LIBCMT:outputs.obj
 0001:000206f1       __output_p_l               100216f1 f   LIBCMT:outputp.obj
 0001:00021a29       __validate_param_reuseA    10022a29 f   LIBCMT:outputp.obj
 0001:00021b5f       _get_crtdouble_arg         10022b5f f i LIBCMT:outputp.obj
 0001:00021c5e       __isatty                   10022c5e f   LIBCMT:isatty.obj
 0001:00021cb2       ___addlocaleref            10022cb2 f   LIBCMT:localref.obj
 0001:00021d47       ___freetlocinfo            10022d47 f   LIBCMT:localref.obj
 0001:00021ea1       ___removelocaleref         10022ea1 f   LIBCMT:localref.obj
 0001:00021f41       ___updatetlocinfo          10022f41 f   LIBCMT:localref.obj
 0001:00021fc1       __updatetlocinfoEx_nolock  10022fc1 f   LIBCMT:localref.obj
 0001:0002200c       ___iswcsym                 1002300c f i LIBCMT:_wctype.obj
 0001:00022030       ___iswcsymf                10023030 f i LIBCMT:_wctype.obj
 0001:00022054       __isleadbyte_l             10023054 f i LIBCMT:_wctype.obj
 0001:0002208e       __iswalnum_l               1002308e f i LIBCMT:_wctype.obj
 0001:000220a2       __iswalpha_l               100230a2 f i LIBCMT:_wctype.obj
 0001:000220b6       __iswblank_l               100230b6 f i LIBCMT:_wctype.obj
 0001:000220d1       __iswcntrl_l               100230d1 f i LIBCMT:_wctype.obj
 0001:000220e2       __iswcsym_l                100230e2 f i LIBCMT:_wctype.obj
 0001:00022106       __iswcsymf_l               10023106 f i LIBCMT:_wctype.obj
 0001:0002212a       __iswdigit_l               1002312a f i LIBCMT:_wctype.obj
 0001:0002213b       __iswgraph_l               1002313b f i LIBCMT:_wctype.obj
 0001:0002214f       __iswlower_l               1002314f f i LIBCMT:_wctype.obj
 0001:00022160       __iswprint_l               10023160 f i LIBCMT:_wctype.obj
 0001:00022174       __iswpunct_l               10023174 f i LIBCMT:_wctype.obj
 0001:00022185       __iswspace_l               10023185 f i LIBCMT:_wctype.obj
 0001:00022196       __iswupper_l               10023196 f i LIBCMT:_wctype.obj
 0001:000221a7       __iswxdigit_l              100231a7 f i LIBCMT:_wctype.obj
 0001:000221bb       _isleadbyte                100231bb f i LIBCMT:_wctype.obj
 0001:000221cc       _iswalnum                  100231cc f i LIBCMT:_wctype.obj
 0001:000221e0       _iswalpha                  100231e0 f i LIBCMT:_wctype.obj
 0001:000221f4       _iswascii                  100231f4 f i LIBCMT:_wctype.obj
 0001:00022206       _iswblank                  10023206 f i LIBCMT:_wctype.obj
 0001:00022221       _iswcntrl                  10023221 f i LIBCMT:_wctype.obj
 0001:00022232       _iswdigit                  10023232 f i LIBCMT:_wctype.obj
 0001:00022243       _iswgraph                  10023243 f i LIBCMT:_wctype.obj
 0001:00022257       _iswlower                  10023257 f i LIBCMT:_wctype.obj
 0001:00022268       _iswprint                  10023268 f i LIBCMT:_wctype.obj
 0001:0002227c       _iswpunct                  1002327c f i LIBCMT:_wctype.obj
 0001:0002228d       _iswspace                  1002328d f i LIBCMT:_wctype.obj
 0001:0002229e       _iswupper                  1002329e f i LIBCMT:_wctype.obj
 0001:000222af       _iswxdigit                 100232af f i LIBCMT:_wctype.obj
 0001:000222c3       __wctomb_l                 100232c3 f   LIBCMT:wctomb.obj
 0001:00022312       __wctomb_s_l               10023312 f   LIBCMT:wctomb.obj
 0001:00022436       _wctomb                    10023436 f   LIBCMT:wctomb.obj
 0001:00022469       _wctomb_s                  10023469 f   LIBCMT:wctomb.obj
 0001:00022490       __aulldvrm                 10023490 f   LIBCMT:ulldvrm.obj
 0001:00022525       __matherr                  10023525 f   LIBCMT:matherr.obj
 0001:00022528       __frnd                     10023528 f   LIBCMT:frnd.obj
 0001:0002253c       ___isascii                 1002353c f i LIBCMT:_ctype.obj
 0001:0002254c       ___iscsym                  1002354c f i LIBCMT:_ctype.obj
 0001:0002256c       ___iscsymf                 1002356c f i LIBCMT:_ctype.obj
 0001:00022589       ___toascii                 10023589 f i LIBCMT:_ctype.obj
 0001:00022594       __isalnum_l                10023594 f i LIBCMT:_ctype.obj
 0001:000225ec       __isalpha_l                100235ec f i LIBCMT:_ctype.obj
 0001:00022644       __isblank_l                10023644 f i LIBCMT:_ctype.obj
 0001:0002269e       __iscntrl_l                1002369e f i LIBCMT:_ctype.obj
 0001:000226f0       __iscsym_l                 100236f0 f i LIBCMT:_ctype.obj
 0001:00022711       __iscsymf_l                10023711 f i LIBCMT:_ctype.obj
 0001:00022732       __isdigit_l                10023732 f i LIBCMT:_ctype.obj
 0001:00022784       __isgraph_l                10023784 f i LIBCMT:_ctype.obj
 0001:000227dc       __islower_l                100237dc f i LIBCMT:_ctype.obj
 0001:0002282e       __isprint_l                1002382e f i LIBCMT:_ctype.obj
 0001:00022886       __ispunct_l                10023886 f i LIBCMT:_ctype.obj
 0001:000228d8       __isspace_l                100238d8 f i LIBCMT:_ctype.obj
 0001:0002292a       __isupper_l                1002392a f i LIBCMT:_ctype.obj
 0001:0002297c       __isxdigit_l               1002397c f i LIBCMT:_ctype.obj
 0001:000229d4       _isalnum                   100239d4 f i LIBCMT:_ctype.obj
 0001:00022a01       _isalpha                   10023a01 f i LIBCMT:_ctype.obj
 0001:00022a2e       _isblank                   10023a2e f i LIBCMT:_ctype.obj
 0001:00022a63       _iscntrl                   10023a63 f i LIBCMT:_ctype.obj
 0001:00022a8e       _isdigit                   10023a8e f i LIBCMT:_ctype.obj
 0001:00022ab9       _isgraph                   10023ab9 f i LIBCMT:_ctype.obj
 0001:00022ae6       _islower                   10023ae6 f i LIBCMT:_ctype.obj
 0001:00022b11       _isprint                   10023b11 f i LIBCMT:_ctype.obj
 0001:00022b3e       _ispunct                   10023b3e f i LIBCMT:_ctype.obj
 0001:00022b69       _isspace                   10023b69 f i LIBCMT:_ctype.obj
 0001:00022b94       _isupper                   10023b94 f i LIBCMT:_ctype.obj
 0001:00022bbf       _isxdigit                  10023bbf f i LIBCMT:_ctype.obj
 0001:00022bec       __tolower                  10023bec f   LIBCMT:tolower.obj
 0001:00022bf7       __tolower_l                10023bf7 f   LIBCMT:tolower.obj
 0001:00022d3a       _tolower                   10023d3a f   LIBCMT:tolower.obj
 0001:00022d66       _strcpy_s                  10023d66 f   LIBCMT:strcpy_s.obj
 0001:00022dc0       _strrchr                   10023dc0 f   LIBCMT:strrchr.obj
 0001:00022ef7       __fptostr                  10023ef7 f   LIBCMT:_fptostr.obj
 0001:00022fa7       ___crt_atoflt_l            10023fa7 f   LIBCMT:atodbl.obj
 0001:0002304b       __atodbl                   1002404b f   LIBCMT:atodbl.obj
 0001:00023060       __atodbl_l                 10024060 f   LIBCMT:atodbl.obj
 0001:000230ee       __atoflt                   100240ee f   LIBCMT:atodbl.obj
 0001:00023103       __atoflt_l                 10024103 f   LIBCMT:atodbl.obj
 0001:0002311b       __atoldbl                  1002411b f   LIBCMT:atodbl.obj
 0001:00023130       __atoldbl_l                10024130 f   LIBCMT:atodbl.obj
 0001:000231bf       ___dtold                   100241bf f   LIBCMT:cfout.obj
 0001:00023287       __fltout2                  10024287 f   LIBCMT:cfout.obj
 0001:00023320       __alldvrm                  10024320 f   LIBCMT:lldvrm.obj
 0001:00023400       __aullshr                  10024400 f   LIBCMT:ullshr.obj
 0001:0002341f       __get_output_format        1002441f f   LIBCMT:outputformat.obj
 0001:00023425       __set_output_format        10024425 f   LIBCMT:outputformat.obj
 0001:00023457       __controlfp_s              10024457 f   LIBCMT:contrlfp.obj
 0001:000234b4       __fptrap                   100244b4 f   LIBCMT:crt0fp.obj
 0001:000234bd       __msize                    100244bd f   LIBCMT:msize.obj
 0001:000234ee       __recalloc                 100244ee f   LIBCMT:recalloc.obj
 0001:00023557       _strncpy_s                 10024557 f   LIBCMT:strncpy_s.obj
 0001:000236df       __MallocaIsSizeInRange     100246df f i LIBCMT:a_loc.obj
 0001:000236f0       __MarkAllocaS              100246f0 f i LIBCMT:a_loc.obj
 0001:00023704       ___crtGetLocaleInfoA       10024704 f   LIBCMT:a_loc.obj
 0001:0002373e       __freea                    1002473e f i LIBCMT:a_loc.obj
 0001:0002375c       _GetTableIndexFromLcid     1002475c f   LIBCMT:winapinls.obj
 0001:00023791       _GetTableIndexFromLocaleName 10024791 f   LIBCMT:winapinls.obj
 0001:000237df       ___crtCompareStringEx      100247df f   LIBCMT:winapinls.obj
 0001:0002382b       ___crtDownlevelLCIDToLocaleName 1002482b f   LIBCMT:winapinls.obj
 0001:000238a7       ___crtDownlevelLocaleNameToLCID 100248a7 f   LIBCMT:winapinls.obj
 0001:000238e5       ___crtEnumSystemLocalesEx  100248e5 f   LIBCMT:winapinls.obj
 0001:00023922       ___crtGetDateFormatEx      10024922 f   LIBCMT:winapinls.obj
 0001:0002396b       ___crtGetLocaleInfoEx      1002496b f   LIBCMT:winapinls.obj
 0001:0002399a       ___crtGetTimeFormatEx      1002499a f   LIBCMT:winapinls.obj
 0001:000239cf       ___crtGetUserDefaultLocaleName 100249cf f   LIBCMT:winapinls.obj
 0001:000239fa       ___crtIsValidLocaleName    100249fa f   LIBCMT:winapinls.obj
 0001:00023a25       ___crtLCMapStringEx        10024a25 f   LIBCMT:winapinls.obj
 0001:00023a71       ___wcsnicmp_ascii          10024a71 f   LIBCMT:winapinls.obj
 0001:00023d03       ___crtLCMapStringA         10024d03 f   LIBCMT:a_map.obj
 0001:00023e41       ___crtGetStringTypeA       10024e41 f   LIBCMT:a_str.obj
 0001:00023e81       __commit                   10024e81 f   LIBCMT:commit.obj
 0001:00023f6a       ___lock_fhandle            10024f6a f   LIBCMT:osfinfo.obj
 0001:00023ff8       __alloc_osfhnd             10024ff8 f   LIBCMT:osfinfo.obj
 0001:000241a1       __free_osfhnd              100251a1 f   LIBCMT:osfinfo.obj
 0001:00024227       __get_osfhandle            10025227 f   LIBCMT:osfinfo.obj
 0001:0002428e       __open_osfhandle           1002528e f   LIBCMT:osfinfo.obj
 0001:000243a4       __set_osfhnd               100253a4 f   LIBCMT:osfinfo.obj
 0001:00024426       __unlock_fhandle           10025426 f   LIBCMT:osfinfo.obj
 0001:0002444c       __open                     1002544c f   LIBCMT:open.obj
 0001:000244fc       __sopen                    100254fc f   LIBCMT:open.obj
 0001:0002452f       __sopen_helper             1002552f f   LIBCMT:open.obj
 0001:000245f8       __sopen_nolock             100255f8 f   LIBCMT:open.obj
 0001:00024646       __sopen_s                  10025646 f   LIBCMT:open.obj
 0001:00024664       __mbsnbcmp                 10025664 f   LIBCMT:mbsnbcmp.obj
 0001:0002467c       __mbsnbcmp_l               1002567c f   LIBCMT:mbsnbcmp.obj
 0001:00024793       __mbsnbicmp                10025793 f   LIBCMT:mbsnbicm.obj
 0001:000247ab       __mbsnbicmp_l              100257ab f   LIBCMT:mbsnbicm.obj
 0001:00024970       __global_unwind2           10025970 f   LIBCMT:exsup.obj
 0001:000249d5       __local_unwind2            100259d5 f   LIBCMT:exsup.obj
 0001:00024a59       __abnormal_termination     10025a59 f   LIBCMT:exsup.obj
 0001:00024a7c       __NLG_Notify1              10025a7c f   LIBCMT:exsup.obj
 0001:00024a85       __NLG_Notify               10025a85 f   LIBCMT:exsup.obj
 0001:00024a9c       __NLG_Dispatch             10025a9c     LIBCMT:exsup.obj
 0001:00024a9c       __NLG_Dispatch2            10025a9c     LIBCMT:exsup.obj
 0001:00024aa4       __NLG_Call                 10025aa4 f   LIBCMT:exsup.obj
 0001:00024aa6       __NLG_Return2              10025aa6     LIBCMT:exsup.obj
 0001:00024aa7       __getbuf                   10025aa7 f   LIBCMT:_getbuf.obj
 0001:00024aed       __lseeki64                 10025aed f   LIBCMT:lseeki64.obj
 0001:00024be9       __lseeki64_nolock          10025be9 f   LIBCMT:lseeki64.obj
 0001:00024c5c       __mbtowc_l                 10025c5c f   LIBCMT:mbtowc.obj
 0001:00024d51       _mbtowc                    10025d51 f   LIBCMT:mbtowc.obj
 0001:00024d69       __putwch                   10025d69 f   LIBCMT:putwch.obj
 0001:00024db5       __putwch_nolock            10025db5 f   LIBCMT:putwch.obj
 0001:00024e00       __alloca_probe             10025e00 f   LIBCMT:chkstk.obj
 0001:00024e00       __chkstk                   10025e00 f   LIBCMT:chkstk.obj
 0001:00024e2b       __vfwprintf_l              10025e2b f   LIBCMT:vfwprint.obj
 0001:00024e49       __vfwprintf_p              10025e49 f   LIBCMT:vfwprint.obj
 0001:00024e66       __vfwprintf_p_l            10025e66 f   LIBCMT:vfwprint.obj
 0001:00024e84       __vfwprintf_s_l            10025e84 f   LIBCMT:vfwprint.obj
 0001:00024ea2       _vfwprintf                 10025ea2 f   LIBCMT:vfwprint.obj
 0001:00024ebf       _vfwprintf_helper          10025ebf f   LIBCMT:vfwprint.obj
 0001:00024f52       _vfwprintf_s               10025f52 f   LIBCMT:vfwprint.obj
 0001:00024f6f       __woutput_l                10025f6f f   LIBCMT:woutput.obj
 0001:00025c4e       __woutput_s_l              10026c4e f   LIBCMT:woutputs.obj
 0001:00026965       __validate_param_reuseW    10027965 f   LIBCMT:woutputp.obj
 0001:00026add       __woutput_p_l              10027add f   LIBCMT:woutputp.obj
 0001:00027f06       __ismbbalnum               10028f06 f   LIBCMT:ismbbyte.obj
 0001:00027f1f       __ismbbalnum_l             10028f1f f   LIBCMT:ismbbyte.obj
 0001:00027f39       __ismbbalpha               10028f39 f   LIBCMT:ismbbyte.obj
 0001:00027f52       __ismbbalpha_l             10028f52 f   LIBCMT:ismbbyte.obj
 0001:00027f6c       __ismbbblank               10028f6c f   LIBCMT:ismbbyte.obj
 0001:00027f8d       __ismbbblank_l             10028f8d f   LIBCMT:ismbbyte.obj
 0001:00027faf       __ismbbgraph               10028faf f   LIBCMT:ismbbyte.obj
 0001:00027fc8       __ismbbgraph_l             10028fc8 f   LIBCMT:ismbbyte.obj
 0001:00027fe2       __ismbbkalnum              10028fe2 f   LIBCMT:ismbbyte.obj
 0001:00027ff8       __ismbbkalnum_l            10028ff8 f   LIBCMT:ismbbyte.obj
 0001:0002800f       __ismbbkana                1002900f f   LIBCMT:ismbbyte.obj
 0001:00028020       __ismbbkana_l              10029020 f   LIBCMT:ismbbyte.obj
 0001:0002806c       __ismbbkprint              1002906c f   LIBCMT:ismbbyte.obj
 0001:00028082       __ismbbkprint_l            10029082 f   LIBCMT:ismbbyte.obj
 0001:00028099       __ismbbkpunct              10029099 f   LIBCMT:ismbbyte.obj
 0001:000280af       __ismbbkpunct_l            100290af f   LIBCMT:ismbbyte.obj
 0001:000280c6       __ismbblead                100290c6 f   LIBCMT:ismbbyte.obj
 0001:000280dc       __ismbblead_l              100290dc f   LIBCMT:ismbbyte.obj
 0001:000280f3       __ismbbprint               100290f3 f   LIBCMT:ismbbyte.obj
 0001:0002810c       __ismbbprint_l             1002910c f   LIBCMT:ismbbyte.obj
 0001:00028126       __ismbbpunct               10029126 f   LIBCMT:ismbbyte.obj
 0001:0002813c       __ismbbpunct_l             1002913c f   LIBCMT:ismbbyte.obj
 0001:00028153       __ismbbtrail               10029153 f   LIBCMT:ismbbyte.obj
 0001:00028169       __ismbbtrail_l             10029169 f   LIBCMT:ismbbyte.obj
 0001:000283a6       __strtol_l                 100293a6 f   LIBCMT:strtol.obj
 0001:000283c1       __strtoul_l                100293c1 f   LIBCMT:strtol.obj
 0001:000283dc       _strtol                    100293dc f   LIBCMT:strtol.obj
 0001:00028406       _strtoul                   10029406 f   LIBCMT:strtol.obj
 0001:00028430       ___free_lconv_mon          10029430 f   LIBCMT:initmon.obj
 0001:0002852c       ___init_monetary           1002952c f   LIBCMT:initmon.obj
 0001:00028905       ___free_lconv_num          10029905 f   LIBCMT:initnum.obj
 0001:0002896c       ___init_numeric            1002996c f   LIBCMT:initnum.obj
 0001:00028baa       ___free_lc_time            10029baa f   LIBCMT:inittime.obj
 0001:00028f2a       ___init_time               10029f2a f   LIBCMT:inittime.obj
 0001:00029799       _localeconv                1002a799 f   LIBCMT:lconv.obj
 0001:000297bf       __iswctype_l               1002a7bf f   LIBCMT:iswctype.obj
 0001:000297d1       _is_wctype                 1002a7d1 f   LIBCMT:iswctype.obj
 0001:000297da       _iswctype                  1002a7da f   LIBCMT:iswctype.obj
 0001:00029830       ____lc_codepage_func       1002a830 f   LIBCMT:initctyp.obj
 0001:00029856       ____lc_collate_cp_func     1002a856 f   LIBCMT:initctyp.obj
 0001:0002987c       ____lc_locale_name_func    1002a87c f   LIBCMT:initctyp.obj
 0001:000298a4       ____mb_cur_max_func        1002a8a4 f   LIBCMT:initctyp.obj
 0001:000298ca       ____mb_cur_max_l_func      1002a8ca f   LIBCMT:initctyp.obj
 0001:000298e1       ___init_ctype              1002a8e1 f   LIBCMT:initctyp.obj
 0001:00029c79       ___pctype_func             1002ac79 f   LIBCMT:ctype.obj
 0001:00029ca2       ___pwctype_func            1002aca2 f   LIBCMT:ctype.obj
 0001:00029ca8       __isctype                  1002aca8 f   LIBCMT:isctype.obj
 0001:00029cd7       __isctype_l                1002acd7 f   LIBCMT:isctype.obj
 0001:00029d88       ___init_dummy              1002ad88 f   LIBCMT:wsetloca.obj
 0001:00029d8b       __locterm                  1002ad8b f   LIBCMT:wsetloca.obj
 0001:00029ddd       ____setlc_active_func      1002addd f   LIBCMT:wsetloca.obj
 0001:00029de3       ____unguarded_readlc_active_add_func 1002ade3 f   LIBCMT:wsetloca.obj
 0001:00029de9       ___copy_locale_name        1002ade9 f   LIBCMT:wsetloca.obj
 0001:00029e4d       ___create_locale           1002ae4d f   LIBCMT:wsetloca.obj
 0001:00029e56       ___free_locale             1002ae56 f   LIBCMT:wsetloca.obj
 0001:00029e5b       ___get_current_locale      1002ae5b f   LIBCMT:wsetloca.obj
 0001:00029e60       ___lc_lctowcs              1002ae60 f   LIBCMT:wsetloca.obj
 0001:00029ece       ___lc_wcstolc              1002aece f   LIBCMT:wsetloca.obj
 0001:00029ffa       __configthreadlocale       1002affa f   LIBCMT:wsetloca.obj
 0001:0002a080       __create_locale            1002b080 f   LIBCMT:wsetloca.obj
 0001:0002a0e2       __expandlocale             1002b0e2 f   LIBCMT:wsetloca.obj
 0001:0002a3d9       __free_locale              1002b3d9 f   LIBCMT:wsetloca.obj
 0001:0002a490       __get_current_locale       1002b490 f   LIBCMT:wsetloca.obj
 0001:0002a53f       __wcreate_locale           1002b53f f   LIBCMT:wsetloca.obj
 0001:0002a616       __wcscats                  1002b616 f   LIBCMT:wsetloca.obj
 0001:0002a655       __wsetlocale               1002b655 f   LIBCMT:wsetloca.obj
 0001:0002af97       __CopyMan                  1002bf97 f i LIBCMT:intrncvt.obj
 0001:0002afb4       __FillZeroMan              1002bfb4 f i LIBCMT:intrncvt.obj
 0001:0002afc3       __IncMan                   1002bfc3 f i LIBCMT:intrncvt.obj
 0001:0002b025       __IsZeroMan                1002c025 f i LIBCMT:intrncvt.obj
 0001:0002b042       __RoundMan                 1002c042 f i LIBCMT:intrncvt.obj
 0001:0002b143       __ShrMan                   1002c143 f i LIBCMT:intrncvt.obj
 0001:0002b1d1       __ZeroTail                 1002c1d1 f i LIBCMT:intrncvt.obj
 0001:0002b219       ___addl                    1002c219 f i LIBCMT:intrncvt.obj
 0001:0002b23d       __ld12cvt                  1002c23d f i LIBCMT:intrncvt.obj
 0001:0002b7a8       __ld12tod                  1002c7a8 f   LIBCMT:intrncvt.obj
 0001:0002bd1a       __ld12tof                  1002cd1a f   LIBCMT:intrncvt.obj
 0001:0002c28c       __ld12told                 1002d28c f   LIBCMT:intrncvt.obj
 0001:0002c35b       ___STRINGTOLD_L            1002d35b f   LIBCMT:strgtold.obj
 0001:0002c3b6       ___ld12mul                 1002d3b6 f i LIBCMT:strgtold.obj
 0001:0002c682       ___multtenpow12            1002d682 f i LIBCMT:strgtold.obj
 0001:0002c9d5       ___shl_12                  1002d9d5 f i LIBCMT:strgtold.obj
 0001:0002ca06       ___shr_12                  1002da06 f i LIBCMT:strgtold.obj
 0001:0002ca36       ___strgtold12_l            1002da36 f   LIBCMT:strgtold.obj
 0001:0002d1de       _$I10_OUTPUT               1002e1de f   LIBCMT:x10fout.obj
 0001:0002dbb2       ___add_12                  1002ebb2 f i LIBCMT:x10fout.obj
 0001:0002dd5e       ___control87_2             1002ed5e f   LIBCMT:ieee87.obj
 0001:0002e3d2       __clearfp                  1002f3d2 f   LIBCMT:ieee87.obj
 0001:0002e4b2       __control87                1002f4b2 f i LIBCMT:ieee87.obj
 0001:0002e7b4       __controlfp                1002f7b4 f   LIBCMT:ieee87.obj
 0001:0002eabf       __fpreset                  1002fabf f   LIBCMT:ieee87.obj
 0001:0002eb8c       __set_controlfp            1002fb8c f   LIBCMT:ieee87.obj
 0001:0002ebff       __statusfp                 1002fbff f   LIBCMT:ieee87.obj
 0001:0002ec99       __statusfp2                1002fc99 f   LIBCMT:ieee87.obj
 0001:0002ed00       __alloca_probe_16          1002fd00 f   LIBCMT:alloca16.obj
 0001:0002ed16       __alloca_probe_8           1002fd16     LIBCMT:alloca16.obj
 0001:0002ed2c       _wcsnlen                   1002fd2c f   LIBCMT:wcslen_s.obj
 0001:0002edd3       __wopen                    1002fdd3 f   LIBCMT:wopen.obj
 0001:0002ee83       __wsopen                   1002fe83 f   LIBCMT:wopen.obj
 0001:0002eeb6       __wsopen_helper            1002feb6 f   LIBCMT:wopen.obj
 0001:0002ef7f       __wsopen_nolock            1002ff7f f   LIBCMT:wopen.obj
 0001:0002f6d2       __wsopen_s                 100306d2 f   LIBCMT:wopen.obj
 0001:0002f6f0       _strncmp                   100306f0 f   LIBCMT:strncmp.obj
 0001:0002f768       __strnicmp                 10030768 f   LIBCMT:strnicmp.obj
 0001:0002f7d3       __strnicmp_l               100307d3 f   LIBCMT:strnicmp.obj
 0001:0002f884       ___termconout              10030884 f   LIBCMT:initcon.obj
 0001:0002f89b       ___initconout              1003089b f   LIBCMT:initcon.obj
 0001:0002f8ba       __fputwc_nolock            100308ba f   LIBCMT:fputwc.obj
 0001:0002fa40       _fputwc                    10030a40 f   LIBCMT:fputwc.obj
 0001:0002fab7       _putwc                     10030ab7 f   LIBCMT:fputwc.obj
 0001:0002fca1       __wcstol_l                 10030ca1 f   LIBCMT:wcstol.obj
 0001:0002fcb9       __wcstoul_l                10030cb9 f   LIBCMT:wcstol.obj
 0001:0002fcd1       _wcstol                    10030cd1 f   LIBCMT:wcstol.obj
 0001:0002fce9       _wcstoul                   10030ce9 f   LIBCMT:wcstol.obj
 0001:0002fd01       ___init_collate            10030d01 f   LIBCMT:initcoll.obj
 0001:0002fe21       _memcmp                    10030e21 f   LIBCMT:memcmp.obj
 0001:00032d35       _wcscmp                    10033d35 f   LIBCMT:wcscmp.obj
 0001:00032d73       _wcscspn                   10033d73 f   LIBCMT:wcscspn.obj
 0001:00032dbe       _wcsncmp                   10033dbe f   LIBCMT:wcsncmp.obj
 0001:00032df4       _wcspbrk                   10033df4 f   LIBCMT:wcspbrk.obj
 0001:000333f8       ___get_qualified_locale    100343f8 f   LIBCMT:getqloc.obj
 0001:00033c68       ___get_qualified_locale_downlevel 10034c68 f   LIBCMT:getqloc_downlevel.obj
 0001:00033e84       ___mtold12                 10034e84 f   LIBCMT:mantold.obj
 0001:00034064       __chsize                   10035064 f   LIBCMT:chsize.obj
 0001:0003407e       __chsize_nolock            1003507e f   LIBCMT:chsize.obj
 0001:00034234       __chsize_s                 10035234 f   LIBCMT:chsize.obj
 0001:00034322       __get_fmode                10035322 f   LIBCMT:setmode.obj
 0001:0003434c       __set_fmode                1003534c f   LIBCMT:setmode.obj
 0001:00034387       __setmode                  10035387 f   LIBCMT:setmode.obj
 0001:0003448c       __setmode_nolock           1003548c f   LIBCMT:setmode.obj
 0001:00034560       ___ascii_strnicmp          10035560 f   LIBCMT:_strnicm.obj
 0001:000345c1       __flswbuf                  100355c1 f   LIBCMT:_flswbuf.obj
 0001:00034723       __wchartodigit             10035723 f   LIBCMT:wchtodig.obj
 0001:000348c2       __wtoi                     100358c2 f   LIBCMT:wtox.obj
 0001:000348cb       __wtoi64                   100358cb f   LIBCMT:wtox.obj
 0001:000348df       __wtoi64_l                 100358df f   LIBCMT:wtox.obj
 0001:000348f6       __wtoi_l                   100358f6 f   LIBCMT:wtox.obj
 0001:000348ff       __wtol                     100358ff f   LIBCMT:wtox.obj
 0001:00034913       __wtol_l                   10035913 f   LIBCMT:wtox.obj
 0001:0003492a       __wtoll                    1003592a f   LIBCMT:wtox.obj
 0001:0003493e       __wtoll_l                  1003593e f   LIBCMT:wtox.obj
 0001:00034955       _wcschr                    10035955 f   LIBCMT:wcschr.obj
 0001:00034a03       __wcsicmp                  10035a03 f   LIBCMT:wcsicmp.obj
 0001:00034a96       __wcsicmp_l                10035a96 f   LIBCMT:wcsicmp.obj
 0001:00034b71       __wcsnicmp                 10035b71 f   LIBCMT:wcsnicmp.obj
 0001:00034c27       __wcsnicmp_l               10035c27 f   LIBCMT:wcsnicmp.obj
 0001:00034ff0       __wcstof_l                 10035ff0 f   LIBCMT:wcstoq.obj
 0001:000350a3       __wcstoi64                 100360a3 f   LIBCMT:wcstoq.obj
 0001:000350cd       __wcstoi64_l               100360cd f   LIBCMT:wcstoq.obj
 0001:000350e8       __wcstoimax_l              100360e8 f   LIBCMT:wcstoq.obj
 0001:000350f1       __wcstold_l                100360f1 f   LIBCMT:wcstoq.obj
 0001:000350fa       __wcstoll_l                100360fa f   LIBCMT:wcstoq.obj
 0001:00035103       __wcstoui64                10036103 f   LIBCMT:wcstoq.obj
 0001:0003512d       __wcstoui64_l              1003612d f   LIBCMT:wcstoq.obj
 0001:00035148       __wcstoull_l               10036148 f   LIBCMT:wcstoq.obj
 0001:00035151       __wcstoumax_l              10036151 f   LIBCMT:wcstoq.obj
 0001:0003515a       _wcstof                    1003615a f   LIBCMT:wcstoq.obj
 0001:0003516f       _wcstoimax                 1003616f f   LIBCMT:wcstoq.obj
 0001:00035178       _wcstold                   10036178 f   LIBCMT:wcstoq.obj
 0001:00035181       _wcstoll                   10036181 f   LIBCMT:wcstoq.obj
 0001:0003518a       _wcstoull                  1003618a f   LIBCMT:wcstoq.obj
 0001:00035193       _wcstoumax                 10036193 f   LIBCMT:wcstoq.obj
 0001:0003519c       __towlower_l               1003619c f   LIBCMT:towlower.obj
 0001:0003524d       _towlower                  1003624d f   LIBCMT:towlower.obj
 0001:0003525e       __wcstod_l                 1003625e f   LIBCMT:wcstod.obj
 0001:00035359       _wcstod                    10036359 f   LIBCMT:wcstod.obj
 0001:00035370       __allmul                   10036370 f   LIBCMT:llmul.obj
 0001:000353a4       ___crtLCMapStringW         100363a4 f   LIBCMT:w_map.obj
 0001:000353d3       __wfltin2                  100363d3 f   LIBCMT:wcfin.obj
 0001:00035480       ___WSTRINGTOLD_L           10036480 f   LIBCMT:wstrgtold.obj
 0001:000354db       ___wstrgtold12_l           100364db f   LIBCMT:wstrgtold.obj
 0001:00035d2c       _GetModuleHandleA@4        10036d2c f   kernel32:KERNEL32.dll
 0001:00035d32       _GetProcAddress@8          10036d32 f   kernel32:KERNEL32.dll
 0001:00035d38       _HeapAlloc@12              10036d38 f   kernel32:KERNEL32.dll
 0001:00035d3e       _IsDebuggerPresent@0       10036d3e f   kernel32:KERNEL32.dll
 0001:00035d44       _IsProcessorFeaturePresent@4 10036d44 f   kernel32:KERNEL32.dll
 0001:00035d4a       _EncodePointer@4           10036d4a f   kernel32:KERNEL32.dll
 0001:00035d50       _DecodePointer@4           10036d50 f   kernel32:KERNEL32.dll
 0001:00035d56       _GetLastError@0            10036d56 f   kernel32:KERNEL32.dll
 0001:00035d5c       _ExitProcess@4             10036d5c f   kernel32:KERNEL32.dll
 0001:00035d62       _GetModuleHandleExW@12     10036d62 f   kernel32:KERNEL32.dll
 0001:00035d68       _AreFileApisANSI@0         10036d68 f   kernel32:KERNEL32.dll
 0001:00035d6e       _MultiByteToWideChar@24    10036d6e f   kernel32:KERNEL32.dll
 0001:00035d74       _WideCharToMultiByte@32    10036d74 f   kernel32:KERNEL32.dll
 0001:00035d7a       _HeapFree@12               10036d7a f   kernel32:KERNEL32.dll
 0001:00035d80       _HeapReAlloc@16            10036d80 f   kernel32:KERNEL32.dll
 0001:00035d86       _EnterCriticalSection@4    10036d86 f   kernel32:KERNEL32.dll
 0001:00035d8c       _LeaveCriticalSection@4    10036d8c f   kernel32:KERNEL32.dll
 0001:00035d92       _GetStdHandle@4            10036d92 f   kernel32:KERNEL32.dll
 0001:00035d98       _GetFileType@4             10036d98 f   kernel32:KERNEL32.dll
 0001:00035d9e       _GetModuleFileNameW@12     10036d9e f   kernel32:KERNEL32.dll
 0001:00035da4       _WriteConsoleW@20          10036da4 f   kernel32:KERNEL32.dll
 0001:00035daa       _GetCommandLineA@0         10036daa f   kernel32:KERNEL32.dll
 0001:00035db0       _GetCurrentThreadId@0      10036db0 f   kernel32:KERNEL32.dll
 0001:00035db6       _WriteFile@20              10036db6 f   kernel32:KERNEL32.dll
 0001:00035dbc       _GetProcessHeap@0          10036dbc f   kernel32:KERNEL32.dll
 0001:00035dc2       _UnhandledExceptionFilter@4 10036dc2 f   kernel32:KERNEL32.dll
 0001:00035dc8       _SetUnhandledExceptionFilter@4 10036dc8 f   kernel32:KERNEL32.dll
 0001:00035dce       _SetLastError@4            10036dce f   kernel32:KERNEL32.dll
 0001:00035dd4       _InitializeCriticalSectionAndSpinCount@8 10036dd4 f   kernel32:KERNEL32.dll
 0001:00035dda       _CreateEventW@16           10036dda f   kernel32:KERNEL32.dll
 0001:00035de0       _Sleep@4                   10036de0 f   kernel32:KERNEL32.dll
 0001:00035de6       _GetCurrentProcess@0       10036de6 f   kernel32:KERNEL32.dll
 0001:00035dec       _TerminateProcess@8        10036dec f   kernel32:KERNEL32.dll
 0001:00035df2       _TlsAlloc@0                10036df2 f   kernel32:KERNEL32.dll
 0001:00035df8       _TlsGetValue@4             10036df8 f   kernel32:KERNEL32.dll
 0001:00035dfe       _TlsSetValue@8             10036dfe f   kernel32:KERNEL32.dll
 0001:00035e04       _TlsFree@4                 10036e04 f   kernel32:KERNEL32.dll
 0001:00035e0a       _GetStartupInfoW@4         10036e0a f   kernel32:KERNEL32.dll
 0001:00035e10       _GetTickCount@0            10036e10 f   kernel32:KERNEL32.dll
 0001:00035e16       _GetModuleHandleW@4        10036e16 f   kernel32:KERNEL32.dll
 0001:00035e1c       _CreateSemaphoreW@16       10036e1c f   kernel32:KERNEL32.dll
 0001:00035e22       _DeleteCriticalSection@4   10036e22 f   kernel32:KERNEL32.dll
 0001:00035e28       _FatalAppExitA@8           10036e28 f   kernel32:KERNEL32.dll
 0001:00035e2e       _SetConsoleCtrlHandler@8   10036e2e f   kernel32:KERNEL32.dll
 0001:00035e34       _FreeLibrary@4             10036e34 f   kernel32:KERNEL32.dll
 0001:00035e3a       _LoadLibraryExW@12         10036e3a f   kernel32:KERNEL32.dll
 0001:00035e40       _IsValidCodePage@4         10036e40 f   kernel32:KERNEL32.dll
 0001:00035e46       _GetACP@0                  10036e46 f   kernel32:KERNEL32.dll
 0001:00035e4c       _GetOEMCP@0                10036e4c f   kernel32:KERNEL32.dll
 0001:00035e52       _GetCPInfo@8               10036e52 f   kernel32:KERNEL32.dll
 0001:00035e58       _CloseHandle@4             10036e58 f   kernel32:KERNEL32.dll
 0001:00035e5e       _RtlUnwind@16              10036e5e f   kernel32:KERNEL32.dll
 0001:00035e64       _ReadFile@20               10036e64 f   kernel32:KERNEL32.dll
 0001:00035e6a       _GetConsoleMode@8          10036e6a f   kernel32:KERNEL32.dll
 0001:00035e70       _ReadConsoleW@20           10036e70 f   kernel32:KERNEL32.dll
 0001:00035e76       _GetConsoleCP@0            10036e76 f   kernel32:KERNEL32.dll
 0001:00035e7c       _DeleteFileW@4             10036e7c f   kernel32:KERNEL32.dll
 0001:00035e82       _SetFilePointerEx@20       10036e82 f   kernel32:KERNEL32.dll
 0001:00035e88       _RaiseException@16         10036e88 f   kernel32:KERNEL32.dll
 0001:00035e8e       _OutputDebugStringW@4      10036e8e f   kernel32:KERNEL32.dll
 0001:00035e94       _GetCurrentThread@0        10036e94 f   kernel32:KERNEL32.dll
 0001:00035e9a       _GetModuleFileNameA@12     10036e9a f   kernel32:KERNEL32.dll
 0001:00035ea0       _QueryPerformanceCounter@4 10036ea0 f   kernel32:KERNEL32.dll
 0001:00035ea6       _GetCurrentProcessId@0     10036ea6 f   kernel32:KERNEL32.dll
 0001:00035eac       _GetSystemTimeAsFileTime@4 10036eac f   kernel32:KERNEL32.dll
 0001:00035eb2       _GetEnvironmentStringsW@0  10036eb2 f   kernel32:KERNEL32.dll
 0001:00035eb8       _FreeEnvironmentStringsW@4 10036eb8 f   kernel32:KERNEL32.dll
 0001:00035ebe       _HeapSize@12               10036ebe f   kernel32:KERNEL32.dll
 0001:00035ec4       _GetDateFormatW@24         10036ec4 f   kernel32:KERNEL32.dll
 0001:00035eca       _GetTimeFormatW@24         10036eca f   kernel32:KERNEL32.dll
 0001:00035ed0       _CompareStringW@24         10036ed0 f   kernel32:KERNEL32.dll
 0001:00035ed6       _LCMapStringW@24           10036ed6 f   kernel32:KERNEL32.dll
 0001:00035edc       _GetLocaleInfoW@16         10036edc f   kernel32:KERNEL32.dll
 0001:00035ee2       _IsValidLocale@8           10036ee2 f   kernel32:KERNEL32.dll
 0001:00035ee8       _GetUserDefaultLCID@0      10036ee8 f   kernel32:KERNEL32.dll
 0001:00035eee       _EnumSystemLocalesW@8      10036eee f   kernel32:KERNEL32.dll
 0001:00035ef4       _GetStringTypeW@16         10036ef4 f   kernel32:KERNEL32.dll
 0001:00035efa       _FlushFileBuffers@4        10036efa f   kernel32:KERNEL32.dll
 0001:00035f00       _SetStdHandle@8            10036f00 f   kernel32:KERNEL32.dll
 0001:00035f06       _CreateFileW@28            10036f06 f   kernel32:KERNEL32.dll
 0001:00035f0c       _SetEndOfFile@4            10036f0c f   kernel32:KERNEL32.dll
 0002:00000000       ___xc_a                    10042000     LIBCMT:crt0init.obj
 0002:00000104       ___xc_z                    10042104     LIBCMT:crt0init.obj
 0002:00000208       ___xi_a                    10042208     LIBCMT:crt0init.obj
 0002:00000424       ___xi_z                    10042424     LIBCMT:crt0init.obj
 0002:00000528       ___xp_a                    10042528     LIBCMT:crt0init.obj
 0002:0000083c       ___xp_z                    1004283c     LIBCMT:crt0init.obj
 0002:00000940       ___xt_a                    10042940     LIBCMT:crt0init.obj
 0002:00000a44       ___xt_z                    10042a44     LIBCMT:crt0init.obj
 0002:00000b88       _FingerStrokeAssistance_M  10042b88     FingerStrokeAssistance.obj
 0002:00000b8c       ??_C@_0BI@PBFPDHLE@Error?5creating?5scope?54?6?$AA@ 10042b8c     FingerStrokeAssistance.obj
 0002:00000ba8       ??_C@_0BP@BLNLPCCJ@HL?5Controller?1Multiport?5Switch?$AA@ 10042ba8     FingerStrokeAssistance.obj
 0002:00000bd0       ??_C@_0L@NEPEIPFM@Robot?1Gain?$AA@ 10042bd0     FingerStrokeAssistance.obj
 0002:00000be0       ??_C@_0BF@BBMGCHIE@LL?5Controller?1Sum?1s1?$AA@ 10042be0     FingerStrokeAssistance.obj
 0002:00000bfc       ??_C@_0BI@PFNCELAG@Error?5creating?5scope?52?6?$AA@ 10042bfc     FingerStrokeAssistance.obj
 0002:00000c18       ??_C@_0BF@ENIEHMOD@signals?1sigGravAccel?$AA@ 10042c18     FingerStrokeAssistance.obj
 0002:00000c34       ??_C@_0BI@PEBACBDB@Error?5creating?5scope?53?6?$AA@ 10042c34     FingerStrokeAssistance.obj
 0002:00000c50       ??_C@_0CN@LPKEPDKF@LL?5Controller?1Discrete?5PID?5Contr@ 10042c50     FingerStrokeAssistance.obj
 0002:00000c88       ??_C@_0CN@JEIJKAGG@LL?5Controller?1Discrete?5PID?5Contr@ 10042c88     FingerStrokeAssistance.obj
[...]
 0003:00003e2c       __stdbuf                   1005ae2c     LIBCMT:_sftbuf.obj
 0003:00003f88       __maxwait                  1005af88     LIBCMT:crtheap.obj
 0003:00003f8c       ?__pInconsistency@@3P6AXXZA 1005af8c     LIBCMT:hooks.obj
 0003:00003f90       ___pPurecall               1005af90     LIBCMT:inithelp.obj
 0003:00003fac       ___mbcodepage              1005afac     LIBCMT:mbctype.obj
 0003:00003fb0       ___ismbcodepage            1005afb0     LIBCMT:mbctype.obj
 0003:00003fb4       ___mbulinfo                1005afb4     LIBCMT:mbctype.obj
 0003:00003fc0       ___mblocalename            1005afc0     LIBCMT:mbctype.obj
 0003:00003fc8       ___pioinfo                 1005afc8     LIBCMT:ioinit.obj
 0003:000040c8       ___error_mode              1005b0c8     LIBCMT:errmode.obj
 0003:000041e8       __outputformat             1005b1e8     LIBCMT:outputformat.obj
 0003:000041f0       __commode                  1005b1f0     LIBCMT:ncommode.obj
 0003:000041f4       ___lconv_static_null       1005b1f4     LIBCMT:lconv.obj
 0003:000041f8       ___lconv_static_W_null     1005b1f8     LIBCMT:lconv.obj
 0003:000041fc       ___locale_changed          1005b1fc     LIBCMT:wsetloca.obj
 0003:00004200       __fmode                    1005b200     LIBCMT:txtmode.obj
 0003:00004220       _CANAC2_2_receiveindex_mb3 1005b220     <common>
 0003:000072f4       _CANAC2_2_receivemaxindex_mb3 1005e2f4     <common>
 0003:00007300       _CANAC2_2_sendindex_mb3    1005e300     <common>
 0003:00007620       _CANAC2_2_sendmaxindex_mb3 1005e620     <common>
 0003:00007640       _CANAC2_1_receiveindex_mb3 1005e640     <common>
 0003:00007960       _CANAC2_1_receivemaxindex_mb3 1005e960     <common>
 0003:00007980       _CANAC2_1_sendindex_mb3    1005e980     <common>
 0003:00007ca0       _CANAC2_1_sendmaxindex_mb3 1005eca0     <common>
 0003:00007cc0       _CANAC2_2_receive_mb3      1005ecc0     <common>
 0003:00007fe0       _CANAC2_2_send_mb3         1005efe0     <common>
 0003:00008300       _CANAC2_1_receive_mb3      1005f300     <common>
 0003:00008620       _CANAC2_1_send_mb3         1005f620     <common>
 0003:00008940       _CANAC2_2_receiveindex_mb2 1005f940     <common>
 0003:00008c60       _CANAC2_2_receivemaxindex_mb2 1005fc60     <common>
 0003:00008c80       _CANAC2_2_sendindex_mb2    1005fc80     <common>
 0003:00008fa0       _CANAC2_2_sendmaxindex_mb2 1005ffa0     <common>
 0003:00008fc0       _CANAC2_1_receiveindex_mb2 1005ffc0     <common>
 0003:000092e0       _CANAC2_1_receivemaxindex_mb2 100602e0     <common>
 0003:00009300       _CANAC2_1_sendindex_mb2    10060300     <common>
 0003:00009620       _CANAC2_1_sendmaxindex_mb2 10060620     <common>
 0003:00009640       _CANAC2_2_receive_mb2      10060640     <common>
 0003:00009960       _CANAC2_2_send_mb2         10060960     <common>
 0003:00009c80       _CANAC2_1_receive_mb2      10060c80     <common>
 0003:00009fa0       _CANAC2_1_send_mb2         10060fa0     <common>
 0003:0000a2c0       _CANAC2_2_receiveindex_mb1 100612c0     <common>
 0003:0000a5e0       _CANAC2_2_receivemaxindex_mb1 100615e0     <common>
 0003:0000a600       _CANAC2_2_sendindex_mb1    10061600     <common>
 0003:0000a920       _CANAC2_2_sendmaxindex_mb1 10061920     <common>
 0003:0000a940       _CANAC2_1_receiveindex_mb1 10061940     <common>
 0003:0000ac60       _CANAC2_1_receivemaxindex_mb1 10061c60     <common>
 0003:0000ac80       _CANAC2_1_sendindex_mb1    10061c80     <common>
 0003:0000afa0       _CANAC2_1_sendmaxindex_mb1 10061fa0     <common>
 0003:0000afc0       _CANAC2_2_receive_mb1      10061fc0     <common>
 0003:0000b2e0       _CANAC2_2_send_mb1         100622e0     <common>
 0003:0000b600       _CANAC2_1_receive_mb1      10062600     <common>
 0003:0000b920       _CANAC2_1_send_mb1         10062920     <common>
 0003:0000bc40       _CANAC2_2_receiveindex     10062c40     <common>
 0003:0000bf60       _CANAC2_2_receivemaxindex  10062f60     <common>
 0003:0000bf80       _CANAC2_2_sendindex        10062f80     <common>
 0003:0000c2a0       _CANAC2_2_sendmaxindex     100632a0     <common>
 0003:0000c2c0       _CANAC2_1_receiveindex     100632c0     <common>
 0003:0000c5e0       _CANAC2_1_receivemaxindex  100635e0     <common>
 0003:0000c600       _CANAC2_1_sendindex        10063600     <common>
 0003:0000c920       _CANAC2_1_sendmaxindex     10063920     <common>
 0003:0000c940       _CANAC2_2_receive          10063940     <common>
 0003:0000cc60       _CANAC2_2_send             10063c60     <common>
 0003:0000cf80       _CANAC2_1_receive          10063f80     <common>
 0003:0000d2a0       _CANAC2_1_send             100642a0     <common>
 0003:0000d5c0       _siepowercan_can_object_buffer_port2 100645c0     <common>
 0003:000115e0       _siepowercan_can_object_buffer_port1 100685e0     <common>
 0003:000155e0       _rtNaNF                    1006c5e0     <common>
 0003:000155f4       _rtMinusInfF               1006c5f4     <common>
 0003:000155f8       _rtInfF                    1006c5f8     <common>
 0003:00015600       _rtNaN                     1006c600     <common>
 0003:00015608       _rtMinusInf                1006c608     <common>
 0003:00015610       _rtInf                     1006c610     <common>
 0003:00015620       _FingerStrokeAssistance_DW 1006c620     <common>
 0003:00015f60       _FingerStrokeAssistance_B  1006cf60     <common>
 0003:000164a0       _FingerStrokeAssistance_M_ 1006d4a0     <common>
 0003:00017a58       _xpceaddEvent              1006ea58     <common>
 0003:00017aa8       _xpceDeRegisterISR         1006eaa8     <common>
 0003:00017aac       _xpceRegisterISR           1006eaac     <common>
 0003:00017ab0       _xpcIsModelInit            1006eab0     <common>
 0003:00017ab4       _xpcGetElapsedTime         1006eab4     <common>
 0003:00017ab8       _xpcBusyWait               1006eab8     <common>
 0003:00017abc       _xpcFreePhysicalMemory     1006eabc     <common>
 0003:00017ac0       _xpcAllocPhysicalMemory    1006eac0     <common>
 0003:00017ac4       _xpcReserveMemoryRegion    1006eac4     <common>
 0003:00017ac8       _xpcOutpB                  1006eac8     <common>
 0003:00017acc       _xpcOutpW                  1006eacc     <common>
 0003:00017ad0       _xpcOutpDW                 1006ead0     <common>
 0003:00017ad4       _xpcInpB                   1006ead4     <common>
 0003:00017ad8       _xpcInpW                   1006ead8     <common>
 0003:00017adc       _xpcInpDW                  1006eadc     <common>
 0003:00017ae0       _slTestRegAssessment       1006eae0     <common>
 0003:00017ae4       _slTestTerminate           1006eae4     <common>
 0003:00017ae8       _slTestEvalOnFail          1006eae8     <common>
 0003:00017aec       _slTestLogAssessments      1006eaec     <common>
 0003:00017af0       _slTestInitialize          1006eaf0     <common>
 0003:00017af4       _unRegisterPTPTimeRead     1006eaf4     <common>
 0003:00017af8       _registerPTPTimeRead       1006eaf8     <common>
 0003:00017afc       _slrteGetCurrentStepSize   1006eafc     <common>
 0003:00017b00       _slrteSetStepSizeDelta     1006eb00     <common>
 0003:00017b04       _xpceGetIntTimerGranularityNS 1006eb04     <common>
 0003:00017b08       _sendToAsyncQueueTgtAppSvc 1006eb08     <common>
 0003:00017b0c       _terminateToAsyncQueueTgtAppSvc 1006eb0c     <common>
 0003:00017b10       _startToAsyncQueueTgtAppSvc 1006eb10     <common>
 0003:00017b14       _getStatusFlags            1006eb14     <common>
 0003:00017b18       _getCommService            1006eb18     <common>
 0003:00017b1c       _getMemoryService          1006eb1c     <common>
 0003:00017b20       _StreamVideo               1006eb20     <common>
 0003:00017b24       _StopVideoDisplay          1006eb24     <common>
 0003:00017b28       _StartVideoDisplay         1006eb28     <common>
 0003:00017b2c       _DestroyVideoDisplay       1006eb2c     <common>
 0003:00017b30       _CreateVideoDisplay        1006eb30     <common>
 0003:00017b34       _ConvertUImage             1006eb34     <common>
 0003:00017b38       _StopVideo                 1006eb38     <common>
 0003:00017b3c       _ReadFrameBuffer           1006eb3c     <common>
 0003:00017b40       _StartVideo                1006eb40     <common>
 0003:00017b44       _GetVideoConfigs           1006eb44     <common>
 0003:00017b48       _FindUsbVideoDevice        1006eb48     <common>
 0003:00017b4c       _xpceDeleteSemaphore       1006eb4c     <common>
 0003:00017b50       _xpceSignalSemaphore       1006eb50     <common>
 0003:00017b54       _xpceWaitSemaphore         1006eb54     <common>
 0003:00017b58       _xpceCreateSemaphore       1006eb58     <common>
 0003:00017b5c       _TBGiveSpinFast            1006eb5c     <common>
 0003:00017b60       _TBTakeSpinFast            1006eb60     <common>
 0003:00017b64       _TBDeleteSpin              1006eb64     <common>
 0003:00017b68       _TBCreateSpin              1006eb68     <common>
 0003:00017b6c       _xpceScopeAcqOK            1006eb6c     <common>
 0003:00017b70       _rl32eRestartAcquisition   1006eb70     <common>
 0003:00017b74       _rl32eSetTargetScopeSigFt  1006eb74     <common>
 0003:00017b78       _rl32eSetTargetScope       1006eb78     <common>
 0003:00017b7c       _xpceFSScopeSet            1006eb7c     <common>
 0003:00017b80       _rl32eSetScope             1006eb80     <common>
 0003:00017b84       _rl32eAddSignal            1006eb84     <common>
 0003:00017b88       _rl32eGetSignalNo          1006eb88     <common>
 0003:00017b8c       _rl32eDefScope             1006eb8c     <common>
 0003:00017b90       _rl32eScopeExists          1006eb90     <common>
 0003:00017b94       _xpceUDPClose              1006eb94     <common>
 0003:00017b98       _xpceUDPReceive            1006eb98     <common>
 0003:00017b9c       _xpceUDPSend               1006eb9c     <common>
 0003:00017ba0       _xpceUDPOpenReceive        1006eba0     <common>
 0003:00017ba4       _xpceUDPOpenSend           1006eba4     <common>
 0003:00017ba8       _rl32eSendBlock            1006eba8     <common>
 0003:00017bac       _rl32eLineStatus           1006ebac     <common>
 0003:00017bb0       _rl32eReceiveBufferCount   1006ebb0     <common>
 0003:00017bb4       _rl32eReceiveChar          1006ebb4     <common>
 0003:00017bb8       _rl32eSendChar             1006ebb8     <common>
 0003:00017bbc       _rl32eCloseCOMPort         1006ebbc     <common>
 0003:00017bc0       _rl32eInitCOMPort          1006ebc0     <common>
 0003:00017bc4       _xpceGetParamDims          1006ebc4     <common>
 0003:00017bc8       _xpceGetParameter          1006ebc8     <common>
 0003:00017bcc       _xpceSetParameter          1006ebcc     <common>
 0003:00017bd0       _xpceGetSignalValue        1006ebd0     <common>
 0003:00017bd4       _xpceAssignPCIInterrupt    1006ebd4     <common>
 0003:00017bd8       _rl32eGetPCIInfoAtSlot     1006ebd8     <common>
 0003:00017bdc       _rl32eGetPCIInfo           1006ebdc     <common>
 0003:00017be0       _rl32eShowPCIInfo          1006ebe0     <common>
 0003:00017be4       _rl32eShowPCIDev           1006ebe4     <common>
 0003:00017be8       _xpceGetTET                1006ebe8     <common>
 0003:00017bec       _xpceFTSubtract            1006ebec     <common>
 0003:00017bf0       _xpceFTAdd                 1006ebf0     <common>
 0003:00017bf4       _xpceFTReadTime            1006ebf4     <common>
 0003:00017bf8       ___unguarded_readlc_active 1006ebf8     <common>
 0003:00017c08       ___setlc_active            1006ec08     <common>
 0003:00017c0c       __nhandle                  1006ec0c     <common>
 0003:00017c20       _encodedKERNEL32Functions  1006ec20     <common>
 0003:00017cc8       __debugger_hook_dummy      1006ecc8     <common>
 0003:00017cd4       ___use_sse2_mathfcns       1006ecd4     <common>
 0003:00017ce0       __pmatherr                 1006ece0     <common>
 0003:00017cec       __pDestructExceptionObject 1006ecec     <common>
 0003:00017cf8       __acmdln                   1006ecf8     <common>
 0003:00017d20       __bufin                    1006ed20     <common>
 0003:0001905c       ___piob                    1007005c     <common>
 0003:00019060       __nstream                  10070060     <common>
 0003:00019064       ___dyn_tls_init_callback   10070064     <common>
 0003:00019074       ___onexitend               10070074     <common>
 0003:00019078       ___onexitbegin             10070078     <common>
 0003:0001907c       ___mbctype_initialized     1007007c     <common>
 0003:00019080       ___env_initialized         10070080     <common>
 0004:00000000       __imp__GetModuleHandleA@4  10071000     kernel32:KERNEL32.dll
 0004:00000004       __imp__GetProcAddress@8    10071004     kernel32:KERNEL32.dll
 0004:00000008       __imp__HeapAlloc@12        10071008     kernel32:KERNEL32.dll
 0004:0000000c       __imp__IsDebuggerPresent@0 1007100c     kernel32:KERNEL32.dll
 0004:00000010       __imp__IsProcessorFeaturePresent@4 10071010     kernel32:KERNEL32.dll
 0004:00000014       __imp__EncodePointer@4     10071014     kernel32:KERNEL32.dll
 0004:00000018       __imp__DecodePointer@4     10071018     kernel32:KERNEL32.dll
 0004:0000001c       __imp__GetLastError@0      1007101c     kernel32:KERNEL32.dll
 0004:00000020       __imp__ExitProcess@4       10071020     kernel32:KERNEL32.dll
 0004:00000024       __imp__GetModuleHandleExW@12 10071024     kernel32:KERNEL32.dll
 0004:00000028       __imp__AreFileApisANSI@0   10071028     kernel32:KERNEL32.dll
 0004:0000002c       __imp__MultiByteToWideChar@24 1007102c     kernel32:KERNEL32.dll
 0004:00000030       __imp__WideCharToMultiByte@32 10071030     kernel32:KERNEL32.dll
 0004:00000034       __imp__HeapFree@12         10071034     kernel32:KERNEL32.dll
 0004:00000038       __imp__HeapReAlloc@16      10071038     kernel32:KERNEL32.dll
 0004:0000003c       __imp__EnterCriticalSection@4 1007103c     kernel32:KERNEL32.dll
 0004:00000040       __imp__LeaveCriticalSection@4 10071040     kernel32:KERNEL32.dll
 0004:00000044       __imp__GetStdHandle@4      10071044     kernel32:KERNEL32.dll
 0004:00000048       __imp__GetFileType@4       10071048     kernel32:KERNEL32.dll
 0004:0000004c       __imp__GetModuleFileNameW@12 1007104c     kernel32:KERNEL32.dll
 0004:00000050       __imp__WriteConsoleW@20    10071050     kernel32:KERNEL32.dll
 0004:00000054       __imp__GetCommandLineA@0   10071054     kernel32:KERNEL32.dll
 0004:00000058       __imp__GetCurrentThreadId@0 10071058     kernel32:KERNEL32.dll
 0004:0000005c       __imp__WriteFile@20        1007105c     kernel32:KERNEL32.dll
 0004:00000060       __imp__GetProcessHeap@0    10071060     kernel32:KERNEL32.dll
 0004:00000064       __imp__UnhandledExceptionFilter@4 10071064     kernel32:KERNEL32.dll
 0004:00000068       __imp__SetUnhandledExceptionFilter@4 10071068     kernel32:KERNEL32.dll
 0004:0000006c       __imp__SetLastError@4      1007106c     kernel32:KERNEL32.dll
 0004:00000070       __imp__InitializeCriticalSectionAndSpinCount@8 10071070     kernel32:KERNEL32.dll
 0004:00000074       __imp__CreateEventW@16     10071074     kernel32:KERNEL32.dll
 0004:00000078       __imp__Sleep@4             10071078     kernel32:KERNEL32.dll
 0004:0000007c       __imp__GetCurrentProcess@0 1007107c     kernel32:KERNEL32.dll
 0004:00000080       __imp__TerminateProcess@8  10071080     kernel32:KERNEL32.dll
 0004:00000084       __imp__TlsAlloc@0          10071084     kernel32:KERNEL32.dll
 0004:00000088       __imp__TlsGetValue@4       10071088     kernel32:KERNEL32.dll
 0004:0000008c       __imp__TlsSetValue@8       1007108c     kernel32:KERNEL32.dll
 0004:00000090       __imp__TlsFree@4           10071090     kernel32:KERNEL32.dll
 0004:00000094       __imp__GetStartupInfoW@4   10071094     kernel32:KERNEL32.dll
 0004:00000098       __imp__GetTickCount@0      10071098     kernel32:KERNEL32.dll
 0004:0000009c       __imp__GetModuleHandleW@4  1007109c     kernel32:KERNEL32.dll
 0004:000000a0       __imp__CreateSemaphoreW@16 100710a0     kernel32:KERNEL32.dll
 0004:000000a4       __imp__DeleteCriticalSection@4 100710a4     kernel32:KERNEL32.dll
 0004:000000a8       __imp__FatalAppExitA@8     100710a8     kernel32:KERNEL32.dll
 0004:000000ac       __imp__SetConsoleCtrlHandler@8 100710ac     kernel32:KERNEL32.dll
 0004:000000b0       __imp__FreeLibrary@4       100710b0     kernel32:KERNEL32.dll
 0004:000000b4       __imp__LoadLibraryExW@12   100710b4     kernel32:KERNEL32.dll
 0004:000000b8       __imp__IsValidCodePage@4   100710b8     kernel32:KERNEL32.dll
 0004:000000bc       __imp__GetACP@0            100710bc     kernel32:KERNEL32.dll
 0004:000000c0       __imp__GetOEMCP@0          100710c0     kernel32:KERNEL32.dll
 0004:000000c4       __imp__GetCPInfo@8         100710c4     kernel32:KERNEL32.dll
 0004:000000c8       __imp__CloseHandle@4       100710c8     kernel32:KERNEL32.dll
 0004:000000cc       __imp__RtlUnwind@16        100710cc     kernel32:KERNEL32.dll
 0004:000000d0       __imp__ReadFile@20         100710d0     kernel32:KERNEL32.dll
 0004:000000d4       __imp__GetConsoleMode@8    100710d4     kernel32:KERNEL32.dll
 0004:000000d8       __imp__ReadConsoleW@20     100710d8     kernel32:KERNEL32.dll
 0004:000000dc       __imp__GetConsoleCP@0      100710dc     kernel32:KERNEL32.dll
 0004:000000e0       __imp__DeleteFileW@4       100710e0     kernel32:KERNEL32.dll
 0004:000000e4       __imp__SetFilePointerEx@20 100710e4     kernel32:KERNEL32.dll
 0004:000000e8       __imp__RaiseException@16   100710e8     kernel32:KERNEL32.dll
 0004:000000ec       __imp__OutputDebugStringW@4 100710ec     kernel32:KERNEL32.dll
 0004:000000f0       __imp__GetCurrentThread@0  100710f0     kernel32:KERNEL32.dll
 0004:000000f4       __imp__GetModuleFileNameA@12 100710f4     kernel32:KERNEL32.dll
 0004:000000f8       __imp__QueryPerformanceCounter@4 100710f8     kernel32:KERNEL32.dll
 0004:000000fc       __imp__GetCurrentProcessId@0 100710fc     kernel32:KERNEL32.dll
 0004:00000100       __imp__GetSystemTimeAsFileTime@4 10071100     kernel32:KERNEL32.dll
 0004:00000104       __imp__GetEnvironmentStringsW@0 10071104     kernel32:KERNEL32.dll
 0004:00000108       __imp__FreeEnvironmentStringsW@4 10071108     kernel32:KERNEL32.dll
 0004:0000010c       __imp__HeapSize@12         1007110c     kernel32:KERNEL32.dll
 0004:00000110       __imp__GetDateFormatW@24   10071110     kernel32:KERNEL32.dll
 0004:00000114       __imp__GetTimeFormatW@24   10071114     kernel32:KERNEL32.dll
 0004:00000118       __imp__CompareStringW@24   10071118     kernel32:KERNEL32.dll
 0004:0000011c       __imp__LCMapStringW@24     1007111c     kernel32:KERNEL32.dll
 0004:00000120       __imp__GetLocaleInfoW@16   10071120     kernel32:KERNEL32.dll
 0004:00000124       __imp__IsValidLocale@8     10071124     kernel32:KERNEL32.dll
 0004:00000128       __imp__GetUserDefaultLCID@0 10071128     kernel32:KERNEL32.dll
 0004:0000012c       __imp__EnumSystemLocalesW@8 1007112c     kernel32:KERNEL32.dll
 0004:00000130       __imp__GetStringTypeW@16   10071130     kernel32:KERNEL32.dll
 0004:00000134       __imp__FlushFileBuffers@4  10071134     kernel32:KERNEL32.dll
 0004:00000138       __imp__SetStdHandle@8      10071138     kernel32:KERNEL32.dll
 0004:0000013c       __imp__CreateFileW@28      1007113c     kernel32:KERNEL32.dll
 0004:00000140       __imp__SetEndOfFile@4      10071140     kernel32:KERNEL32.dll
 0004:00000144       \177KERNEL32_NULL_THUNK_DATA 10071144     kernel32:KERNEL32.dll
 0004:000001b0       __IMPORT_DESCRIPTOR_KERNEL32 100711b0     kernel32:KERNEL32.dll
 0004:000001c4       __NULL_IMPORT_DESCRIPTOR   100711c4     kernel32:KERNEL32.dll

 entry point at        0001:000163b3

